Archive member included to satisfy reference by file (symbol)

c:/nxp/mcuxpressoide_11.6.0_8187/ide/plugins/com.nxp.mcuxpresso.tools.win32_11.6.0.202112161359/tools/bin/../lib/gcc/arm-none-eabi/10.3.1/../../../../arm-none-eabi/lib/thumb/v7e-m+fp/hard\libcr_semihost_nf.a(_cr__main.o)
                              ./startup/startup_mkv42f16.o (__main)
c:/nxp/mcuxpressoide_11.6.0_8187/ide/plugins/com.nxp.mcuxpresso.tools.win32_11.6.0.202112161359/tools/bin/../lib/gcc/arm-none-eabi/10.3.1/../../../../arm-none-eabi/lib/thumb/v7e-m+fp/hard\libcr_semihost_nf.a(_cr_assert.o)
                              ./utilities/fsl_debug_console.o (__assertion_failed)
c:/nxp/mcuxpressoide_11.6.0_8187/ide/plugins/com.nxp.mcuxpresso.tools.win32_11.6.0.202112161359/tools/bin/../lib/gcc/arm-none-eabi/10.3.1/../../../../arm-none-eabi/lib/thumb/v7e-m+fp/hard\libcr_semihost_nf.a(__ciob.o)
                              c:/nxp/mcuxpressoide_11.6.0_8187/ide/plugins/com.nxp.mcuxpresso.tools.win32_11.6.0.202112161359/tools/bin/../lib/gcc/arm-none-eabi/10.3.1/../../../../arm-none-eabi/lib/thumb/v7e-m+fp/hard\libcr_semihost_nf.a(_cr_assert.o) (__Ciob)
c:/nxp/mcuxpressoide_11.6.0_8187/ide/plugins/com.nxp.mcuxpresso.tools.win32_11.6.0.202112161359/tools/bin/../lib/gcc/arm-none-eabi/10.3.1/../../../../arm-none-eabi/lib/thumb/v7e-m+fp/hard\libcr_semihost_nf.a(__sys_appexit.o)
                              c:/nxp/mcuxpressoide_11.6.0_8187/ide/plugins/com.nxp.mcuxpresso.tools.win32_11.6.0.202112161359/tools/bin/../lib/gcc/arm-none-eabi/10.3.1/../../../../arm-none-eabi/lib/thumb/v7e-m+fp/hard\libcr_semihost_nf.a(_cr_assert.o) (__sys_appexit)
c:/nxp/mcuxpressoide_11.6.0_8187/ide/plugins/com.nxp.mcuxpresso.tools.win32_11.6.0.202112161359/tools/bin/../lib/gcc/arm-none-eabi/10.3.1/../../../../arm-none-eabi/lib/thumb/v7e-m+fp/hard\libcr_c.a(memcpy.o)
                              ./utilities/fsl_str.o (memcpy)
c:/nxp/mcuxpressoide_11.6.0_8187/ide/plugins/com.nxp.mcuxpresso.tools.win32_11.6.0.202112161359/tools/bin/../lib/gcc/arm-none-eabi/10.3.1/../../../../arm-none-eabi/lib/thumb/v7e-m+fp/hard\libcr_c.a(memset.o)
                              ./drivers/fsl_cadc.o (memset)
c:/nxp/mcuxpressoide_11.6.0_8187/ide/plugins/com.nxp.mcuxpresso.tools.win32_11.6.0.202112161359/tools/bin/../lib/gcc/arm-none-eabi/10.3.1/../../../../arm-none-eabi/lib/thumb/v7e-m+fp/hard\libcr_c.a(_deferredlazyseek.o)
                              c:/nxp/mcuxpressoide_11.6.0_8187/ide/plugins/com.nxp.mcuxpresso.tools.win32_11.6.0.202112161359/tools/bin/../lib/gcc/arm-none-eabi/10.3.1/../../../../arm-none-eabi/lib/thumb/v7e-m+fp/hard\libcr_semihost_nf.a(_cr_assert.o) (__flsbuf)
c:/nxp/mcuxpressoide_11.6.0_8187/ide/plugins/com.nxp.mcuxpresso.tools.win32_11.6.0.202112161359/tools/bin/../lib/gcc/arm-none-eabi/10.3.1/../../../../arm-none-eabi/lib/thumb/v7e-m+fp/hard\libcr_c.a(_fflush.o)
                              c:/nxp/mcuxpressoide_11.6.0_8187/ide/plugins/com.nxp.mcuxpresso.tools.win32_11.6.0.202112161359/tools/bin/../lib/gcc/arm-none-eabi/10.3.1/../../../../arm-none-eabi/lib/thumb/v7e-m+fp/hard\libcr_c.a(_deferredlazyseek.o) (_fflush)
c:/nxp/mcuxpressoide_11.6.0_8187/ide/plugins/com.nxp.mcuxpresso.tools.win32_11.6.0.202112161359/tools/bin/../lib/gcc/arm-none-eabi/10.3.1/../../../../arm-none-eabi/lib/thumb/v7e-m+fp/hard\libcr_c.a(_writebuf.o)
                              c:/nxp/mcuxpressoide_11.6.0_8187/ide/plugins/com.nxp.mcuxpresso.tools.win32_11.6.0.202112161359/tools/bin/../lib/gcc/arm-none-eabi/10.3.1/../../../../arm-none-eabi/lib/thumb/v7e-m+fp/hard\libcr_c.a(_deferredlazyseek.o) (_Cwritebuf)
c:/nxp/mcuxpressoide_11.6.0_8187/ide/plugins/com.nxp.mcuxpresso.tools.win32_11.6.0.202112161359/tools/bin/../lib/gcc/arm-none-eabi/10.3.1/../../../../arm-none-eabi/lib/thumb/v7e-m+fp/hard\libcr_c.a(alloc.o)
                              ./drivers/fsl_common.o (malloc)
c:/nxp/mcuxpressoide_11.6.0_8187/ide/plugins/com.nxp.mcuxpresso.tools.win32_11.6.0.202112161359/tools/bin/../lib/gcc/arm-none-eabi/10.3.1/../../../../arm-none-eabi/lib/thumb/v7e-m+fp/hard\libcr_c.a(fputs.o)
                              c:/nxp/mcuxpressoide_11.6.0_8187/ide/plugins/com.nxp.mcuxpresso.tools.win32_11.6.0.202112161359/tools/bin/../lib/gcc/arm-none-eabi/10.3.1/../../../../arm-none-eabi/lib/thumb/v7e-m+fp/hard\libcr_semihost_nf.a(_cr_assert.o) (fputs)
c:/nxp/mcuxpressoide_11.6.0_8187/ide/plugins/com.nxp.mcuxpresso.tools.win32_11.6.0.202112161359/tools/bin/../lib/gcc/arm-none-eabi/10.3.1/../../../../arm-none-eabi/lib/thumb/v7e-m+fp/hard\libcr_c.a(fseek.o)
                              c:/nxp/mcuxpressoide_11.6.0_8187/ide/plugins/com.nxp.mcuxpresso.tools.win32_11.6.0.202112161359/tools/bin/../lib/gcc/arm-none-eabi/10.3.1/../../../../arm-none-eabi/lib/thumb/v7e-m+fp/hard\libcr_c.a(_deferredlazyseek.o) (fseek)
c:/nxp/mcuxpressoide_11.6.0_8187/ide/plugins/com.nxp.mcuxpresso.tools.win32_11.6.0.202112161359/tools/bin/../lib/gcc/arm-none-eabi/10.3.1/../../../../arm-none-eabi/lib/thumb/v7e-m+fp/hard\libcr_c.a(ftell.o)
[...]
Memory Configuration

Name             Origin             Length             Attributes
PROGRAM_FLASH    0x00000000         0x00010000         xr
SRAM_UPPER       0x20000000         0x00002000         xrw
SRAM_LOWER       0x1fffe000         0x00002000         xrw
*default*        0x00000000         0xffffffff

Linker script and memory map

LOAD ./utilities/fsl_debug_console.o
LOAD ./utilities/fsl_str.o
LOAD ./startup/startup_mkv42f16.o
LOAD ./my_source/MKV42F16_Project_5_may.o
LOAD ./my_source/semihost_hardfault.o
LOAD ./drivers/fsl_cadc.o
LOAD ./drivers/fsl_clock.o
LOAD ./drivers/fsl_common.o
LOAD ./drivers/fsl_enc.o
LOAD ./drivers/fsl_ftm.o
LOAD ./drivers/fsl_gpio.o
LOAD ./drivers/fsl_smc.o
LOAD ./drivers/fsl_uart.o
LOAD ./drivers/fsl_xbara.o
LOAD ./device/system_MKV42F16.o
LOAD ./component/uart/uart_adapter.o
LOAD ./component/serial_manager/serial_manager.o
LOAD ./component/serial_manager/serial_port_swo.o
LOAD ./component/serial_manager/serial_port_uart.o
LOAD ./component/lists/generic_list.o
LOAD ./board/board.o
LOAD ./board/clock_config.o
LOAD ./board/peripherals.o
LOAD ./board/pin_mux.o
LOAD ./PMSM_Library/PMSM_motor_lib.o
LOAD ./PMSM_Library/PMSM_pid_lib.o
LOAD ./PMSM_Library/PMSM_uart_lib.o
START GROUP
LOAD c:/nxp/mcuxpressoide_11.6.0_8187/ide/plugins/com.nxp.mcuxpresso.tools.win32_11.6.0.202112161359/tools/bin/../lib/gcc/arm-none-eabi/10.3.1/../../../../arm-none-eabi/lib/thumb/v7e-m+fp/hard\libcr_semihost_nf.a
LOAD c:/nxp/mcuxpressoide_11.6.0_8187/ide/plugins/com.nxp.mcuxpresso.tools.win32_11.6.0.202112161359/tools/bin/../lib/gcc/arm-none-eabi/10.3.1/../../../../arm-none-eabi/lib/thumb/v7e-m+fp/hard\libcr_c.a
LOAD c:/nxp/mcuxpressoide_11.6.0_8187/ide/plugins/com.nxp.mcuxpresso.tools.win32_11.6.0.202112161359/tools/bin/../lib/gcc/arm-none-eabi/10.3.1/thumb/v7e-m+fp/hard\libcr_eabihelpers.a
LOAD c:/nxp/mcuxpressoide_11.6.0_8187/ide/plugins/com.nxp.mcuxpresso.tools.win32_11.6.0.202112161359/tools/bin/../lib/gcc/arm-none-eabi/10.3.1/thumb/v7e-m+fp/hard\libgcc.a
END GROUP
                0x00000000                __base_PROGRAM_FLASH = 0x0
                0x00000000                __base_Flash = 0x0
                0x00010000                __top_PROGRAM_FLASH = 0x10000
                0x00010000                __top_Flash = 0x10000
                0x20000000                __base_SRAM_UPPER = 0x20000000
                0x20000000                __base_RAM = 0x20000000
                0x20002000                __top_SRAM_UPPER = 0x20002000
                0x20002000                __top_RAM = 0x20002000
                0x1fffe000                __base_SRAM_LOWER = 0x1fffe000
                0x1fffe000                __base_RAM2 = 0x1fffe000
                0x20000000                __top_SRAM_LOWER = 0x20000000
                0x20000000                __top_RAM2 = 0x20000000

.text           0x00000000     0x3368
 FILL mask 0xff
                0x00000000                __vectors_start__ = ABSOLUTE (.)
 *(SORT_BY_ALIGNMENT(.isr_vector))
 .isr_vector    0x00000000      0x1d0 ./startup/startup_mkv42f16.o
                0x00000000                g_pfnVectors
                0x00000000                __Vectors
                0x000001d0                . = ALIGN (0x4)
                0x000001d0                __section_table_start = .
                0x000001d0                __data_section_table = .
                0x000001d0        0x4 LONG 0x3368 LOADADDR (.data)
                0x000001d4        0x4 LONG 0x20000000 ADDR (.data)
                0x000001d8        0x4 LONG 0x10 SIZEOF (.data)
                0x000001dc        0x4 LONG 0x3368 LOADADDR (.data_RAM2)
                0x000001e0        0x4 LONG 0x1fffe000 ADDR (.data_RAM2)
                0x000001e4        0x4 LONG 0x0 SIZEOF (.data_RAM2)
                0x000001e8                __data_section_table_end = .
                0x000001e8                __bss_section_table = .
                0x000001e8        0x4 LONG 0x20000010 ADDR (.bss)
                0x000001ec        0x4 LONG 0x144 SIZEOF (.bss)
                0x000001f0        0x4 LONG 0x1fffe000 ADDR (.bss_RAM2)
                0x000001f4        0x4 LONG 0x0 SIZEOF (.bss_RAM2)
                0x000001f8                __bss_section_table_end = .
                0x000001f8                __section_table_end = .
 *(SORT_BY_ALIGNMENT(.after_vectors*))
 .after_vectors.reset
                0x000001f8       0x4c ./startup/startup_mkv42f16.o
                0x000001f8                ResetISR
 .after_vectors.init_data
                0x00000244       0x1e ./startup/startup_mkv42f16.o
                0x00000244                data_init
 .after_vectors.init_bss
                0x00000262       0x12 ./startup/startup_mkv42f16.o
                0x00000262                bss_init
 .after_vectors
                0x00000274       0x14 ./startup/startup_mkv42f16.o
                0x00000274                NMI_Handler
                0x00000278                MemManage_Handler
                0x0000027a                BusFault_Handler
                0x0000027c                UsageFault_Handler
                0x0000027e                SVC_Handler
                0x00000280                DebugMon_Handler
                0x00000282                PendSV_Handler
                0x00000284                SysTick_Handler
                0x00000286                DMA_Error_DriverIRQHandler
                0x00000286                LPTMR0_DriverIRQHandler
                0x00000286                Reserved101_DriverIRQHandler
                0x00000286                DMA12_DriverIRQHandler
                0x00000286                PORTB_DriverIRQHandler
                0x00000286                ADC_ERR_DriverIRQHandler
                0x00000286                Reserved39_DriverIRQHandler
                0x00000286                FTM1_DriverIRQHandler
                0x00000286                Reserved100_DriverIRQHandler
                0x00000286                Reserved52_DriverIRQHandler
                0x00000286                PIT2_DriverIRQHandler
                0x00000286                Reserved103_DriverIRQHandler
                0x00000286                CMP3_DriverIRQHandler
                0x00000286                Reserved109_DriverIRQHandler
                0x00000286                DMA6_DriverIRQHandler
                0x00000286                LLWU_DriverIRQHandler
                0x00000286                MCM_DriverIRQHandler
                0x00000286                MCG_DriverIRQHandler
                0x00000286                FTFA_Collision_DriverIRQHandler
                0x00000286                Reserved63_DriverIRQHandler
                0x00000286                Reserved105_DriverIRQHandler
                0x00000286                ENC0_INDEX_DriverIRQHandler
                0x00000286                Reserved69_DriverIRQHandler
                0x00000286                Reserved102_DriverIRQHandler
                0x00000286                PDB1_DriverIRQHandler
                0x00000286                CMP1_DriverIRQHandler
                0x00000286                ADCA_DriverIRQHandler
                0x00000286                FTM0_DriverIRQHandler
                0x00000286                IntDefaultHandler
                0x00000286                PORTC_DriverIRQHandler
                0x00000286                DMA11_DriverIRQHandler
                0x00000286                DMA10_DriverIRQHandler
                0x00000286                Reserved41_DriverIRQHandler
                0x00000286                CMP2_DriverIRQHandler
                0x00000286                PIT0_DriverIRQHandler
                0x00000286                DMA5_DriverIRQHandler
                0x00000286                DMA4_DriverIRQHandler
                0x00000286                DMA3_DriverIRQHandler
                0x00000286                Reserved53_DriverIRQHandler
                0x00000286                Reserved45_DriverIRQHandler
                0x00000286                Reserved97_DriverIRQHandler
                0x00000286                DMA8_DriverIRQHandler
                0x00000286                DMA9_DriverIRQHandler
                0x00000286                UART0_ERR_DriverIRQHandler
                0x00000286                ENC0_HOME_DriverIRQHandler
                0x00000286                PORTA_DriverIRQHandler
                0x00000286                ADCB_DriverIRQHandler
                0x00000286                DMA14_DriverIRQHandler
                0x00000286                PIT3_DriverIRQHandler
                0x00000286                PIT1_DriverIRQHandler
                0x00000286                WDOG_EWM_DriverIRQHandler
                0x00000286                PDB0_DriverIRQHandler
                0x00000286                Reserved72_DriverIRQHandler
                0x00000286                Reserved61_DriverIRQHandler
                0x00000286                Reserved90_DriverIRQHandler
                0x00000286                SWI_DriverIRQHandler
                0x00000286                Reserved62_DriverIRQHandler
                0x00000286                Reserved99_DriverIRQHandler
                0x00000286                DMA0_DriverIRQHandler
                0x00000286                Reserved51_DriverIRQHandler
                0x00000286                FTFA_DriverIRQHandler
                0x00000286                Reserved60_DriverIRQHandler
                0x00000286                DMA1_DriverIRQHandler
                0x00000286                XBARA_DriverIRQHandler
                0x00000286                Reserved44_DriverIRQHandler
                0x00000286                DMA13_DriverIRQHandler
                0x00000286                DMA15_DriverIRQHandler
                0x00000286                Reserved81_DriverIRQHandler
                0x00000286                SPI0_DriverIRQHandler
                0x00000286                Reserved88_DriverIRQHandler
                0x00000286                CMP0_DriverIRQHandler
                0x00000286                Reserved104_DriverIRQHandler
                0x00000286                CAN0_DriverIRQHandler
                0x00000286                Reserved98_DriverIRQHandler
                0x00000286                FTM3_DriverIRQHandler
                0x00000286                ENC0_WDOG_SAB_DriverIRQHandler
                0x00000286                Reserved106_DriverIRQHandler
                0x00000286                ENC0_COMPARE_DriverIRQHandler
                0x00000286                PMC_DriverIRQHandler
                0x00000286                Reserved107_DriverIRQHandler
                0x00000286                UART1_ERR_DriverIRQHandler
                0x00000286                DMA2_DriverIRQHandler
                0x00000286                Reserved43_DriverIRQHandler
                0x00000286                PORTD_DriverIRQHandler
                0x00000286                Reserved46_DriverIRQHandler
                0x00000286                PORTE_DriverIRQHandler
                0x00000286                I2C0_DriverIRQHandler
                0x00000286                CAN1_DriverIRQHandler
                0x00000286                DMA7_DriverIRQHandler
                0x00000400                . = 0x400
 *fill*         0x00000288      0x178 ff
                0x00000400                PROVIDE (__FLASH_CONFIG_START__ = .)
 *(SORT_BY_ALIGNMENT(.FlashConfig))
 .FlashConfig   0x00000400       0x10 ./startup/startup_mkv42f16.o
                0x00000400                Flash_Config
                0x00000410                PROVIDE (__FLASH_CONFIG_END__ = .)
                0x00000001                ASSERT (! ((__FLASH_CONFIG_START__ == __FLASH_CONFIG_END__)), Linker Flash Config Support Enabled, but no .FlashConfig section provided within application)
 *(SORT_BY_ALIGNMENT(.text*))
 .text.__NVIC_EnableIRQ
                0x00000410       0x3c ./my_source/MKV42F16_Project_5_may.o
 .text.FTM_Delay
                0x0000044c       0x2c ./my_source/MKV42F16_Project_5_may.o
                0x0000044c                FTM_Delay
 .text.FTM1_IRQHandler
                0x00000478      0x144 ./my_source/MKV42F16_Project_5_may.o
                0x00000478                FTM1_IRQHandler
 .text.PID_Variables_Init
                0x000005bc       0x70 ./my_source/MKV42F16_Project_5_may.o
                0x000005bc                PID_Variables_Init
 .text.PID_Output_Calculation
                0x0000062c      0x158 ./my_source/MKV42F16_Project_5_may.o
                0x0000062c                PID_Output_Calculation
 .text.main     0x00000784      0x2b8 ./my_source/MKV42F16_Project_5_may.o
                0x00000784                main
 .text.OpenLoop_Motor_Drive
                0x00000a3c      0x360 ./my_source/MKV42F16_Project_5_may.o
 .text.PWM_Config
                0x00000d9c      0x100 ./my_source/MKV42F16_Project_5_may.o
 .text.Timer_Delay_Config
                0x00000e9c       0xc8 ./my_source/MKV42F16_Project_5_may.o
 .text.CLOCK_GetMcgExtClkFreq
                0x00000f64       0x24 ./drivers/fsl_clock.o
 .text.CLOCK_GetFllExtRefClkFreq
                0x00000f88       0x98 ./drivers/fsl_clock.o
 .text.CLOCK_GetInternalRefClkSelectFreq
                0x00001020       0x4c ./drivers/fsl_clock.o
 .text.CLOCK_GetFllRefClkFreq
                0x0000106c       0x34 ./drivers/fsl_clock.o
 .text.CLOCK_GetOsc0ErClkUndivFreq
                0x000010a0       0x44 ./drivers/fsl_clock.o
                0x000010a0                CLOCK_GetOsc0ErClkUndivFreq
 .text.CLOCK_GetOsc0ErClkDivFreq
                0x000010e4       0x58 ./drivers/fsl_clock.o
                0x000010e4                CLOCK_GetOsc0ErClkDivFreq
 .text.CLOCK_GetEr32kClkFreq
                0x0000113c       0x50 ./drivers/fsl_clock.o
                0x0000113c                CLOCK_GetEr32kClkFreq
 .text.CLOCK_GetFreq
                0x0000118c      0x104 ./drivers/fsl_clock.o
                0x0000118c                CLOCK_GetFreq
 .text.CLOCK_GetOutClkFreq
                0x00001290       0x64 ./drivers/fsl_clock.o
                0x00001290                CLOCK_GetOutClkFreq
 .text.CLOCK_GetFllFreq
                0x000012f4       0x84 ./drivers/fsl_clock.o
                0x000012f4                CLOCK_GetFllFreq
 .text.CLOCK_GetInternalRefClkFreq
                0x00001378       0x30 ./drivers/fsl_clock.o
                0x00001378                CLOCK_GetInternalRefClkFreq
 .text.CLOCK_GetPll0Freq
                0x000013a8       0x7c ./drivers/fsl_clock.o
                0x000013a8                CLOCK_GetPll0Freq
 .text.FTM_GetInstance
                0x00001424       0x54 ./drivers/fsl_ftm.o
 .text.FTM_SetPwmSync
                0x00001478      0x128 ./drivers/fsl_ftm.o
 .text.FTM_SetReloadPoints
                0x000015a0      0x128 ./drivers/fsl_ftm.o
 .text.FTM_Init
                0x000016c8       0xf4 ./drivers/fsl_ftm.o
                0x000016c8                FTM_Init
 .text.FTM_GetDefaultConfig
                0x000017bc       0x74 ./drivers/fsl_ftm.o
                0x000017bc                FTM_GetDefaultConfig
 .text.FTM_SetupPwm
                0x00001830      0x318 ./drivers/fsl_ftm.o
                0x00001830                FTM_SetupPwm
 .text.FTM_UpdatePwmDutycycle
                0x00001b48      0x110 ./drivers/fsl_ftm.o
                0x00001b48                FTM_UpdatePwmDutycycle
 .text.GPIO_PinInit
                0x00001c58       0x68 ./drivers/fsl_gpio.o
                0x00001c58                GPIO_PinInit
 .text.UART0_DriverIRQHandler
                0x00001cc0       0x28 ./drivers/fsl_uart.o
                0x00001cc0                UART0_DriverIRQHandler
 .text.UART1_DriverIRQHandler
                0x00001ce8       0x28 ./drivers/fsl_uart.o
                0x00001ce8                UART1_DriverIRQHandler
 .text.SystemInit
                0x00001d10       0x3c ./device/system_MKV42F16.o
                0x00001d10                SystemInit
 .text.BOARD_InitPins
                0x00001d4c      0x1a4 ./board/pin_mux.o
                0x00001d4c                BOARD_InitPins
 .text.__assertion_failed
                0x00001ef0       0x4c c:/nxp/mcuxpressoide_11.6.0_8187/ide/plugins/com.nxp.mcuxpresso.tools.win32_11.6.0.202112161359/tools/bin/../lib/gcc/arm-none-eabi/10.3.1/../../../../arm-none-eabi/lib/thumb/v7e-m+fp/hard\libcr_semihost_nf.a(_cr_assert.o)
                0x00001ef0                __assertion_failed
 .text.__sys_appexit
                0x00001f3c        0xc c:/nxp/mcuxpressoide_11.6.0_8187/ide/plugins/com.nxp.mcuxpresso.tools.win32_11.6.0.202112161359/tools/bin/../lib/gcc/arm-none-eabi/10.3.1/../../../../arm-none-eabi/lib/thumb/v7e-m+fp/hard\libcr_semihost_nf.a(__sys_appexit.o)
                0x00001f3c                __sys_appexit
                0x00001f3c                __exit
 .text._Cwritebuf
                0x00001f48       0x6c c:/nxp/mcuxpressoide_11.6.0_8187/ide/plugins/com.nxp.mcuxpresso.tools.win32_11.6.0.202112161359/tools/bin/../lib/gcc/arm-none-eabi/10.3.1/../../../../arm-none-eabi/lib/thumb/v7e-m+fp/hard\libcr_c.a(_writebuf.o)
                0x00001f48                _Cwritebuf
 .text.malloc   0x00001fb4       0xc8 c:/nxp/mcuxpressoide_11.6.0_8187/ide/plugins/com.nxp.mcuxpresso.tools.win32_11.6.0.202112161359/tools/bin/../lib/gcc/arm-none-eabi/10.3.1/../../../../arm-none-eabi/lib/thumb/v7e-m+fp/hard\libcr_c.a(alloc.o)
                0x00001fb4                malloc
 .text._Csys_alloc
                0x0000207c       0x20 c:/nxp/mcuxpressoide_11.6.0_8187/ide/plugins/com.nxp.mcuxpresso.tools.win32_11.6.0.202112161359/tools/bin/../lib/gcc/arm-none-eabi/10.3.1/../../../../arm-none-eabi/lib/thumb/v7e-m+fp/hard\libcr_c.a(alloc.o)
                0x0000207c                _Csys_alloc
 .text.fseek    0x0000209c       0xfc c:/nxp/mcuxpressoide_11.6.0_8187/ide/plugins/com.nxp.mcuxpresso.tools.win32_11.6.0.202112161359/tools/bin/../lib/gcc/arm-none-eabi/10.3.1/../../../../arm-none-eabi/lib/thumb/v7e-m+fp/hard\libcr_c.a(fseek.o)
                0x0000209c                fseek
 .text.ftell    0x00002198       0x44 c:/nxp/mcuxpressoide_11.6.0_8187/ide/plugins/com.nxp.mcuxpresso.tools.win32_11.6.0.202112161359/tools/bin/../lib/gcc/arm-none-eabi/10.3.1/../../../../arm-none-eabi/lib/thumb/v7e-m+fp/hard\libcr_c.a(ftell.o)
                0x00002198                ftell
 .text._initio  0x000021dc       0x78 c:/nxp/mcuxpressoide_11.6.0_8187/ide/plugins/com.nxp.mcuxpresso.tools.win32_11.6.0.202112161359/tools/bin/../lib/gcc/arm-none-eabi/10.3.1/../../../../arm-none-eabi/lib/thumb/v7e-m+fp/hard\libcr_c.a(initio.o)
                0x000021dc                _initio
 .text._sbrk    0x00002254       0x3c c:/nxp/mcuxpressoide_11.6.0_8187/ide/plugins/com.nxp.mcuxpresso.tools.win32_11.6.0.202112161359/tools/bin/../lib/gcc/arm-none-eabi/10.3.1/../../../../arm-none-eabi/lib/thumb/v7e-m+fp/hard\libcr_c.a(_cr_sbrk.o)
                0x00002254                _sbrk
 .text.fflush   0x00002290       0x3c c:/nxp/mcuxpressoide_11.6.0_8187/ide/plugins/com.nxp.mcuxpresso.tools.win32_11.6.0.202112161359/tools/bin/../lib/gcc/arm-none-eabi/10.3.1/../../../../arm-none-eabi/lib/thumb/v7e-m+fp/hard\libcr_c.a(fflush.o)
                0x00002290                fflush
 .text.__check_heap_overflow
                0x000022cc       0x18 c:/nxp/mcuxpressoide_11.6.0_8187/ide/plugins/com.nxp.mcuxpresso.tools.win32_11.6.0.202112161359/tools/bin/../lib/gcc/arm-none-eabi/10.3.1/../../../../arm-none-eabi/lib/thumb/v7e-m+fp/hard\libcr_c.a(_cr_check_heap.o)
                0x000022cc                __check_heap_overflow
 .text.DMA0_IRQHandler
                0x000022e4        0x8 ./startup/startup_mkv42f16.o
                0x000022e4                DMA0_IRQHandler
 .text.DMA1_IRQHandler
                0x000022ec        0x8 ./startup/startup_mkv42f16.o
                0x000022ec                DMA1_IRQHandler
 .text.DMA2_IRQHandler
                0x000022f4        0x8 ./startup/startup_mkv42f16.o
                0x000022f4                DMA2_IRQHandler
 .text.DMA3_IRQHandler
                0x000022fc        0x8 ./startup/startup_mkv42f16.o
                0x000022fc                DMA3_IRQHandler
 .text.DMA4_IRQHandler
                0x00002304        0x8 ./startup/startup_mkv42f16.o
                0x00002304                DMA4_IRQHandler
 .text.DMA5_IRQHandler
                0x0000230c        0x8 ./startup/startup_mkv42f16.o
                0x0000230c                DMA5_IRQHandler
 .text.DMA6_IRQHandler
                0x00002314        0x8 ./startup/startup_mkv42f16.o
                0x00002314                DMA6_IRQHandler
 .text.DMA7_IRQHandler
                0x0000231c        0x8 ./startup/startup_mkv42f16.o
                0x0000231c                DMA7_IRQHandler
 .text.DMA8_IRQHandler
                0x00002324        0x8 ./startup/startup_mkv42f16.o
                0x00002324                DMA8_IRQHandler
 .text.DMA9_IRQHandler
                0x0000232c        0x8 ./startup/startup_mkv42f16.o
                0x0000232c                DMA9_IRQHandler
 .text.DMA10_IRQHandler
                0x00002334        0x8 ./startup/startup_mkv42f16.o
                0x00002334                DMA10_IRQHandler
 .text.DMA11_IRQHandler
                0x0000233c        0x8 ./startup/startup_mkv42f16.o
                0x0000233c                DMA11_IRQHandler
 .text.DMA12_IRQHandler
                0x00002344        0x8 ./startup/startup_mkv42f16.o
                0x00002344                DMA12_IRQHandler
 .text.DMA13_IRQHandler
                0x0000234c        0x8 ./startup/startup_mkv42f16.o
                0x0000234c                DMA13_IRQHandler
 .text.DMA14_IRQHandler
                0x00002354        0x8 ./startup/startup_mkv42f16.o
                0x00002354                DMA14_IRQHandler
 .text.DMA15_IRQHandler
                0x0000235c        0x8 ./startup/startup_mkv42f16.o
                0x0000235c                DMA15_IRQHandler
 .text.DMA_Error_IRQHandler
                0x00002364        0x8 ./startup/startup_mkv42f16.o
                0x00002364                DMA_Error_IRQHandler
 .text.MCM_IRQHandler
                0x0000236c        0x8 ./startup/startup_mkv42f16.o
                0x0000236c                MCM_IRQHandler
 .text.FTFA_IRQHandler
                0x00002374        0x8 ./startup/startup_mkv42f16.o
                0x00002374                FTFA_IRQHandler
 .text.FTFA_Collision_IRQHandler
                0x0000237c        0x8 ./startup/startup_mkv42f16.o
                0x0000237c                FTFA_Collision_IRQHandler
 .text.PMC_IRQHandler
                0x00002384        0x8 ./startup/startup_mkv42f16.o
                0x00002384                PMC_IRQHandler
 .text.LLWU_IRQHandler
                0x0000238c        0x8 ./startup/startup_mkv42f16.o
                0x0000238c                LLWU_IRQHandler
 .text.WDOG_EWM_IRQHandler
                0x00002394        0x8 ./startup/startup_mkv42f16.o
                0x00002394                WDOG_EWM_IRQHandler
 .text.Reserved39_IRQHandler
                0x0000239c        0x8 ./startup/startup_mkv42f16.o
                0x0000239c                Reserved39_IRQHandler
 .text.I2C0_IRQHandler
                0x000023a4        0x8 ./startup/startup_mkv42f16.o
                0x000023a4                I2C0_IRQHandler
 .text.Reserved41_IRQHandler
                0x000023ac        0x8 ./startup/startup_mkv42f16.o
                0x000023ac                Reserved41_IRQHandler
 .text.SPI0_IRQHandler
                0x000023b4        0x8 ./startup/startup_mkv42f16.o
                0x000023b4                SPI0_IRQHandler
 .text.Reserved43_IRQHandler
                0x000023bc        0x8 ./startup/startup_mkv42f16.o
                0x000023bc                Reserved43_IRQHandler
 .text.Reserved44_IRQHandler
                0x000023c4        0x8 ./startup/startup_mkv42f16.o
                0x000023c4                Reserved44_IRQHandler
 .text.Reserved45_IRQHandler
                0x000023cc        0x8 ./startup/startup_mkv42f16.o
                0x000023cc                Reserved45_IRQHandler
 .text.Reserved46_IRQHandler
                0x000023d4        0x8 ./startup/startup_mkv42f16.o
                0x000023d4                Reserved46_IRQHandler
 .text.UART0_RX_TX_IRQHandler
                0x000023dc        0x8 ./startup/startup_mkv42f16.o
                0x000023dc                UART0_RX_TX_IRQHandler
 .text.UART0_ERR_IRQHandler
                0x000023e4        0x8 ./startup/startup_mkv42f16.o
                0x000023e4                UART0_ERR_IRQHandler
 .text.UART1_RX_TX_IRQHandler
                0x000023ec        0x8 ./startup/startup_mkv42f16.o
                0x000023ec                UART1_RX_TX_IRQHandler
 .text.UART1_ERR_IRQHandler
                0x000023f4        0x8 ./startup/startup_mkv42f16.o
                0x000023f4                UART1_ERR_IRQHandler
 .text.Reserved51_IRQHandler
                0x000023fc        0x8 ./startup/startup_mkv42f16.o
                0x000023fc                Reserved51_IRQHandler
 .text.Reserved52_IRQHandler
                0x00002404        0x8 ./startup/startup_mkv42f16.o
                0x00002404                Reserved52_IRQHandler
 .text.Reserved53_IRQHandler
                0x0000240c        0x8 ./startup/startup_mkv42f16.o
                0x0000240c                Reserved53_IRQHandler
 .text.ADC_ERR_IRQHandler
                0x00002414        0x8 ./startup/startup_mkv42f16.o
                0x00002414                ADC_ERR_IRQHandler
 .text.ADCA_IRQHandler
                0x0000241c        0x8 ./startup/startup_mkv42f16.o
                0x0000241c                ADCA_IRQHandler
 .text.CMP0_IRQHandler
                0x00002424        0x8 ./startup/startup_mkv42f16.o
                0x00002424                CMP0_IRQHandler
 .text.CMP1_IRQHandler
                0x0000242c        0x8 ./startup/startup_mkv42f16.o
                0x0000242c                CMP1_IRQHandler
 .text.FTM0_IRQHandler
                0x00002434        0x8 ./startup/startup_mkv42f16.o
                0x00002434                FTM0_IRQHandler
 .text.Reserved60_IRQHandler
                0x0000243c        0x8 ./startup/startup_mkv42f16.o
                0x0000243c                Reserved60_IRQHandler
 .text.Reserved61_IRQHandler
                0x00002444        0x8 ./startup/startup_mkv42f16.o
                0x00002444                Reserved61_IRQHandler
 .text.Reserved62_IRQHandler
                0x0000244c        0x8 ./startup/startup_mkv42f16.o
                0x0000244c                Reserved62_IRQHandler
 .text.Reserved63_IRQHandler
                0x00002454        0x8 ./startup/startup_mkv42f16.o
                0x00002454                Reserved63_IRQHandler
 .text.PIT0_IRQHandler
                0x0000245c        0x8 ./startup/startup_mkv42f16.o
                0x0000245c                PIT0_IRQHandler
 .text.PIT1_IRQHandler
                0x00002464        0x8 ./startup/startup_mkv42f16.o
                0x00002464                PIT1_IRQHandler
 .text.PIT2_IRQHandler
                0x0000246c        0x8 ./startup/startup_mkv42f16.o
                0x0000246c                PIT2_IRQHandler
 .text.PIT3_IRQHandler
                0x00002474        0x8 ./startup/startup_mkv42f16.o
                0x00002474                PIT3_IRQHandler
 .text.PDB0_IRQHandler
                0x0000247c        0x8 ./startup/startup_mkv42f16.o
                0x0000247c                PDB0_IRQHandler
 .text.Reserved69_IRQHandler
                0x00002484        0x8 ./startup/startup_mkv42f16.o
                0x00002484                Reserved69_IRQHandler
 .text.XBARA_IRQHandler
                0x0000248c        0x8 ./startup/startup_mkv42f16.o
                0x0000248c                XBARA_IRQHandler
 .text.PDB1_IRQHandler
                0x00002494        0x8 ./startup/startup_mkv42f16.o
                0x00002494                PDB1_IRQHandler
 .text.Reserved72_IRQHandler
                0x0000249c        0x8 ./startup/startup_mkv42f16.o
                0x0000249c                Reserved72_IRQHandler
 .text.MCG_IRQHandler
                0x000024a4        0x8 ./startup/startup_mkv42f16.o
                0x000024a4                MCG_IRQHandler
 .text.LPTMR0_IRQHandler
                0x000024ac        0x8 ./startup/startup_mkv42f16.o
                0x000024ac                LPTMR0_IRQHandler
 .text.PORTA_IRQHandler
                0x000024b4        0x8 ./startup/startup_mkv42f16.o
                0x000024b4                PORTA_IRQHandler
 .text.PORTB_IRQHandler
                0x000024bc        0x8 ./startup/startup_mkv42f16.o
                0x000024bc                PORTB_IRQHandler
 .text.PORTC_IRQHandler
                0x000024c4        0x8 ./startup/startup_mkv42f16.o
                0x000024c4                PORTC_IRQHandler
 .text.PORTD_IRQHandler
                0x000024cc        0x8 ./startup/startup_mkv42f16.o
                0x000024cc                PORTD_IRQHandler
 .text.PORTE_IRQHandler
                0x000024d4        0x8 ./startup/startup_mkv42f16.o
                0x000024d4                PORTE_IRQHandler
 .text.SWI_IRQHandler
                0x000024dc        0x8 ./startup/startup_mkv42f16.o
                0x000024dc                SWI_IRQHandler
 .text.Reserved81_IRQHandler
                0x000024e4        0x8 ./startup/startup_mkv42f16.o
                0x000024e4                Reserved81_IRQHandler
 .text.ENC0_COMPARE_IRQHandler
                0x000024ec        0x8 ./startup/startup_mkv42f16.o
                0x000024ec                ENC0_COMPARE_IRQHandler
 .text.ENC0_HOME_IRQHandler
                0x000024f4        0x8 ./startup/startup_mkv42f16.o
                0x000024f4                ENC0_HOME_IRQHandler
 .text.ENC0_WDOG_SAB_IRQHandler
                0x000024fc        0x8 ./startup/startup_mkv42f16.o
                0x000024fc                ENC0_WDOG_SAB_IRQHandler
 .text.ENC0_INDEX_IRQHandler
                0x00002504        0x8 ./startup/startup_mkv42f16.o
                0x00002504                ENC0_INDEX_IRQHandler
 .text.CMP2_IRQHandler
                0x0000250c        0x8 ./startup/startup_mkv42f16.o
                0x0000250c                CMP2_IRQHandler
 .text.FTM3_IRQHandler
                0x00002514        0x8 ./startup/startup_mkv42f16.o
                0x00002514                FTM3_IRQHandler
 .text.Reserved88_IRQHandler
                0x0000251c        0x8 ./startup/startup_mkv42f16.o
                0x0000251c                Reserved88_IRQHandler
 .text.ADCB_IRQHandler
                0x00002524        0x8 ./startup/startup_mkv42f16.o
                0x00002524                ADCB_IRQHandler
 .text.Reserved90_IRQHandler
                0x0000252c        0x8 ./startup/startup_mkv42f16.o
                0x0000252c                Reserved90_IRQHandler
 .text.CAN0_ORed_Message_buffer_IRQHandler
                0x00002534        0x8 ./startup/startup_mkv42f16.o
                0x00002534                CAN0_ORed_Message_buffer_IRQHandler
 .text.CAN0_Bus_Off_IRQHandler
                0x0000253c        0x8 ./startup/startup_mkv42f16.o
                0x0000253c                CAN0_Bus_Off_IRQHandler
 .text.CAN0_Error_IRQHandler
                0x00002544        0x8 ./startup/startup_mkv42f16.o
                0x00002544                CAN0_Error_IRQHandler
 .text.CAN0_Tx_Warning_IRQHandler
                0x0000254c        0x8 ./startup/startup_mkv42f16.o
                0x0000254c                CAN0_Tx_Warning_IRQHandler
 .text.CAN0_Rx_Warning_IRQHandler
                0x00002554        0x8 ./startup/startup_mkv42f16.o
                0x00002554                CAN0_Rx_Warning_IRQHandler
 .text.CAN0_Wake_Up_IRQHandler
                0x0000255c        0x8 ./startup/startup_mkv42f16.o
                0x0000255c                CAN0_Wake_Up_IRQHandler
 .text.Reserved97_IRQHandler
                0x00002564        0x8 ./startup/startup_mkv42f16.o
                0x00002564                Reserved97_IRQHandler
 .text.Reserved98_IRQHandler
                0x0000256c        0x8 ./startup/startup_mkv42f16.o
                0x0000256c                Reserved98_IRQHandler
 .text.Reserved99_IRQHandler
                0x00002574        0x8 ./startup/startup_mkv42f16.o
                0x00002574                Reserved99_IRQHandler
 .text.Reserved100_IRQHandler
                0x0000257c        0x8 ./startup/startup_mkv42f16.o
                0x0000257c                Reserved100_IRQHandler
 .text.Reserved101_IRQHandler
                0x00002584        0x8 ./startup/startup_mkv42f16.o
                0x00002584                Reserved101_IRQHandler
 .text.Reserved102_IRQHandler
                0x0000258c        0x8 ./startup/startup_mkv42f16.o
                0x0000258c                Reserved102_IRQHandler
 .text.Reserved103_IRQHandler
                0x00002594        0x8 ./startup/startup_mkv42f16.o
                0x00002594                Reserved103_IRQHandler
 .text.Reserved104_IRQHandler
                0x0000259c        0x8 ./startup/startup_mkv42f16.o
                0x0000259c                Reserved104_IRQHandler
 .text.Reserved105_IRQHandler
                0x000025a4        0x8 ./startup/startup_mkv42f16.o
                0x000025a4                Reserved105_IRQHandler
 .text.Reserved106_IRQHandler
                0x000025ac        0x8 ./startup/startup_mkv42f16.o
                0x000025ac                Reserved106_IRQHandler
 .text.Reserved107_IRQHandler
                0x000025b4        0x8 ./startup/startup_mkv42f16.o
                0x000025b4                Reserved107_IRQHandler
 .text.CMP3_IRQHandler
                0x000025bc        0x8 ./startup/startup_mkv42f16.o
                0x000025bc                CMP3_IRQHandler
 .text.Reserved109_IRQHandler
                0x000025c4        0x8 ./startup/startup_mkv42f16.o
                0x000025c4                Reserved109_IRQHandler
 .text.CAN1_ORed_Message_buffer_IRQHandler
                0x000025cc        0x8 ./startup/startup_mkv42f16.o
                0x000025cc                CAN1_ORed_Message_buffer_IRQHandler
 .text.CAN1_Bus_Off_IRQHandler
                0x000025d4        0x8 ./startup/startup_mkv42f16.o
                0x000025d4                CAN1_Bus_Off_IRQHandler
 .text.CAN1_Error_IRQHandler
                0x000025dc        0x8 ./startup/startup_mkv42f16.o
                0x000025dc                CAN1_Error_IRQHandler
 .text.CAN1_Tx_Warning_IRQHandler
                0x000025e4        0x8 ./startup/startup_mkv42f16.o
                0x000025e4                CAN1_Tx_Warning_IRQHandler
 .text.CAN1_Rx_Warning_IRQHandler
                0x000025ec        0x8 ./startup/startup_mkv42f16.o
                0x000025ec                CAN1_Rx_Warning_IRQHandler
 .text.CAN1_Wake_Up_IRQHandler
                0x000025f4        0x8 ./startup/startup_mkv42f16.o
                0x000025f4                CAN1_Wake_Up_IRQHandler
 .text.EnableIRQ
                0x000025fc       0x2c ./my_source/MKV42F16_Project_5_may.o
 .text.GPIO_PinRead
                0x00002628       0x24 ./my_source/MKV42F16_Project_5_may.o
 .text.FTM_SetTimerPeriod
                0x0000264c       0x1c ./my_source/MKV42F16_Project_5_may.o
 .text.FTM_StartTimer
                0x00002668       0x3a ./my_source/MKV42F16_Project_5_may.o
 .text.FTM_SetSoftwareTrigger
                0x000026a2       0x38 ./my_source/MKV42F16_Project_5_may.o
 .text.HardFault_Handler
                0x000026da       0x2c ./my_source/semihost_hardfault.o
                0x000026da                HardFault_Handler
 .text.CLOCK_GetPll0RefFreq
                0x00002706        0xe ./drivers/fsl_clock.o
 .text.CLOCK_GetFixedFreqClkFreq
                0x00002714       0x34 ./drivers/fsl_clock.o
                0x00002714                CLOCK_GetFixedFreqClkFreq
 .text.CLOCK_EnableClock
                0x00002748       0x34 ./drivers/fsl_ftm.o
 .text.FTM_SetDeadTimeEnable
                0x0000277c       0x52 ./drivers/fsl_ftm.o
 .text.FTM_SetComplementaryEnable
                0x000027ce       0x52 ./drivers/fsl_ftm.o
 .text.FTM_EnableInterrupts
                0x00002820       0x88 ./drivers/fsl_ftm.o
                0x00002820                FTM_EnableInterrupts
 .text.FTM_GetStatusFlags
                0x000028a8       0x62 ./drivers/fsl_ftm.o
                0x000028a8                FTM_GetStatusFlags
 .text.FTM_ClearStatusFlags
                0x0000290a       0x68 ./drivers/fsl_ftm.o
                0x0000290a                FTM_ClearStatusFlags
 .text.GPIO_PinWrite
                0x00002972       0x3a ./drivers/fsl_gpio.o
 .text.UART0_RX_TX_DriverIRQHandler
                0x000029ac       0x12 ./drivers/fsl_uart.o
                0x000029ac                UART0_RX_TX_DriverIRQHandler
 .text.UART1_RX_TX_DriverIRQHandler
                0x000029be       0x12 ./drivers/fsl_uart.o
                0x000029be                UART1_RX_TX_DriverIRQHandler
 .text.SystemInitHook
                0x000029d0        0xe ./device/system_MKV42F16.o
                0x000029d0                SystemInitHook
 .text.BOARD_InitDebugConsole
                0x000029de        0xe ./board/board.o
                0x000029de                BOARD_InitDebugConsole
 .text.BOARD_InitBootClocks
                0x000029ec        0xe ./board/clock_config.o
                0x000029ec                BOARD_InitBootClocks
 .text.BOARD_InitBootPeripherals
                0x000029fa        0xe ./board/peripherals.o
                0x000029fa                BOARD_InitBootPeripherals
 .text.CLOCK_EnableClock
                0x00002a08       0x34 ./board/pin_mux.o
 .text.PORT_SetPinMux
                0x00002a3c       0x3a ./board/pin_mux.o
 .text.PORT_SetPinInterruptConfig
                0x00002a76       0x3a ./board/pin_mux.o
 .text.BOARD_InitBootPins
                0x00002ab0        0xc ./board/pin_mux.o
                0x00002ab0                BOARD_InitBootPins
 .text.__main   0x00002abc        0xe c:/nxp/mcuxpressoide_11.6.0_8187/ide/plugins/com.nxp.mcuxpresso.tools.win32_11.6.0.202112161359/tools/bin/../lib/gcc/arm-none-eabi/10.3.1/../../../../arm-none-eabi/lib/thumb/v7e-m+fp/hard\libcr_semihost_nf.a(_cr__main.o)
                0x00002abc                __CR_SEMIHOST
                0x00002abc                __main
 .text.memset   0x00002aca        0x4 c:/nxp/mcuxpressoide_11.6.0_8187/ide/plugins/com.nxp.mcuxpresso.tools.win32_11.6.0.202112161359/tools/bin/../lib/gcc/arm-none-eabi/10.3.1/../../../../arm-none-eabi/lib/thumb/v7e-m+fp/hard\libcr_c.a(memset.o)
                0x00002aca                memset
 .text._deferredlazyseek
                0x00002ace       0x40 c:/nxp/mcuxpressoide_11.6.0_8187/ide/plugins/com.nxp.mcuxpresso.tools.win32_11.6.0.202112161359/tools/bin/../lib/gcc/arm-none-eabi/10.3.1/../../../../arm-none-eabi/lib/thumb/v7e-m+fp/hard\libcr_c.a(_deferredlazyseek.o)
                0x00002ace                _deferredlazyseek
 .text.__flsbuf
                0x00002b0e      0x140 c:/nxp/mcuxpressoide_11.6.0_8187/ide/plugins/com.nxp.mcuxpresso.tools.win32_11.6.0.202112161359/tools/bin/../lib/gcc/arm-none-eabi/10.3.1/../../../../arm-none-eabi/lib/thumb/v7e-m+fp/hard\libcr_c.a(_deferredlazyseek.o)
                0x00002b0e                __flsbuf
 .text._fflush  0x00002c4e       0x52 c:/nxp/mcuxpressoide_11.6.0_8187/ide/plugins/com.nxp.mcuxpresso.tools.win32_11.6.0.202112161359/tools/bin/../lib/gcc/arm-none-eabi/10.3.1/../../../../arm-none-eabi/lib/thumb/v7e-m+fp/hard\libcr_c.a(_fflush.o)
                0x00002c4e                _fflush
 .text.free     0x00002ca0       0x30 c:/nxp/mcuxpressoide_11.6.0_8187/ide/plugins/com.nxp.mcuxpresso.tools.win32_11.6.0.202112161359/tools/bin/../lib/gcc/arm-none-eabi/10.3.1/../../../../arm-none-eabi/lib/thumb/v7e-m+fp/hard\libcr_c.a(alloc.o)
                0x00002ca0                free
 .text.fputs    0x00002cd0       0x2c c:/nxp/mcuxpressoide_11.6.0_8187/ide/plugins/com.nxp.mcuxpresso.tools.win32_11.6.0.202112161359/tools/bin/../lib/gcc/arm-none-eabi/10.3.1/../../../../arm-none-eabi/lib/thumb/v7e-m+fp/hard\libcr_c.a(fputs.o)
                0x00002cd0                fputs
 .text.setvbuf  0x00002cfc       0x3e c:/nxp/mcuxpressoide_11.6.0_8187/ide/plugins/com.nxp.mcuxpresso.tools.win32_11.6.0.202112161359/tools/bin/../lib/gcc/arm-none-eabi/10.3.1/../../../../arm-none-eabi/lib/thumb/v7e-m+fp/hard\libcr_c.a(setvbuf.o)
                0x00002cfc                setvbuf
 .text.strlen   0x00002d3a       0x48 c:/nxp/mcuxpressoide_11.6.0_8187/ide/plugins/com.nxp.mcuxpresso.tools.win32_11.6.0.202112161359/tools/bin/../lib/gcc/arm-none-eabi/10.3.1/../../../../arm-none-eabi/lib/thumb/v7e-m+fp/hard\libcr_c.a(strlen.o)
                0x00002d3a                strlen
 .text._fdopen  0x00002d82       0x68 c:/nxp/mcuxpressoide_11.6.0_8187/ide/plugins/com.nxp.mcuxpresso.tools.win32_11.6.0.202112161359/tools/bin/../lib/gcc/arm-none-eabi/10.3.1/../../../../arm-none-eabi/lib/thumb/v7e-m+fp/hard\libcr_c.a(_fdopen.o)
                0x00002d82                _fdopen
 .text.fclose   0x00002dea       0x58 c:/nxp/mcuxpressoide_11.6.0_8187/ide/plugins/com.nxp.mcuxpresso.tools.win32_11.6.0.202112161359/tools/bin/../lib/gcc/arm-none-eabi/10.3.1/../../../../arm-none-eabi/lib/thumb/v7e-m+fp/hard\libcr_c.a(fclose.o)
                0x00002dea                fclose
 .text.remove   0x00002e42       0x14 c:/nxp/mcuxpressoide_11.6.0_8187/ide/plugins/com.nxp.mcuxpresso.tools.win32_11.6.0.202112161359/tools/bin/../lib/gcc/arm-none-eabi/10.3.1/../../../../arm-none-eabi/lib/thumb/v7e-m+fp/hard\libcr_c.a(remove.o)
                0x00002e42                remove
 .text._do_fflush
                0x00002e56       0x40 c:/nxp/mcuxpressoide_11.6.0_8187/ide/plugins/com.nxp.mcuxpresso.tools.win32_11.6.0.202112161359/tools/bin/../lib/gcc/arm-none-eabi/10.3.1/../../../../arm-none-eabi/lib/thumb/v7e-m+fp/hard\libcr_c.a(_do_fflush.o)
                0x00002e56                _do_fflush
 .text.__aeabi_division_uldivmod
                0x00002e96      0x174 c:/nxp/mcuxpressoide_11.6.0_8187/ide/plugins/com.nxp.mcuxpresso.tools.win32_11.6.0.202112161359/tools/bin/../lib/gcc/arm-none-eabi/10.3.1/thumb/v7e-m+fp/hard\libcr_eabihelpers.a(division_64.o)
                0x00002e96                __aeabi_uldivmod
                0x00002e9a                __bhs_ldivmod1
 .text.__aeabi_division_idiv0
                0x0000300a        0x2 c:/nxp/mcuxpressoide_11.6.0_8187/ide/plugins/com.nxp.mcuxpresso.tools.win32_11.6.0.202112161359/tools/bin/../lib/gcc/arm-none-eabi/10.3.1/thumb/v7e-m+fp/hard\libcr_eabihelpers.a(division_idiv0.o)
                0x0000300a                __aeabi_idiv0
 .text.__aeabi_memset_lowlevel
                0x0000300c       0x32 c:/nxp/mcuxpressoide_11.6.0_8187/ide/plugins/com.nxp.mcuxpresso.tools.win32_11.6.0.202112161359/tools/bin/../lib/gcc/arm-none-eabi/10.3.1/thumb/v7e-m+fp/hard\libcr_eabihelpers.a(memcpy.o)
                0x0000300c                __aeabi_lowlevel_memset
 .text.__sys_close
                0x0000303e        0xc c:/nxp/mcuxpressoide_11.6.0_8187/ide/plugins/com.nxp.mcuxpresso.tools.win32_11.6.0.202112161359/tools/bin/../lib/gcc/arm-none-eabi/10.3.1/../../../../arm-none-eabi/lib/thumb/v7e-m+fp/hard\libcr_semihost_nf.a(__sys_close.o)
                0x0000303e                __sys_close
 .text.__sys_flen
                0x0000304a        0xc c:/nxp/mcuxpressoide_11.6.0_8187/ide/plugins/com.nxp.mcuxpresso.tools.win32_11.6.0.202112161359/tools/bin/../lib/gcc/arm-none-eabi/10.3.1/../../../../arm-none-eabi/lib/thumb/v7e-m+fp/hard\libcr_semihost_nf.a(__sys_flen.o)
                0x0000304a                __sys_flen
 .text.__sys_istty
                0x00003056        0xc c:/nxp/mcuxpressoide_11.6.0_8187/ide/plugins/com.nxp.mcuxpresso.tools.win32_11.6.0.202112161359/tools/bin/../lib/gcc/arm-none-eabi/10.3.1/../../../../arm-none-eabi/lib/thumb/v7e-m+fp/hard\libcr_semihost_nf.a(__sys_istty.o)
                0x00003056                __sys_istty
 .text.__sys_remove
                0x00003062        0xc c:/nxp/mcuxpressoide_11.6.0_8187/ide/plugins/com.nxp.mcuxpresso.tools.win32_11.6.0.202112161359/tools/bin/../lib/gcc/arm-none-eabi/10.3.1/../../../../arm-none-eabi/lib/thumb/v7e-m+fp/hard\libcr_semihost_nf.a(__sys_remove.o)
                0x00003062                __sys_remove
 .text.__sys_seek
                0x0000306e        0xc c:/nxp/mcuxpressoide_11.6.0_8187/ide/plugins/com.nxp.mcuxpresso.tools.win32_11.6.0.202112161359/tools/bin/../lib/gcc/arm-none-eabi/10.3.1/../../../../arm-none-eabi/lib/thumb/v7e-m+fp/hard\libcr_semihost_nf.a(__sys_seek.o)
                0x0000306e                __sys_seek
 .text.__sys_tmpnam
                0x0000307a        0xc c:/nxp/mcuxpressoide_11.6.0_8187/ide/plugins/com.nxp.mcuxpresso.tools.win32_11.6.0.202112161359/tools/bin/../lib/gcc/arm-none-eabi/10.3.1/../../../../arm-none-eabi/lib/thumb/v7e-m+fp/hard\libcr_semihost_nf.a(__sys_tmpnam.o)
                0x0000307a                __sys_tmpnam
 .text.__sys_write
                0x00003086        0xc c:/nxp/mcuxpressoide_11.6.0_8187/ide/plugins/com.nxp.mcuxpresso.tools.win32_11.6.0.202112161359/tools/bin/../lib/gcc/arm-none-eabi/10.3.1/../../../../arm-none-eabi/lib/thumb/v7e-m+fp/hard\libcr_semihost_nf.a(__sys_write.o)
                0x00003086                __sys_write
 *(SORT_BY_ALIGNMENT(.rodata) SORT_BY_ALIGNMENT(.rodata.*) SORT_BY_ALIGNMENT(.constdata) SORT_BY_ALIGNMENT(.constdata.*))
 *fill*         0x00003092        0x2 ff
 .rodata.CLOCK_GetMcgExtClkFreq.str1.4
                0x00003094       0x24 ./drivers/fsl_clock.o
 .rodata.CLOCK_GetOsc0ErClkUndivFreq.str1.4
                0x000030b8       0x1e ./drivers/fsl_clock.o
 *fill*         0x000030d6        0x2 ff
 .rodata.CLOCK_GetOsc0ErClkDivFreq.str1.4
                0x000030d8       0x1e ./drivers/fsl_clock.o
 *fill*         0x000030f6        0x2 ff
 .rodata.CLOCK_GetPll0Freq.str1.4
                0x000030f8       0x1d ./drivers/fsl_clock.o
 *fill*         0x00003115        0x3 ff
 .rodata.fllFactorTable.1
                0x00003118       0x10 ./drivers/fsl_clock.o
 .rodata.s_ftmBases
                0x00003128       0x10 ./drivers/fsl_ftm.o
 .rodata.s_ftmClocks
                0x00003138       0x10 ./drivers/fsl_ftm.o
 .rodata.FTM_GetInstance.str1.4
                0x00003148       0x28 ./drivers/fsl_ftm.o
 .rodata.FTM_SetPwmSync.str1.4
                0x00003170       0x3a ./drivers/fsl_ftm.o
 *fill*         0x000031aa        0x2 ff
 .rodata.FTM_SetReloadPoints.str1.4
                0x000031ac       0x20 ./drivers/fsl_ftm.o
 .rodata.FTM_Init.str1.4
                0x000031cc       0x17 ./drivers/fsl_ftm.o
 *fill*         0x000031e3        0x1 ff
 .rodata.FTM_GetDefaultConfig.str1.4
                0x000031e4       0x1f ./drivers/fsl_ftm.o
 *fill*         0x00003203        0x1 ff
 .rodata.FTM_SetupPwm.str1.4
                0x00003204       0xcb ./drivers/fsl_ftm.o
 *fill*         0x000032cf        0x1 ff
 .rodata.FTM_UpdatePwmDutycycle.str1.4
                0x000032d0       0x3b ./drivers/fsl_ftm.o
 *fill*         0x0000330b        0x1 ff
 .rodata.GPIO_PinInit.str1.4
                0x0000330c       0x20 ./drivers/fsl_gpio.o
 .rodata        0x0000332c        0x2 ./board/pin_mux.o
 *fill*         0x0000332e        0x2 ff
 .rodata.__num_Ciob_streams
                0x00003330        0x4 c:/nxp/mcuxpressoide_11.6.0_8187/ide/plugins/com.nxp.mcuxpresso.tools.win32_11.6.0.202112161359/tools/bin/../lib/gcc/arm-none-eabi/10.3.1/../../../../arm-none-eabi/lib/thumb/v7e-m+fp/hard\libcr_semihost_nf.a(__ciob.o)
                0x00003330                __num_Ciob_streams
 .rodata.__assertion_failed.str1.1
                0x00003334       0x15 c:/nxp/mcuxpressoide_11.6.0_8187/ide/plugins/com.nxp.mcuxpresso.tools.win32_11.6.0.202112161359/tools/bin/../lib/gcc/arm-none-eabi/10.3.1/../../../../arm-none-eabi/lib/thumb/v7e-m+fp/hard\libcr_semihost_nf.a(_cr_assert.o)
 .rodata._Csys_alloc.str1.1
                0x00003349       0x18 c:/nxp/mcuxpressoide_11.6.0_8187/ide/plugins/com.nxp.mcuxpresso.tools.win32_11.6.0.202112161359/tools/bin/../lib/gcc/arm-none-eabi/10.3.1/../../../../arm-none-eabi/lib/thumb/v7e-m+fp/hard\libcr_c.a(alloc.o)
 .rodata._initio.str1.1
                0x00003361        0x4 c:/nxp/mcuxpressoide_11.6.0_8187/ide/plugins/com.nxp.mcuxpresso.tools.win32_11.6.0.202112161359/tools/bin/../lib/gcc/arm-none-eabi/10.3.1/../../../../arm-none-eabi/lib/thumb/v7e-m+fp/hard\libcr_c.a(initio.o)
                0x00003368                . = ALIGN (0x4)
 *fill*         0x00003365        0x3 ff
                0x00003368                _etext = .

.glue_7         0x00003368        0x0
 .glue_7        0x00003368        0x0 linker stubs

.glue_7t        0x00003368        0x0
 .glue_7t       0x00003368        0x0 linker stubs

.vfp11_veneer   0x00003368        0x0
 .vfp11_veneer  0x00003368        0x0 linker stubs

.v4_bx          0x00003368        0x0
 .v4_bx         0x00003368        0x0 linker stubs

.iplt           0x00003368        0x0
 .iplt          0x00003368        0x0 ./startup/startup_mkv42f16.o

.rel.dyn        0x00003368        0x0
 .rel.iplt      0x00003368        0x0 ./startup/startup_mkv42f16.o

.data_RAM2      0x1fffe000        0x0 load address 0x00003368
 FILL mask 0xff
                [!provide]                PROVIDE (__start_data_RAM2 = .)
                [!provide]                PROVIDE (__start_data_SRAM_LOWER = .)
 *(SORT_BY_ALIGNMENT(.ramfunc.$RAM2))
 *(SORT_BY_ALIGNMENT(.ramfunc.$SRAM_LOWER))
 *(SORT_BY_ALIGNMENT(.data.$RAM2))
 *(SORT_BY_ALIGNMENT(.data.$SRAM_LOWER))
 *(SORT_BY_ALIGNMENT(.data.$RAM2.*))
 *(SORT_BY_ALIGNMENT(.data.$SRAM_LOWER.*))
                0x1fffe000                . = ALIGN (0x4)
                [!provide]                PROVIDE (__end_data_RAM2 = .)
                [!provide]                PROVIDE (__end_data_SRAM_LOWER = .)

.uninit_RESERVED
                0x20000000        0x0
                0x20000000                _start_uninit_RESERVED = .
 *(SORT_BY_ALIGNMENT(.bss.$RESERVED*))
                0x20000000                . = ALIGN (0x4)
                0x20000000                _end_uninit_RESERVED = .

.data           0x20000000       0x10 load address 0x00003368
 FILL mask 0xff
                0x20000000                _data = .
                [!provide]                PROVIDE (__start_data_RAM = .)
                [!provide]                PROVIDE (__start_data_SRAM_UPPER = .)
 *(SORT_BY_ALIGNMENT(vtable))
 *(SORT_BY_ALIGNMENT(.ramfunc*))
 *(SORT_BY_ALIGNMENT(CodeQuickAccess))
 *(SORT_BY_ALIGNMENT(DataQuickAccess))
 *(SORT_BY_ALIGNMENT(RamFunction))
 *(SORT_BY_ALIGNMENT(.data*))
 .data.second   0x20000000        0x4 ./my_source/MKV42F16_Project_5_may.o
                0x20000000                second
 .data.Hall_Sector
                0x20000004        0x4 ./my_source/MKV42F16_Project_5_may.o
                0x20000004                Hall_Sector
 .data.s_slowIrcFreq
                0x20000008        0x4 ./drivers/fsl_clock.o
 .data.s_fastIrcFreq
                0x2000000c        0x4 ./drivers/fsl_clock.o
                0x20000010                . = ALIGN (0x4)
                0x20000010                _edata = .
                [!provide]                PROVIDE (__end_data_RAM = .)
                [!provide]                PROVIDE (__end_data_SRAM_UPPER = .)

.igot.plt       0x20000010        0x0 load address 0x00003378
 .igot.plt      0x20000010        0x0 ./startup/startup_mkv42f16.o

.bss_RAM2       0x1fffe000        0x0
                [!provide]                PROVIDE (__start_bss_RAM2 = .)
                [!provide]                PROVIDE (__start_bss_SRAM_LOWER = .)
 *(SORT_BY_ALIGNMENT(.bss.$RAM2))
 *(SORT_BY_ALIGNMENT(.bss.$SRAM_LOWER))
 *(SORT_BY_ALIGNMENT(.bss.$RAM2.*))
 *(SORT_BY_ALIGNMENT(.bss.$SRAM_LOWER.*))
                0x1fffe000                . = ALIGN ((. != 0x0)?0x4:0x1)
                [!provide]                PROVIDE (__end_bss_RAM2 = .)
                [!provide]                PROVIDE (__end_bss_SRAM_LOWER = .)

.bss            0x20000010      0x144
                0x20000010                _bss = .
                [!provide]                PROVIDE (__start_bss_RAM = .)
                [!provide]                PROVIDE (__start_bss_SRAM_UPPER = .)
 *(SORT_BY_ALIGNMENT(.bss*))
 .bss.updatedDutycycle
                0x20000010        0x4 ./my_source/MKV42F16_Project_5_may.o
                0x20000010                updatedDutycycle
 .bss.milisecondCounts
                0x20000014        0x4 ./my_source/MKV42F16_Project_5_may.o
                0x20000014                milisecondCounts
 .bss.second_cnt
                0x20000018        0x4 ./my_source/MKV42F16_Project_5_may.o
                0x20000018                second_cnt
 .bss.delayCounter
                0x2000001c        0x4 ./my_source/MKV42F16_Project_5_may.o
                0x2000001c                delayCounter
 .bss.HallAFirstCapture_fl
                0x20000020        0x4 ./my_source/MKV42F16_Project_5_may.o
                0x20000020                HallAFirstCapture_fl
 .bss.HallBFirstCapture_fl
                0x20000024        0x4 ./my_source/MKV42F16_Project_5_may.o
                0x20000024                HallBFirstCapture_fl
 .bss.HallCFirstCapture_fl
                0x20000028        0x4 ./my_source/MKV42F16_Project_5_may.o
                0x20000028                HallCFirstCapture_fl
 .bss.HallAFreq
                0x2000002c        0x4 ./my_source/MKV42F16_Project_5_may.o
                0x2000002c                HallAFreq
 .bss.HallA_rpm
                0x20000030        0x4 ./my_source/MKV42F16_Project_5_may.o
                0x20000030                HallA_rpm
 .bss.HallA_mech_rpm
                0x20000034        0x4 ./my_source/MKV42F16_Project_5_may.o
                0x20000034                HallA_mech_rpm
 .bss.Hall_Sector_old
                0x20000038        0x4 ./my_source/MKV42F16_Project_5_may.o
                0x20000038                Hall_Sector_old
 .bss.SectorError_fl
                0x2000003c        0x4 ./my_source/MKV42F16_Project_5_may.o
                0x2000003c                SectorError_fl
 .bss.HallA_cnt_fl
                0x20000040        0x4 ./my_source/MKV42F16_Project_5_may.o
                0x20000040                HallA_cnt_fl
 .bss.HallA_cnt
                0x20000044        0x4 ./my_source/MKV42F16_Project_5_may.o
                0x20000044                HallA_cnt
 .bss.HallA_zero_speed_fl
                0x20000048        0x4 ./my_source/MKV42F16_Project_5_may.o
                0x20000048                HallA_zero_speed_fl
 .bss.speed_calc_fl
                0x2000004c        0x4 ./my_source/MKV42F16_Project_5_may.o
                0x2000004c                speed_calc_fl
 .bss.pid_calculator_count
                0x20000050        0x4 ./my_source/MKV42F16_Project_5_may.o
                0x20000050                pid_calculator_count
 .bss.PID_struct
                0x20000054       0x2c ./my_source/MKV42F16_Project_5_may.o
                0x20000054                PID_struct
 .bss.g_xtal0Freq
                0x20000080        0x4 ./drivers/fsl_clock.o
                0x20000080                g_xtal0Freq
 .bss.s_uartHandle
                0x20000084        0x8 ./drivers/fsl_uart.o
 .bss.s_uartIsr
                0x2000008c        0x4 ./drivers/fsl_uart.o
 .bss.__Ciob    0x20000090       0xb4 c:/nxp/mcuxpressoide_11.6.0_8187/ide/plugins/com.nxp.mcuxpresso.tools.win32_11.6.0.202112161359/tools/bin/../lib/gcc/arm-none-eabi/10.3.1/../../../../arm-none-eabi/lib/thumb/v7e-m+fp/hard\libcr_semihost_nf.a(__ciob.o)
                0x20000090                __Ciob
 .bss.__end_of_heap
                0x20000144        0x4 c:/nxp/mcuxpressoide_11.6.0_8187/ide/plugins/com.nxp.mcuxpresso.tools.win32_11.6.0.202112161359/tools/bin/../lib/gcc/arm-none-eabi/10.3.1/../../../../arm-none-eabi/lib/thumb/v7e-m+fp/hard\libcr_c.a(__init_alloc.o)
                0x20000144                __end_of_heap
 .bss.__heaps   0x20000148        0x4 c:/nxp/mcuxpressoide_11.6.0_8187/ide/plugins/com.nxp.mcuxpresso.tools.win32_11.6.0.202112161359/tools/bin/../lib/gcc/arm-none-eabi/10.3.1/../../../../arm-none-eabi/lib/thumb/v7e-m+fp/hard\libcr_c.a(__init_alloc.o)
                0x20000148                __heaps
 .bss.errno     0x2000014c        0x4 c:/nxp/mcuxpressoide_11.6.0_8187/ide/plugins/com.nxp.mcuxpresso.tools.win32_11.6.0.202112161359/tools/bin/../lib/gcc/arm-none-eabi/10.3.1/../../../../arm-none-eabi/lib/thumb/v7e-m+fp/hard\libcr_c.a(errno.o)
                0x2000014c                errno
 .bss.Align_fl  0x20000150        0x1 ./my_source/MKV42F16_Project_5_may.o
                0x20000150                Align_fl
 *(SORT_BY_ALIGNMENT(COMMON))
                0x20000154                . = ALIGN (0x4)
 *fill*         0x20000151        0x3 
                0x20000154                _ebss = .
                [!provide]                PROVIDE (__end_bss_RAM = .)
                [!provide]                PROVIDE (__end_bss_SRAM_UPPER = .)
                [!provide]                PROVIDE (end = .)

.noinit_RAM2    0x1fffe000        0x0
                [!provide]                PROVIDE (__start_noinit_RAM2 = .)
                [!provide]                PROVIDE (__start_noinit_SRAM_LOWER = .)
 *(SORT_BY_ALIGNMENT(.noinit.$RAM2))
 *(SORT_BY_ALIGNMENT(.noinit.$SRAM_LOWER))
 *(SORT_BY_ALIGNMENT(.noinit.$RAM2.*))
 *(SORT_BY_ALIGNMENT(.noinit.$SRAM_LOWER.*))
                0x1fffe000                . = ALIGN (0x4)
                [!provide]                PROVIDE (__end_noinit_RAM2 = .)
                [!provide]                PROVIDE (__end_noinit_SRAM_LOWER = .)

.noinit         0x20000154        0x0
                0x20000154                _noinit = .
                [!provide]                PROVIDE (__start_noinit_RAM = .)
                [!provide]                PROVIDE (__start_noinit_SRAM_UPPER = .)
 *(SORT_BY_ALIGNMENT(.noinit*))
                0x20000154                . = ALIGN (0x4)
                0x20000154                _end_noinit = .
                [!provide]                PROVIDE (__end_noinit_RAM = .)
                [!provide]                PROVIDE (__end_noinit_SRAM_UPPER = .)

.ARM.extab
 *(SORT_BY_ALIGNMENT(.ARM.extab*) SORT_BY_ALIGNMENT(.gnu.linkonce.armextab.*))

.ARM.exidx      0x00003378        0x0
                0x00003378                __exidx_start = .
 *(SORT_BY_ALIGNMENT(.ARM.exidx*) SORT_BY_ALIGNMENT(.gnu.linkonce.armexidx.*))
                0x00003378                __exidx_end = .
                0x00000200                _HeapSize = 0x200

.heap           0x20000154      0x200
                0x20000154                _pvHeapStart = .
                0x20000354                . = (. + _HeapSize)
 *fill*         0x20000154      0x200 
                0x20000354                . = ALIGN (0x4)
                0x20000354                _pvHeapLimit = .
                0x00000200                _StackSize = 0x200

.heap2stackfill
                0x20000354      0x200
                0x20000554                . = (. + _StackSize)
 *fill*         0x20000354      0x200 

.stack          0x20001e00        0x0
                0x20001e00                _vStackBase = .
                0x20001e00                . = ALIGN (0x4)
                0x20002000                _vStackTop = (. + _StackSize)
                0x00000000                _image_start = LOADADDR (.text)
                0x00003378                _image_end = (LOADADDR (.data) + SIZEOF (.data))
                0x00003378                _image_size = (_image_end - _image_start)
OUTPUT(MKV42F16_Project_5_May_code.axf elf32-littlearm)
LOAD linker stubs

.debug_info     0x00000000     0x8f98
 .debug_info    0x00000000      0xa44 ./startup/startup_mkv42f16.o
 .debug_info    0x00000a44     0x19dc ./my_source/MKV42F16_Project_5_may.o
 .debug_info    0x00002420       0x3c ./my_source/semihost_hardfault.o
 .debug_info    0x0000245c     0x1a51 ./drivers/fsl_clock.o
 .debug_info    0x00003ead     0x1584 ./drivers/fsl_ftm.o
 .debug_info    0x00005431      0x67e ./drivers/fsl_gpio.o
 .debug_info    0x00005aaf     0x1a4e ./drivers/fsl_uart.o
 .debug_info    0x000074fd      0x6a6 ./device/system_MKV42F16.o
 .debug_info    0x00007ba3       0x82 ./board/board.o
 .debug_info    0x00007c25      0xb60 ./board/clock_config.o
 .debug_info    0x00008785       0x3c ./board/peripherals.o
 .debug_info    0x000087c1      0x7d7 ./board/pin_mux.o

.debug_abbrev   0x00000000     0x1542
 .debug_abbrev  0x00000000      0x185 ./startup/startup_mkv42f16.o
 .debug_abbrev  0x00000185      0x358 ./my_source/MKV42F16_Project_5_may.o
 .debug_abbrev  0x000004dd       0x31 ./my_source/semihost_hardfault.o
 .debug_abbrev  0x0000050e      0x36a ./drivers/fsl_clock.o
 .debug_abbrev  0x00000878      0x290 ./drivers/fsl_ftm.o
 .debug_abbrev  0x00000b08      0x186 ./drivers/fsl_gpio.o
 .debug_abbrev  0x00000c8e      0x2ff ./drivers/fsl_uart.o
 .debug_abbrev  0x00000f8d      0x148 ./device/system_MKV42F16.o
 .debug_abbrev  0x000010d5       0x47 ./board/board.o
 .debug_abbrev  0x0000111c      0x21d ./board/clock_config.o
 .debug_abbrev  0x00001339       0x31 ./board/peripherals.o
 .debug_abbrev  0x0000136a      0x1d8 ./board/pin_mux.o

.debug_aranges  0x00000000      0x9a8
 .debug_aranges
                0x00000000      0x3a0 ./startup/startup_mkv42f16.o
 .debug_aranges
                0x000003a0       0xc0 ./my_source/MKV42F16_Project_5_may.o
 .debug_aranges
                0x00000460       0x20 ./my_source/semihost_hardfault.o
 .debug_aranges
                0x00000480      0x1d0 ./drivers/fsl_clock.o
 .debug_aranges
                0x00000650       0xd8 ./drivers/fsl_ftm.o
 .debug_aranges
                0x00000728       0x40 ./drivers/fsl_gpio.o
 .debug_aranges
                0x00000768      0x140 ./drivers/fsl_uart.o
 .debug_aranges
                0x000008a8       0x30 ./device/system_MKV42F16.o
 .debug_aranges
                0x000008d8       0x20 ./board/board.o
 .debug_aranges
                0x000008f8       0x50 ./board/clock_config.o
 .debug_aranges
                0x00000948       0x20 ./board/peripherals.o
 .debug_aranges
                0x00000968       0x40 ./board/pin_mux.o

.debug_ranges   0x00000000      0x8e8
 .debug_ranges  0x00000000      0x390 ./startup/startup_mkv42f16.o
 .debug_ranges  0x00000390       0xb0 ./my_source/MKV42F16_Project_5_may.o
 .debug_ranges  0x00000440       0x10 ./my_source/semihost_hardfault.o
 .debug_ranges  0x00000450      0x1c0 ./drivers/fsl_clock.o
 .debug_ranges  0x00000610       0xc8 ./drivers/fsl_ftm.o
 .debug_ranges  0x000006d8       0x30 ./drivers/fsl_gpio.o
 .debug_ranges  0x00000708      0x130 ./drivers/fsl_uart.o
 .debug_ranges  0x00000838       0x20 ./device/system_MKV42F16.o
 .debug_ranges  0x00000858       0x10 ./board/board.o
 .debug_ranges  0x00000868       0x40 ./board/clock_config.o
 .debug_ranges  0x000008a8       0x10 ./board/peripherals.o
 .debug_ranges  0x000008b8       0x30 ./board/pin_mux.o

.debug_macro    0x00000000      0xc7e
 .debug_macro   0x00000000       0x29 ./startup/startup_mkv42f16.o
 .debug_macro   0x00000029      0x230 ./my_source/MKV42F16_Project_5_may.o
 .debug_macro   0x00000259       0xd8 ./my_source/MKV42F16_Project_5_may.o
 .debug_macro   0x00000331       0x10 ./my_source/MKV42F16_Project_5_may.o
 .debug_macro   0x00000341       0x34 ./my_source/MKV42F16_Project_5_may.o
 .debug_macro   0x00000375       0x22 ./my_source/MKV42F16_Project_5_may.o
 .debug_macro   0x00000397       0x10 ./my_source/MKV42F16_Project_5_may.o
 .debug_macro   0x000003a7       0x2e ./my_source/MKV42F16_Project_5_may.o
 .debug_macro   0x000003d5       0x16 ./my_source/MKV42F16_Project_5_may.o
 .debug_macro   0x000003eb       0x16 ./my_source/MKV42F16_Project_5_may.o
 .debug_macro   0x00000401       0x10 ./my_source/MKV42F16_Project_5_may.o
 .debug_macro   0x00000411       0x1c ./my_source/MKV42F16_Project_5_may.o
 .debug_macro   0x0000042d       0x10 ./my_source/MKV42F16_Project_5_may.o
 .debug_macro   0x0000043d       0x11 ./my_source/semihost_hardfault.o
 .debug_macro   0x0000044e      0x1c0 ./drivers/fsl_clock.o
 .debug_macro   0x0000060e      0x104 ./drivers/fsl_ftm.o
 .debug_macro   0x00000712      0x103 ./drivers/fsl_gpio.o
 .debug_macro   0x00000815       0x10 ./drivers/fsl_gpio.o
 .debug_macro   0x00000825      0x109 ./drivers/fsl_uart.o
 .debug_macro   0x0000092e       0x10 ./drivers/fsl_uart.o
 .debug_macro   0x0000093e       0x98 ./device/system_MKV42F16.o
 .debug_macro   0x000009d6       0x45 ./board/board.o
 .debug_macro   0x00000a1b      0x129 ./board/clock_config.o
 .debug_macro   0x00000b44       0x1b ./board/peripherals.o
 .debug_macro   0x00000b5f      0x109 ./board/pin_mux.o
 .debug_macro   0x00000c68       0x16 ./board/pin_mux.o

.debug_line     0x00000000     0x5de3
 .debug_line    0x00000000      0xa62 ./startup/startup_mkv42f16.o
 .debug_line    0x00000a62      0xd2e ./my_source/MKV42F16_Project_5_may.o
 .debug_line    0x00001790       0x5c ./my_source/semihost_hardfault.o
 .debug_line    0x000017ec     0x12ea ./drivers/fsl_clock.o
 .debug_line    0x00002ad6      0xec3 ./drivers/fsl_ftm.o
 .debug_line    0x00003999      0x40f ./drivers/fsl_gpio.o
 .debug_line    0x00003da8     0x11c2 ./drivers/fsl_uart.o
 .debug_line    0x00004f6a      0x3ac ./device/system_MKV42F16.o
 .debug_line    0x00005316      0x180 ./board/board.o
 .debug_line    0x00005496      0x46a ./board/clock_config.o
 .debug_line    0x00005900       0x5c ./board/peripherals.o
 .debug_line    0x0000595c      0x487 ./board/pin_mux.o

.debug_str      0x00000000    0x71df1
 .debug_str     0x00000000     0x372b ./startup/startup_mkv42f16.o
                               0x37f6 (size before relaxing)
 .debug_str     0x0000372b    0x6af45 ./my_source/MKV42F16_Project_5_may.o
                              0x6dee9 (size before relaxing)
 .debug_str     0x0006e670       0x22 ./my_source/semihost_hardfault.o
                               0x2e0d (size before relaxing)
 .debug_str     0x0006e692     0x1728 ./drivers/fsl_clock.o
                              0x6cb73 (size before relaxing)
 .debug_str     0x0006fdba      0x9ee ./drivers/fsl_ftm.o
                              0x6c4ca (size before relaxing)
 .debug_str     0x000707a8      0x182 ./drivers/fsl_gpio.o
                              0x6b483 (size before relaxing)
 .debug_str     0x0007092a      0xd45 ./drivers/fsl_uart.o
                              0x6c986 (size before relaxing)
 .debug_str     0x0007166f      0x122 ./device/system_MKV42F16.o
                              0x69d4b (size before relaxing)
 .debug_str     0x00071791       0x28 ./board/board.o
                               0x44e1 (size before relaxing)
 .debug_str     0x000717b9      0x2f1 ./board/clock_config.o
                              0x6ba17 (size before relaxing)
 .debug_str     0x00071aaa       0x31 ./board/peripherals.o
                               0x2e1b (size before relaxing)
 .debug_str     0x00071adb      0x316 ./board/pin_mux.o
                              0x6b288 (size before relaxing)

.comment        0x00000000       0x49
 .comment       0x00000000       0x49 ./startup/startup_mkv42f16.o
                                 0x4a (size before relaxing)
 .comment       0x00000049       0x4a ./my_source/MKV42F16_Project_5_may.o
 .comment       0x00000049       0x4a ./my_source/semihost_hardfault.o
 .comment       0x00000049       0x4a ./drivers/fsl_clock.o
 .comment       0x00000049       0x4a ./drivers/fsl_ftm.o
 .comment       0x00000049       0x4a ./drivers/fsl_gpio.o
 .comment       0x00000049       0x4a ./drivers/fsl_uart.o
 .comment       0x00000049       0x4a ./device/system_MKV42F16.o
 .comment       0x00000049       0x4a ./board/board.o
 .comment       0x00000049       0x4a ./board/clock_config.o
 .comment       0x00000049       0x4a ./board/peripherals.o
 .comment       0x00000049       0x4a ./board/pin_mux.o
 .comment       0x00000049       0x4a c:/nxp/mcuxpressoide_11.6.0_8187/ide/plugins/com.nxp.mcuxpresso.tools.win32_11.6.0.202112161359/tools/bin/../lib/gcc/arm-none-eabi/10.3.1/../../../../arm-none-eabi/lib/thumb/v7e-m+fp/hard\libcr_semihost_nf.a(_cr__main.o)
 .comment       0x00000049       0x4a c:/nxp/mcuxpressoide_11.6.0_8187/ide/plugins/com.nxp.mcuxpresso.tools.win32_11.6.0.202112161359/tools/bin/../lib/gcc/arm-none-eabi/10.3.1/../../../../arm-none-eabi/lib/thumb/v7e-m+fp/hard\libcr_semihost_nf.a(_cr_assert.o)
 .comment       0x00000049       0x4a c:/nxp/mcuxpressoide_11.6.0_8187/ide/plugins/com.nxp.mcuxpresso.tools.win32_11.6.0.202112161359/tools/bin/../lib/gcc/arm-none-eabi/10.3.1/../../../../arm-none-eabi/lib/thumb/v7e-m+fp/hard\libcr_semihost_nf.a(__ciob.o)
 .comment       0x00000049       0x4a c:/nxp/mcuxpressoide_11.6.0_8187/ide/plugins/com.nxp.mcuxpresso.tools.win32_11.6.0.202112161359/tools/bin/../lib/gcc/arm-none-eabi/10.3.1/../../../../arm-none-eabi/lib/thumb/v7e-m+fp/hard\libcr_c.a(memset.o)
 .comment       0x00000049       0x4a c:/nxp/mcuxpressoide_11.6.0_8187/ide/plugins/com.nxp.mcuxpresso.tools.win32_11.6.0.202112161359/tools/bin/../lib/gcc/arm-none-eabi/10.3.1/../../../../arm-none-eabi/lib/thumb/v7e-m+fp/hard\libcr_c.a(_deferredlazyseek.o)
 .comment       0x00000049       0x4a c:/nxp/mcuxpressoide_11.6.0_8187/ide/plugins/com.nxp.mcuxpresso.tools.win32_11.6.0.202112161359/tools/bin/../lib/gcc/arm-none-eabi/10.3.1/../../../../arm-none-eabi/lib/thumb/v7e-m+fp/hard\libcr_c.a(_fflush.o)
 .comment       0x00000049       0x4a c:/nxp/mcuxpressoide_11.6.0_8187/ide/plugins/com.nxp.mcuxpresso.tools.win32_11.6.0.202112161359/tools/bin/../lib/gcc/arm-none-eabi/10.3.1/../../../../arm-none-eabi/lib/thumb/v7e-m+fp/hard\libcr_c.a(_writebuf.o)
 .comment       0x00000049       0x4a c:/nxp/mcuxpressoide_11.6.0_8187/ide/plugins/com.nxp.mcuxpresso.tools.win32_11.6.0.202112161359/tools/bin/../lib/gcc/arm-none-eabi/10.3.1/../../../../arm-none-eabi/lib/thumb/v7e-m+fp/hard\libcr_c.a(alloc.o)
 .comment       0x00000049       0x4a c:/nxp/mcuxpressoide_11.6.0_8187/ide/plugins/com.nxp.mcuxpresso.tools.win32_11.6.0.202112161359/tools/bin/../lib/gcc/arm-none-eabi/10.3.1/../../../../arm-none-eabi/lib/thumb/v7e-m+fp/hard\libcr_c.a(fputs.o)
 .comment       0x00000049       0x4a c:/nxp/mcuxpressoide_11.6.0_8187/ide/plugins/com.nxp.mcuxpresso.tools.win32_11.6.0.202112161359/tools/bin/../lib/gcc/arm-none-eabi/10.3.1/../../../../arm-none-eabi/lib/thumb/v7e-m+fp/hard\libcr_c.a(fseek.o)
 .comment       0x00000049       0x4a c:/nxp/mcuxpressoide_11.6.0_8187/ide/plugins/com.nxp.mcuxpresso.tools.win32_11.6.0.202112161359/tools/bin/../lib/gcc/arm-none-eabi/10.3.1/../../../../arm-none-eabi/lib/thumb/v7e-m+fp/hard\libcr_c.a(ftell.o)
 .comment       0x00000049       0x4a c:/nxp/mcuxpressoide_11.6.0_8187/ide/plugins/com.nxp.mcuxpresso.tools.win32_11.6.0.202112161359/tools/bin/../lib/gcc/arm-none-eabi/10.3.1/../../../../arm-none-eabi/lib/thumb/v7e-m+fp/hard\libcr_c.a(initio.o)
 .comment       0x00000049       0x4a c:/nxp/mcuxpressoide_11.6.0_8187/ide/plugins/com.nxp.mcuxpresso.tools.win32_11.6.0.202112161359/tools/bin/../lib/gcc/arm-none-eabi/10.3.1/../../../../arm-none-eabi/lib/thumb/v7e-m+fp/hard\libcr_c.a(setvbuf.o)
 .comment       0x00000049       0x4a c:/nxp/mcuxpressoide_11.6.0_8187/ide/plugins/com.nxp.mcuxpresso.tools.win32_11.6.0.202112161359/tools/bin/../lib/gcc/arm-none-eabi/10.3.1/../../../../arm-none-eabi/lib/thumb/v7e-m+fp/hard\libcr_c.a(strlen.o)
 .comment       0x00000049       0x4a c:/nxp/mcuxpressoide_11.6.0_8187/ide/plugins/com.nxp.mcuxpresso.tools.win32_11.6.0.202112161359/tools/bin/../lib/gcc/arm-none-eabi/10.3.1/../../../../arm-none-eabi/lib/thumb/v7e-m+fp/hard\libcr_c.a(__init_alloc.o)
 .comment       0x00000049       0x4a c:/nxp/mcuxpressoide_11.6.0_8187/ide/plugins/com.nxp.mcuxpresso.tools.win32_11.6.0.202112161359/tools/bin/../lib/gcc/arm-none-eabi/10.3.1/../../../../arm-none-eabi/lib/thumb/v7e-m+fp/hard\libcr_c.a(_cr_sbrk.o)
 .comment       0x00000049       0x4a c:/nxp/mcuxpressoide_11.6.0_8187/ide/plugins/com.nxp.mcuxpresso.tools.win32_11.6.0.202112161359/tools/bin/../lib/gcc/arm-none-eabi/10.3.1/../../../../arm-none-eabi/lib/thumb/v7e-m+fp/hard\libcr_c.a(_fdopen.o)
 .comment       0x00000049       0x4a c:/nxp/mcuxpressoide_11.6.0_8187/ide/plugins/com.nxp.mcuxpresso.tools.win32_11.6.0.202112161359/tools/bin/../lib/gcc/arm-none-eabi/10.3.1/../../../../arm-none-eabi/lib/thumb/v7e-m+fp/hard\libcr_c.a(errno.o)
 .comment       0x00000049       0x4a c:/nxp/mcuxpressoide_11.6.0_8187/ide/plugins/com.nxp.mcuxpresso.tools.win32_11.6.0.202112161359/tools/bin/../lib/gcc/arm-none-eabi/10.3.1/../../../../arm-none-eabi/lib/thumb/v7e-m+fp/hard\libcr_c.a(fclose.o)
 .comment       0x00000049       0x4a c:/nxp/mcuxpressoide_11.6.0_8187/ide/plugins/com.nxp.mcuxpresso.tools.win32_11.6.0.202112161359/tools/bin/../lib/gcc/arm-none-eabi/10.3.1/../../../../arm-none-eabi/lib/thumb/v7e-m+fp/hard\libcr_c.a(fflush.o)
 .comment       0x00000049       0x4a c:/nxp/mcuxpressoide_11.6.0_8187/ide/plugins/com.nxp.mcuxpresso.tools.win32_11.6.0.202112161359/tools/bin/../lib/gcc/arm-none-eabi/10.3.1/../../../../arm-none-eabi/lib/thumb/v7e-m+fp/hard\libcr_c.a(remove.o)
 .comment       0x00000049       0x4a c:/nxp/mcuxpressoide_11.6.0_8187/ide/plugins/com.nxp.mcuxpresso.tools.win32_11.6.0.202112161359/tools/bin/../lib/gcc/arm-none-eabi/10.3.1/../../../../arm-none-eabi/lib/thumb/v7e-m+fp/hard\libcr_c.a(_cr_check_heap.o)
 .comment       0x00000049       0x4a c:/nxp/mcuxpressoide_11.6.0_8187/ide/plugins/com.nxp.mcuxpresso.tools.win32_11.6.0.202112161359/tools/bin/../lib/gcc/arm-none-eabi/10.3.1/../../../../arm-none-eabi/lib/thumb/v7e-m+fp/hard\libcr_c.a(_do_fflush.o)

.ARM.attributes
                0x00000000       0x32
 .ARM.attributes
                0x00000000       0x34 ./startup/startup_mkv42f16.o
 .ARM.attributes
                0x00000034       0x34 ./my_source/MKV42F16_Project_5_may.o
 .ARM.attributes
                0x00000068       0x34 ./my_source/semihost_hardfault.o
 .ARM.attributes
                0x0000009c       0x34 ./drivers/fsl_clock.o
 .ARM.attributes
                0x000000d0       0x34 ./drivers/fsl_ftm.o
 .ARM.attributes
                0x00000104       0x34 ./drivers/fsl_gpio.o
 .ARM.attributes
                0x00000138       0x34 ./drivers/fsl_uart.o
 .ARM.attributes
                0x0000016c       0x34 ./device/system_MKV42F16.o
 .ARM.attributes
                0x000001a0       0x34 ./board/board.o
 .ARM.attributes
                0x000001d4       0x34 ./board/clock_config.o
 .ARM.attributes
                0x00000208       0x34 ./board/peripherals.o
 .ARM.attributes
                0x0000023c       0x34 ./board/pin_mux.o
 .ARM.attributes
                0x00000270       0x34 c:/nxp/mcuxpressoide_11.6.0_8187/ide/plugins/com.nxp.mcuxpresso.tools.win32_11.6.0.202112161359/tools/bin/../lib/gcc/arm-none-eabi/10.3.1/../../../../arm-none-eabi/lib/thumb/v7e-m+fp/hard\libcr_semihost_nf.a(_cr__main.o)
 .ARM.attributes
                0x000002a4       0x34 c:/nxp/mcuxpressoide_11.6.0_8187/ide/plugins/com.nxp.mcuxpresso.tools.win32_11.6.0.202112161359/tools/bin/../lib/gcc/arm-none-eabi/10.3.1/../../../../arm-none-eabi/lib/thumb/v7e-m+fp/hard\libcr_semihost_nf.a(_cr_assert.o)
 .ARM.attributes
                0x000002d8       0x34 c:/nxp/mcuxpressoide_11.6.0_8187/ide/plugins/com.nxp.mcuxpresso.tools.win32_11.6.0.202112161359/tools/bin/../lib/gcc/arm-none-eabi/10.3.1/../../../../arm-none-eabi/lib/thumb/v7e-m+fp/hard\libcr_semihost_nf.a(__ciob.o)
 .ARM.attributes
                0x0000030c       0x20 c:/nxp/mcuxpressoide_11.6.0_8187/ide/plugins/com.nxp.mcuxpresso.tools.win32_11.6.0.202112161359/tools/bin/../lib/gcc/arm-none-eabi/10.3.1/../../../../arm-none-eabi/lib/thumb/v7e-m+fp/hard\libcr_semihost_nf.a(__sys_appexit.o)
 .ARM.attributes
                0x0000032c       0x34 c:/nxp/mcuxpressoide_11.6.0_8187/ide/plugins/com.nxp.mcuxpresso.tools.win32_11.6.0.202112161359/tools/bin/../lib/gcc/arm-none-eabi/10.3.1/../../../../arm-none-eabi/lib/thumb/v7e-m+fp/hard\libcr_c.a(memset.o)
 .ARM.attributes
                0x00000360       0x34 c:/nxp/mcuxpressoide_11.6.0_8187/ide/plugins/com.nxp.mcuxpresso.tools.win32_11.6.0.202112161359/tools/bin/../lib/gcc/arm-none-eabi/10.3.1/../../../../arm-none-eabi/lib/thumb/v7e-m+fp/hard\libcr_c.a(_deferredlazyseek.o)
 .ARM.attributes
                0x00000394       0x34 c:/nxp/mcuxpressoide_11.6.0_8187/ide/plugins/com.nxp.mcuxpresso.tools.win32_11.6.0.202112161359/tools/bin/../lib/gcc/arm-none-eabi/10.3.1/../../../../arm-none-eabi/lib/thumb/v7e-m+fp/hard\libcr_c.a(_fflush.o)
 .ARM.attributes
                0x000003c8       0x34 c:/nxp/mcuxpressoide_11.6.0_8187/ide/plugins/com.nxp.mcuxpresso.tools.win32_11.6.0.202112161359/tools/bin/../lib/gcc/arm-none-eabi/10.3.1/../../../../arm-none-eabi/lib/thumb/v7e-m+fp/hard\libcr_c.a(_writebuf.o)
 .ARM.attributes
                0x000003fc       0x34 c:/nxp/mcuxpressoide_11.6.0_8187/ide/plugins/com.nxp.mcuxpresso.tools.win32_11.6.0.202112161359/tools/bin/../lib/gcc/arm-none-eabi/10.3.1/../../../../arm-none-eabi/lib/thumb/v7e-m+fp/hard\libcr_c.a(alloc.o)
 .ARM.attributes
                0x00000430       0x34 c:/nxp/mcuxpressoide_11.6.0_8187/ide/plugins/com.nxp.mcuxpresso.tools.win32_11.6.0.202112161359/tools/bin/../lib/gcc/arm-none-eabi/10.3.1/../../../../arm-none-eabi/lib/thumb/v7e-m+fp/hard\libcr_c.a(fputs.o)
 .ARM.attributes
                0x00000464       0x34 c:/nxp/mcuxpressoide_11.6.0_8187/ide/plugins/com.nxp.mcuxpresso.tools.win32_11.6.0.202112161359/tools/bin/../lib/gcc/arm-none-eabi/10.3.1/../../../../arm-none-eabi/lib/thumb/v7e-m+fp/hard\libcr_c.a(fseek.o)
 .ARM.attributes
                0x00000498       0x34 c:/nxp/mcuxpressoide_11.6.0_8187/ide/plugins/com.nxp.mcuxpresso.tools.win32_11.6.0.202112161359/tools/bin/../lib/gcc/arm-none-eabi/10.3.1/../../../../arm-none-eabi/lib/thumb/v7e-m+fp/hard\libcr_c.a(ftell.o)
 .ARM.attributes
                0x000004cc       0x34 c:/nxp/mcuxpressoide_11.6.0_8187/ide/plugins/com.nxp.mcuxpresso.tools.win32_11.6.0.202112161359/tools/bin/../lib/gcc/arm-none-eabi/10.3.1/../../../../arm-none-eabi/lib/thumb/v7e-m+fp/hard\libcr_c.a(initio.o)
 .ARM.attributes
                0x00000500       0x34 c:/nxp/mcuxpressoide_11.6.0_8187/ide/plugins/com.nxp.mcuxpresso.tools.win32_11.6.0.202112161359/tools/bin/../lib/gcc/arm-none-eabi/10.3.1/../../../../arm-none-eabi/lib/thumb/v7e-m+fp/hard\libcr_c.a(setvbuf.o)
 .ARM.attributes
                0x00000534       0x34 c:/nxp/mcuxpressoide_11.6.0_8187/ide/plugins/com.nxp.mcuxpresso.tools.win32_11.6.0.202112161359/tools/bin/../lib/gcc/arm-none-eabi/10.3.1/../../../../arm-none-eabi/lib/thumb/v7e-m+fp/hard\libcr_c.a(strlen.o)
 .ARM.attributes
                0x00000568       0x34 c:/nxp/mcuxpressoide_11.6.0_8187/ide/plugins/com.nxp.mcuxpresso.tools.win32_11.6.0.202112161359/tools/bin/../lib/gcc/arm-none-eabi/10.3.1/../../../../arm-none-eabi/lib/thumb/v7e-m+fp/hard\libcr_c.a(__init_alloc.o)
 .ARM.attributes
                0x0000059c       0x34 c:/nxp/mcuxpressoide_11.6.0_8187/ide/plugins/com.nxp.mcuxpresso.tools.win32_11.6.0.202112161359/tools/bin/../lib/gcc/arm-none-eabi/10.3.1/../../../../arm-none-eabi/lib/thumb/v7e-m+fp/hard\libcr_c.a(_cr_sbrk.o)
 .ARM.attributes
                0x000005d0       0x34 c:/nxp/mcuxpressoide_11.6.0_8187/ide/plugins/com.nxp.mcuxpresso.tools.win32_11.6.0.202112161359/tools/bin/../lib/gcc/arm-none-eabi/10.3.1/../../../../arm-none-eabi/lib/thumb/v7e-m+fp/hard\libcr_c.a(_fdopen.o)
 .ARM.attributes
                0x00000604       0x34 c:/nxp/mcuxpressoide_11.6.0_8187/ide/plugins/com.nxp.mcuxpresso.tools.win32_11.6.0.202112161359/tools/bin/../lib/gcc/arm-none-eabi/10.3.1/../../../../arm-none-eabi/lib/thumb/v7e-m+fp/hard\libcr_c.a(errno.o)
 .ARM.attributes
                0x00000638       0x34 c:/nxp/mcuxpressoide_11.6.0_8187/ide/plugins/com.nxp.mcuxpresso.tools.win32_11.6.0.202112161359/tools/bin/../lib/gcc/arm-none-eabi/10.3.1/../../../../arm-none-eabi/lib/thumb/v7e-m+fp/hard\libcr_c.a(fclose.o)
 .ARM.attributes
                0x0000066c       0x34 c:/nxp/mcuxpressoide_11.6.0_8187/ide/plugins/com.nxp.mcuxpresso.tools.win32_11.6.0.202112161359/tools/bin/../lib/gcc/arm-none-eabi/10.3.1/../../../../arm-none-eabi/lib/thumb/v7e-m+fp/hard\libcr_c.a(fflush.o)
 .ARM.attributes
                0x000006a0       0x34 c:/nxp/mcuxpressoide_11.6.0_8187/ide/plugins/com.nxp.mcuxpresso.tools.win32_11.6.0.202112161359/tools/bin/../lib/gcc/arm-none-eabi/10.3.1/../../../../arm-none-eabi/lib/thumb/v7e-m+fp/hard\libcr_c.a(remove.o)
 .ARM.attributes
                0x000006d4       0x34 c:/nxp/mcuxpressoide_11.6.0_8187/ide/plugins/com.nxp.mcuxpresso.tools.win32_11.6.0.202112161359/tools/bin/../lib/gcc/arm-none-eabi/10.3.1/../../../../arm-none-eabi/lib/thumb/v7e-m+fp/hard\libcr_c.a(_cr_check_heap.o)
 .ARM.attributes
                0x00000708       0x34 c:/nxp/mcuxpressoide_11.6.0_8187/ide/plugins/com.nxp.mcuxpresso.tools.win32_11.6.0.202112161359/tools/bin/../lib/gcc/arm-none-eabi/10.3.1/../../../../arm-none-eabi/lib/thumb/v7e-m+fp/hard\libcr_c.a(_do_fflush.o)
 .ARM.attributes
                0x0000073c       0x20 c:/nxp/mcuxpressoide_11.6.0_8187/ide/plugins/com.nxp.mcuxpresso.tools.win32_11.6.0.202112161359/tools/bin/../lib/gcc/arm-none-eabi/10.3.1/thumb/v7e-m+fp/hard\libcr_eabihelpers.a(division_64.o)
 .ARM.attributes
                0x0000075c       0x20 c:/nxp/mcuxpressoide_11.6.0_8187/ide/plugins/com.nxp.mcuxpresso.tools.win32_11.6.0.202112161359/tools/bin/../lib/gcc/arm-none-eabi/10.3.1/thumb/v7e-m+fp/hard\libcr_eabihelpers.a(division_idiv0.o)
 .ARM.attributes
                0x0000077c       0x20 c:/nxp/mcuxpressoide_11.6.0_8187/ide/plugins/com.nxp.mcuxpresso.tools.win32_11.6.0.202112161359/tools/bin/../lib/gcc/arm-none-eabi/10.3.1/thumb/v7e-m+fp/hard\libcr_eabihelpers.a(memcpy.o)
 .ARM.attributes
                0x0000079c       0x20 c:/nxp/mcuxpressoide_11.6.0_8187/ide/plugins/com.nxp.mcuxpresso.tools.win32_11.6.0.202112161359/tools/bin/../lib/gcc/arm-none-eabi/10.3.1/../../../../arm-none-eabi/lib/thumb/v7e-m+fp/hard\libcr_semihost_nf.a(__sys_close.o)
 .ARM.attributes
                0x000007bc       0x20 c:/nxp/mcuxpressoide_11.6.0_8187/ide/plugins/com.nxp.mcuxpresso.tools.win32_11.6.0.202112161359/tools/bin/../lib/gcc/arm-none-eabi/10.3.1/../../../../arm-none-eabi/lib/thumb/v7e-m+fp/hard\libcr_semihost_nf.a(__sys_flen.o)
 .ARM.attributes
                0x000007dc       0x20 c:/nxp/mcuxpressoide_11.6.0_8187/ide/plugins/com.nxp.mcuxpresso.tools.win32_11.6.0.202112161359/tools/bin/../lib/gcc/arm-none-eabi/10.3.1/../../../../arm-none-eabi/lib/thumb/v7e-m+fp/hard\libcr_semihost_nf.a(__sys_istty.o)
 .ARM.attributes
                0x000007fc       0x20 c:/nxp/mcuxpressoide_11.6.0_8187/ide/plugins/com.nxp.mcuxpresso.tools.win32_11.6.0.202112161359/tools/bin/../lib/gcc/arm-none-eabi/10.3.1/../../../../arm-none-eabi/lib/thumb/v7e-m+fp/hard\libcr_semihost_nf.a(__sys_remove.o)
 .ARM.attributes
                0x0000081c       0x20 c:/nxp/mcuxpressoide_11.6.0_8187/ide/plugins/com.nxp.mcuxpresso.tools.win32_11.6.0.202112161359/tools/bin/../lib/gcc/arm-none-eabi/10.3.1/../../../../arm-none-eabi/lib/thumb/v7e-m+fp/hard\libcr_semihost_nf.a(__sys_seek.o)
 .ARM.attributes
                0x0000083c       0x20 c:/nxp/mcuxpressoide_11.6.0_8187/ide/plugins/com.nxp.mcuxpresso.tools.win32_11.6.0.202112161359/tools/bin/../lib/gcc/arm-none-eabi/10.3.1/../../../../arm-none-eabi/lib/thumb/v7e-m+fp/hard\libcr_semihost_nf.a(__sys_tmpnam.o)
 .ARM.attributes
                0x0000085c       0x20 c:/nxp/mcuxpressoide_11.6.0_8187/ide/plugins/com.nxp.mcuxpresso.tools.win32_11.6.0.202112161359/tools/bin/../lib/gcc/arm-none-eabi/10.3.1/../../../../arm-none-eabi/lib/thumb/v7e-m+fp/hard\libcr_semihost_nf.a(__sys_write.o)

.debug_frame    0x00000000     0x21b8
 .debug_frame   0x00000000      0xa54 ./startup/startup_mkv42f16.o
 .debug_frame   0x00000a54      0x314 ./my_source/MKV42F16_Project_5_may.o
 .debug_frame   0x00000d68       0x20 ./my_source/semihost_hardfault.o
 .debug_frame   0x00000d88      0x7c4 ./drivers/fsl_clock.o
 .debug_frame   0x0000154c      0x3a0 ./drivers/fsl_ftm.o
 .debug_frame   0x000018ec       0xc8 ./drivers/fsl_gpio.o
 .debug_frame   0x000019b4      0x55c ./drivers/fsl_uart.o
 .debug_frame   0x00001f10       0x74 ./device/system_MKV42F16.o
 .debug_frame   0x00001f84       0x30 ./board/board.o
 .debug_frame   0x00001fb4      0x10c ./board/clock_config.o
 .debug_frame   0x000020c0       0x30 ./board/peripherals.o
 .debug_frame   0x000020f0       0xc8 ./board/pin_mux.o

Cross Reference Table

Symbol                                            File
ADCA_DriverIRQHandler                             ./startup/startup_mkv42f16.o
ADCA_IRQHandler                                   ./startup/startup_mkv42f16.o
ADCB_DriverIRQHandler                             ./startup/startup_mkv42f16.o
ADCB_IRQHandler                                   ./startup/startup_mkv42f16.o
ADC_ERR_DriverIRQHandler                          ./startup/startup_mkv42f16.o
ADC_ERR_IRQHandler                                ./startup/startup_mkv42f16.o
Align_fl                                          ./my_source/MKV42F16_Project_5_may.o
BOARD_BootClockRUN                                ./board/clock_config.o
BOARD_InitBootClocks                              ./board/clock_config.o
                                                  ./my_source/MKV42F16_Project_5_may.o
BOARD_InitBootPeripherals                         ./board/peripherals.o
                                                  ./my_source/MKV42F16_Project_5_may.o
BOARD_InitBootPins                                ./board/pin_mux.o
                                                  ./my_source/MKV42F16_Project_5_may.o
BOARD_InitDebugConsole                            ./board/board.o
                                                  ./my_source/MKV42F16_Project_5_may.o
BOARD_InitPins                                    ./board/pin_mux.o
BusFault_Handler                                  ./startup/startup_mkv42f16.o
CADC_ClearStatusFlags                             ./drivers/fsl_cadc.o
                                                  ./my_source/MKV42F16_Project_5_may.o
CADC_Deinit                                       ./drivers/fsl_cadc.o
CADC_DisableInterrupts                            ./drivers/fsl_cadc.o
                                                  ./my_source/MKV42F16_Project_5_may.o
CADC_DoSoftwareTriggerConverter                   ./drivers/fsl_cadc.o
                                                  ./my_source/MKV42F16_Project_5_may.o
CADC_EnableConverter                              ./drivers/fsl_cadc.o
                                                  ./my_source/MKV42F16_Project_5_may.o
CADC_EnableConverterDMA                           ./drivers/fsl_cadc.o
                                                  ./my_source/MKV42F16_Project_5_may.o
CADC_EnableConverterPower                         ./drivers/fsl_cadc.o
                                                  ./my_source/MKV42F16_Project_5_may.o
CADC_EnableConverterSyncInput                     ./drivers/fsl_cadc.o
                                                  ./my_source/MKV42F16_Project_5_may.o
CADC_EnableInterrupts                             ./drivers/fsl_cadc.o
CADC_GetDefaultConfig                             ./drivers/fsl_cadc.o
                                                  ./my_source/MKV42F16_Project_5_may.o
CADC_GetDefaultConverterConfig                    ./drivers/fsl_cadc.o
                                                  ./my_source/MKV42F16_Project_5_may.o
CADC_GetStatusFlags                               ./drivers/fsl_cadc.o
                                                  ./my_source/MKV42F16_Project_5_may.o
CADC_Init                                         ./drivers/fsl_cadc.o
                                                  ./my_source/MKV42F16_Project_5_may.o
CADC_SetConverterConfig                           ./drivers/fsl_cadc.o
                                                  ./my_source/MKV42F16_Project_5_may.o
CADC_SetSampleConfig                              ./drivers/fsl_cadc.o
                                                  ./my_source/MKV42F16_Project_5_may.o
CAN0_Bus_Off_IRQHandler                           ./startup/startup_mkv42f16.o
CAN0_DriverIRQHandler                             ./startup/startup_mkv42f16.o
CAN0_Error_IRQHandler                             ./startup/startup_mkv42f16.o
CAN0_ORed_Message_buffer_IRQHandler               ./startup/startup_mkv42f16.o
CAN0_Rx_Warning_IRQHandler                        ./startup/startup_mkv42f16.o
CAN0_Tx_Warning_IRQHandler                        ./startup/startup_mkv42f16.o
CAN0_Wake_Up_IRQHandler                           ./startup/startup_mkv42f16.o
CAN1_Bus_Off_IRQHandler                           ./startup/startup_mkv42f16.o
CAN1_DriverIRQHandler                             ./startup/startup_mkv42f16.o
CAN1_Error_IRQHandler                             ./startup/startup_mkv42f16.o
CAN1_ORed_Message_buffer_IRQHandler               ./startup/startup_mkv42f16.o
CAN1_Rx_Warning_IRQHandler                        ./startup/startup_mkv42f16.o
CAN1_Tx_Warning_IRQHandler                        ./startup/startup_mkv42f16.o
CAN1_Wake_Up_IRQHandler                           ./startup/startup_mkv42f16.o
CLOCK_BootToBlpeMode                              ./drivers/fsl_clock.o
CLOCK_BootToBlpiMode                              ./drivers/fsl_clock.o
CLOCK_BootToFeeMode                               ./drivers/fsl_clock.o
CLOCK_BootToFeiMode                               ./drivers/fsl_clock.o
CLOCK_BootToPeeMode                               ./drivers/fsl_clock.o
                                                  ./board/clock_config.o
CLOCK_CalcPllDiv                                  ./drivers/fsl_clock.o
CLOCK_ClearStatusFlags                            ./drivers/fsl_clock.o
CLOCK_DeinitOsc0                                  ./drivers/fsl_clock.o
CLOCK_EnablePll0                                  ./drivers/fsl_clock.o
CLOCK_ExternalModeToFbeModeQuick                  ./drivers/fsl_clock.o
CLOCK_GetBusClkFreq                               ./drivers/fsl_clock.o
CLOCK_GetCoreSysClkFreq                           ./drivers/fsl_clock.o
CLOCK_GetEr32kClkFreq                             ./drivers/fsl_clock.o
CLOCK_GetFastPeriphClkFreq                        ./drivers/fsl_clock.o
CLOCK_GetFixedFreqClkFreq                         ./drivers/fsl_clock.o
CLOCK_GetFlashClkFreq                             ./drivers/fsl_clock.o
CLOCK_GetFllFreq                                  ./drivers/fsl_clock.o
CLOCK_GetFreq                                     ./drivers/fsl_clock.o
                                                  ./my_source/MKV42F16_Project_5_may.o
CLOCK_GetInternalRefClkFreq                       ./drivers/fsl_clock.o
CLOCK_GetMode                                     ./drivers/fsl_clock.o
CLOCK_GetOsc0ErClkDivFreq                         ./drivers/fsl_clock.o
CLOCK_GetOsc0ErClkFreq                            ./drivers/fsl_clock.o
CLOCK_GetOsc0ErClkUndivFreq                       ./drivers/fsl_clock.o
CLOCK_GetOutClkFreq                               ./drivers/fsl_clock.o
CLOCK_GetPll0Freq                                 ./drivers/fsl_clock.o
CLOCK_GetStatusFlags                              ./drivers/fsl_clock.o
CLOCK_InitOsc0                                    ./drivers/fsl_clock.o
                                                  ./board/clock_config.o
CLOCK_InternalModeToFbiModeQuick                  ./drivers/fsl_clock.o
CLOCK_SetBlpeMode                                 ./drivers/fsl_clock.o
CLOCK_SetBlpiMode                                 ./drivers/fsl_clock.o
CLOCK_SetExternalRefClkConfig                     ./drivers/fsl_clock.o
CLOCK_SetFastIrcFreq                              ./drivers/fsl_clock.o
CLOCK_SetFbeMode                                  ./drivers/fsl_clock.o
CLOCK_SetFbiMode                                  ./drivers/fsl_clock.o
CLOCK_SetFeeMode                                  ./drivers/fsl_clock.o
CLOCK_SetFeiMode                                  ./drivers/fsl_clock.o
CLOCK_SetInternalRefClkConfig                     ./drivers/fsl_clock.o
CLOCK_SetMcgConfig                                ./drivers/fsl_clock.o
CLOCK_SetOsc0MonitorMode                          ./drivers/fsl_clock.o
CLOCK_SetPbeMode                                  ./drivers/fsl_clock.o
CLOCK_SetPeeMode                                  ./drivers/fsl_clock.o
CLOCK_SetPll0MonitorMode                          ./drivers/fsl_clock.o
CLOCK_SetSimConfig                                ./drivers/fsl_clock.o
                                                  ./board/clock_config.o
CLOCK_SetSlowIrcFreq                              ./drivers/fsl_clock.o
CLOCK_TrimInternalRefClk                          ./drivers/fsl_clock.o
CMP0_DriverIRQHandler                             ./startup/startup_mkv42f16.o
CMP0_IRQHandler                                   ./startup/startup_mkv42f16.o
CMP1_DriverIRQHandler                             ./startup/startup_mkv42f16.o
CMP1_IRQHandler                                   ./startup/startup_mkv42f16.o
CMP2_DriverIRQHandler                             ./startup/startup_mkv42f16.o
CMP2_IRQHandler                                   ./startup/startup_mkv42f16.o
CMP3_DriverIRQHandler                             ./startup/startup_mkv42f16.o
CMP3_IRQHandler                                   ./startup/startup_mkv42f16.o
CURRENT_U_Value                                   ./my_source/MKV42F16_Project_5_may.o
CURRENT_V_Value                                   ./my_source/MKV42F16_Project_5_may.o
CURRENT_W_Value                                   ./my_source/MKV42F16_Project_5_may.o
CadcConversionValue                               ./my_source/MKV42F16_Project_5_may.o
DC_BUS_Value                                      ./my_source/MKV42F16_Project_5_may.o
DMA0_DriverIRQHandler                             ./startup/startup_mkv42f16.o
DMA0_IRQHandler                                   ./startup/startup_mkv42f16.o
DMA10_DriverIRQHandler                            ./startup/startup_mkv42f16.o
DMA10_IRQHandler                                  ./startup/startup_mkv42f16.o
DMA11_DriverIRQHandler                            ./startup/startup_mkv42f16.o
DMA11_IRQHandler                                  ./startup/startup_mkv42f16.o
DMA12_DriverIRQHandler                            ./startup/startup_mkv42f16.o
DMA12_IRQHandler                                  ./startup/startup_mkv42f16.o
DMA13_DriverIRQHandler                            ./startup/startup_mkv42f16.o
DMA13_IRQHandler                                  ./startup/startup_mkv42f16.o
DMA14_DriverIRQHandler                            ./startup/startup_mkv42f16.o