Archive member included to satisfy reference by file (symbol)

c:/nxp/mcuxpressoide_11.6.0_8187/ide/plugins/com.nxp.mcuxpresso.tools.win32_11.6.0.202112161359/tools/bin/../lib/gcc/arm-none-eabi/10.3.1/../../../../arm-none-eabi/lib/thumb/v7e-m+fp/hard\libcr_semihost_nf.a(_cr__main.o)
                              ./startup/startup_mkv42f16.o (__main)
c:/nxp/mcuxpressoide_11.6.0_8187/ide/plugins/com.nxp.mcuxpresso.tools.win32_11.6.0.202112161359/tools/bin/../lib/gcc/arm-none-eabi/10.3.1/../../../../arm-none-eabi/lib/thumb/v7e-m+fp/hard\libcr_semihost_nf.a(_cr_assert.o)
                              ./utilities/fsl_debug_console.o (__assertion_failed)
c:/nxp/mcuxpressoide_11.6.0_8187/ide/plugins/com.nxp.mcuxpresso.tools.win32_11.6.0.202112161359/tools/bin/../lib/gcc/arm-none-eabi/10.3.1/../../../../arm-none-eabi/lib/thumb/v7e-m+fp/hard\libcr_semihost_nf.a(__ciob.o)
                              c:/nxp/mcuxpressoide_11.6.0_8187/ide/plugins/com.nxp.mcuxpresso.tools.win32_11.6.0.202112161359/tools/bin/../lib/gcc/arm-none-eabi/10.3.1/../../../../arm-none-eabi/lib/thumb/v7e-m+fp/hard\libcr_semihost_nf.a(_cr_assert.o) (__Ciob)
c:/nxp/mcuxpressoide_11.6.0_8187/ide/plugins/com.nxp.mcuxpresso.tools.win32_11.6.0.202112161359/tools/bin/../lib/gcc/arm-none-eabi/10.3.1/../../../../arm-none-eabi/lib/thumb/v7e-m+fp/hard\libcr_semihost_nf.a(__sys_appexit.o)
                              c:/nxp/mcuxpressoide_11.6.0_8187/ide/plugins/com.nxp.mcuxpresso.tools.win32_11.6.0.202112161359/tools/bin/../lib/gcc/arm-none-eabi/10.3.1/../../../../arm-none-eabi/lib/thumb/v7e-m+fp/hard\libcr_semihost_nf.a(_cr_assert.o) (__sys_appexit)
c:/nxp/mcuxpressoide_11.6.0_8187/ide/plugins/com.nxp.mcuxpresso.tools.win32_11.6.0.202112161359/tools/bin/../lib/gcc/arm-none-eabi/10.3.1/../../../../arm-none-eabi/lib/thumb/v7e-m+fp/hard\libcr_c.a(memcpy.o)
                              ./utilities/fsl_str.o (memcpy)
c:/nxp/mcuxpressoide_11.6.0_8187/ide/plugins/com.nxp.mcuxpresso.tools.win32_11.6.0.202112161359/tools/bin/../lib/gcc/arm-none-eabi/10.3.1/../../../../arm-none-eabi/lib/thumb/v7e-m+fp/hard\libcr_c.a(memset.o)
                              ./drivers/fsl_cadc.o (memset)
c:/nxp/mcuxpressoide_11.6.0_8187/ide/plugins/com.nxp.mcuxpresso.tools.win32_11.6.0.202112161359/tools/bin/../lib/gcc/arm-none-eabi/10.3.1/../../../../arm-none-eabi/lib/thumb/v7e-m+fp/hard\libcr_c.a(_deferredlazyseek.o)
                              c:/nxp/mcuxpressoide_11.6.0_8187/ide/plugins/com.nxp.mcuxpresso.tools.win32_11.6.0.202112161359/tools/bin/../lib/gcc/arm-none-eabi/10.3.1/../../../../arm-none-eabi/lib/thumb/v7e-m+fp/hard\libcr_semihost_nf.a(_cr_assert.o) (__flsbuf)
c:/nxp/mcuxpressoide_11.6.0_8187/ide/plugins/com.nxp.mcuxpresso.tools.win32_11.6.0.202112161359/tools/bin/../lib/gcc/arm-none-eabi/10.3.1/../../../../arm-none-eabi/lib/thumb/v7e-m+fp/hard\libcr_c.a(_fflush.o)
                              c:/nxp/mcuxpressoide_11.6.0_8187/ide/plugins/com.nxp.mcuxpresso.tools.win32_11.6.0.202112161359/tools/bin/../lib/gcc/arm-none-eabi/10.3.1/../../../../arm-none-eabi/lib/thumb/v7e-m+fp/hard\libcr_c.a(_deferredlazyseek.o) (_fflush)
c:/nxp/mcuxpressoide_11.6.0_8187/ide/plugins/com.nxp.mcuxpresso.tools.win32_11.6.0.202112161359/tools/bin/../lib/gcc/arm-none-eabi/10.3.1/../../../../arm-none-eabi/lib/thumb/v7e-m+fp/hard\libcr_c.a(_writebuf.o)
                              c:/nxp/mcuxpressoide_11.6.0_8187/ide/plugins/com.nxp.mcuxpresso.tools.win32_11.6.0.202112161359/tools/bin/../lib/gcc/arm-none-eabi/10.3.1/../../../../arm-none-eabi/lib/thumb/v7e-m+fp/hard\libcr_c.a(_deferredlazyseek.o) (_Cwritebuf)
c:/nxp/mcuxpressoide_11.6.0_8187/ide/plugins/com.nxp.mcuxpresso.tools.win32_11.6.0.202112161359/tools/bin/../lib/gcc/arm-none-eabi/10.3.1/../../../../arm-none-eabi/lib/thumb/v7e-m+fp/hard\libcr_c.a(alloc.o)
                              ./drivers/fsl_common.o (malloc)
c:/nxp/mcuxpressoide_11.6.0_8187/ide/plugins/com.nxp.mcuxpresso.tools.win32_11.6.0.202112161359/tools/bin/../lib/gcc/arm-none-eabi/10.3.1/../../../../arm-none-eabi/lib/thumb/v7e-m+fp/hard\libcr_c.a(fputs.o)
                              c:/nxp/mcuxpressoide_11.6.0_8187/ide/plugins/com.nxp.mcuxpresso.tools.win32_11.6.0.202112161359/tools/bin/../lib/gcc/arm-none-eabi/10.3.1/../../../../arm-none-eabi/lib/thumb/v7e-m+fp/hard\libcr_semihost_nf.a(_cr_assert.o) (fputs)
c:/nxp/mcuxpressoide_11.6.0_8187/ide/plugins/com.nxp.mcuxpresso.tools.win32_11.6.0.202112161359/tools/bin/../lib/gcc/arm-none-eabi/10.3.1/../../../../arm-none-eabi/lib/thumb/v7e-m+fp/hard\libcr_c.a(fseek.o)
                              c:/nxp/mcuxpressoide_11.6.0_8187/ide/plugins/com.nxp.mcuxpresso.tools.win32_11.6.0.202112161359/tools/bin/../lib/gcc/arm-none-eabi/10.3.1/../../../../arm-none-eabi/lib/thumb/v7e-m+fp/hard\libcr_c.a(_deferredlazyseek.o) (fseek)
c:/nxp/mcuxpressoide_11.6.0_8187/ide/plugins/com.nxp.mcuxpresso.tools.win32_11.6.0.202112161359/tools/bin/../lib/gcc/arm-none-eabi/10.3.1/../../../../arm-none-eabi/lib/thumb/v7e-m+fp/hard\libcr_c.a(ftell.o)
[...]
Memory Configuration

Name             Origin             Length             Attributes
PROGRAM_FLASH    0x00000000         0x00010000         xr
SRAM_UPPER       0x20000000         0x00002000         xrw
SRAM_LOWER       0x1fffe000         0x00002000         xrw
*default*        0x00000000         0xffffffff

Linker script and memory map

LOAD ./utilities/fsl_debug_console.o
LOAD ./utilities/fsl_str.o
LOAD ./startup/startup_mkv42f16.o
LOAD ./drivers/fsl_cadc.o
LOAD ./drivers/fsl_clock.o
LOAD ./drivers/fsl_common.o
LOAD ./drivers/fsl_enc.o
LOAD ./drivers/fsl_ftm.o
LOAD ./drivers/fsl_gpio.o
LOAD ./drivers/fsl_smc.o
LOAD ./drivers/fsl_uart.o
LOAD ./drivers/fsl_xbara.o
LOAD ./device/system_MKV42F16.o
LOAD ./component/uart/uart_adapter.o
LOAD ./component/serial_manager/serial_manager.o
LOAD ./component/serial_manager/serial_port_swo.o
LOAD ./component/serial_manager/serial_port_uart.o
LOAD ./component/lists/generic_list.o
LOAD ./board/board.o
LOAD ./board/clock_config.o
LOAD ./board/peripherals.o
LOAD ./board/pin_mux.o
LOAD ./SixStepLib_Peripherals/NXP_config.o
LOAD ./SixStepLib_Peripherals/main.o
LOAD ./SixStepLib_Peripherals/semihost_hardfault.o
LOAD ./PMSM_Library/PMSM_motor_lib.o
LOAD ./PMSM_Library/PMSM_pid_lib.o
LOAD ./PMSM_Library/PMSM_uart_lib.o
START GROUP
LOAD c:/nxp/mcuxpressoide_11.6.0_8187/ide/plugins/com.nxp.mcuxpresso.tools.win32_11.6.0.202112161359/tools/bin/../lib/gcc/arm-none-eabi/10.3.1/../../../../arm-none-eabi/lib/thumb/v7e-m+fp/hard\libcr_semihost_nf.a
LOAD c:/nxp/mcuxpressoide_11.6.0_8187/ide/plugins/com.nxp.mcuxpresso.tools.win32_11.6.0.202112161359/tools/bin/../lib/gcc/arm-none-eabi/10.3.1/../../../../arm-none-eabi/lib/thumb/v7e-m+fp/hard\libcr_c.a
LOAD c:/nxp/mcuxpressoide_11.6.0_8187/ide/plugins/com.nxp.mcuxpresso.tools.win32_11.6.0.202112161359/tools/bin/../lib/gcc/arm-none-eabi/10.3.1/thumb/v7e-m+fp/hard\libcr_eabihelpers.a
LOAD c:/nxp/mcuxpressoide_11.6.0_8187/ide/plugins/com.nxp.mcuxpresso.tools.win32_11.6.0.202112161359/tools/bin/../lib/gcc/arm-none-eabi/10.3.1/thumb/v7e-m+fp/hard\libgcc.a
END GROUP
                0x00000000                __base_PROGRAM_FLASH = 0x0
                0x00000000                __base_Flash = 0x0
                0x00010000                __top_PROGRAM_FLASH = 0x10000
                0x00010000                __top_Flash = 0x10000
                0x20000000                __base_SRAM_UPPER = 0x20000000
                0x20000000                __base_RAM = 0x20000000
                0x20002000                __top_SRAM_UPPER = 0x20002000
                0x20002000                __top_RAM = 0x20002000
                0x1fffe000                __base_SRAM_LOWER = 0x1fffe000
                0x1fffe000                __base_RAM2 = 0x1fffe000
                0x20000000                __top_SRAM_LOWER = 0x20000000
                0x20000000                __top_RAM2 = 0x20000000

.text           0x00000000     0x4968
 FILL mask 0xff
                0x00000000                __vectors_start__ = ABSOLUTE (.)
 *(SORT_BY_ALIGNMENT(.isr_vector))
 .isr_vector    0x00000000      0x1d0 ./startup/startup_mkv42f16.o
                0x00000000                g_pfnVectors
                0x00000000                __Vectors
                0x000001d0                . = ALIGN (0x4)
                0x000001d0                __section_table_start = .
                0x000001d0                __data_section_table = .
                0x000001d0        0x4 LONG 0x4968 LOADADDR (.data)
                0x000001d4        0x4 LONG 0x20000000 ADDR (.data)
                0x000001d8        0x4 LONG 0x14 SIZEOF (.data)
                0x000001dc        0x4 LONG 0x4968 LOADADDR (.data_RAM2)
                0x000001e0        0x4 LONG 0x1fffe000 ADDR (.data_RAM2)
                0x000001e4        0x4 LONG 0x0 SIZEOF (.data_RAM2)
                0x000001e8                __data_section_table_end = .
                0x000001e8                __bss_section_table = .
                0x000001e8        0x4 LONG 0x20000014 ADDR (.bss)
                0x000001ec        0x4 LONG 0x19c SIZEOF (.bss)
                0x000001f0        0x4 LONG 0x1fffe000 ADDR (.bss_RAM2)
                0x000001f4        0x4 LONG 0x0 SIZEOF (.bss_RAM2)
                0x000001f8                __bss_section_table_end = .
                0x000001f8                __section_table_end = .
 *(SORT_BY_ALIGNMENT(.after_vectors*))
 .after_vectors.reset
                0x000001f8       0x4c ./startup/startup_mkv42f16.o
                0x000001f8                ResetISR
 .after_vectors.init_data
                0x00000244       0x1e ./startup/startup_mkv42f16.o
                0x00000244                data_init
 .after_vectors.init_bss
                0x00000262       0x12 ./startup/startup_mkv42f16.o
                0x00000262                bss_init
 .after_vectors
                0x00000274       0x14 ./startup/startup_mkv42f16.o
                0x00000274                NMI_Handler
                0x00000278                MemManage_Handler
                0x0000027a                BusFault_Handler
                0x0000027c                UsageFault_Handler
                0x0000027e                SVC_Handler
                0x00000280                DebugMon_Handler
                0x00000282                PendSV_Handler
                0x00000284                SysTick_Handler
                0x00000286                DMA_Error_DriverIRQHandler
                0x00000286                LPTMR0_DriverIRQHandler
                0x00000286                Reserved101_DriverIRQHandler
                0x00000286                DMA12_DriverIRQHandler
                0x00000286                PORTB_DriverIRQHandler
                0x00000286                ADC_ERR_DriverIRQHandler
                0x00000286                Reserved39_DriverIRQHandler
                0x00000286                FTM1_DriverIRQHandler
                0x00000286                Reserved100_DriverIRQHandler
                0x00000286                Reserved52_DriverIRQHandler
                0x00000286                PIT2_DriverIRQHandler
                0x00000286                Reserved103_DriverIRQHandler
                0x00000286                CMP3_DriverIRQHandler
                0x00000286                Reserved109_DriverIRQHandler
                0x00000286                DMA6_DriverIRQHandler
                0x00000286                LLWU_DriverIRQHandler
                0x00000286                MCM_DriverIRQHandler
                0x00000286                MCG_DriverIRQHandler
                0x00000286                FTFA_Collision_DriverIRQHandler
                0x00000286                Reserved63_DriverIRQHandler
                0x00000286                Reserved105_DriverIRQHandler
                0x00000286                ENC0_INDEX_DriverIRQHandler
                0x00000286                Reserved69_DriverIRQHandler
                0x00000286                Reserved102_DriverIRQHandler
                0x00000286                PDB1_DriverIRQHandler
                0x00000286                CMP1_DriverIRQHandler
                0x00000286                ADCA_DriverIRQHandler
                0x00000286                FTM0_DriverIRQHandler
                0x00000286                IntDefaultHandler
                0x00000286                PORTC_DriverIRQHandler
                0x00000286                DMA11_DriverIRQHandler
                0x00000286                DMA10_DriverIRQHandler
                0x00000286                Reserved41_DriverIRQHandler
                0x00000286                CMP2_DriverIRQHandler
                0x00000286                PIT0_DriverIRQHandler
                0x00000286                DMA5_DriverIRQHandler
                0x00000286                DMA4_DriverIRQHandler
                0x00000286                DMA3_DriverIRQHandler
                0x00000286                Reserved53_DriverIRQHandler
                0x00000286                Reserved45_DriverIRQHandler
                0x00000286                Reserved97_DriverIRQHandler
                0x00000286                DMA8_DriverIRQHandler
                0x00000286                DMA9_DriverIRQHandler
                0x00000286                UART0_ERR_DriverIRQHandler
                0x00000286                ENC0_HOME_DriverIRQHandler
                0x00000286                PORTA_DriverIRQHandler
                0x00000286                ADCB_DriverIRQHandler
                0x00000286                DMA14_DriverIRQHandler
                0x00000286                PIT3_DriverIRQHandler
                0x00000286                PIT1_DriverIRQHandler
                0x00000286                WDOG_EWM_DriverIRQHandler
                0x00000286                PDB0_DriverIRQHandler
                0x00000286                Reserved72_DriverIRQHandler
                0x00000286                Reserved61_DriverIRQHandler
                0x00000286                Reserved90_DriverIRQHandler
                0x00000286                SWI_DriverIRQHandler
                0x00000286                Reserved62_DriverIRQHandler
                0x00000286                Reserved99_DriverIRQHandler
                0x00000286                DMA0_DriverIRQHandler
                0x00000286                Reserved51_DriverIRQHandler
                0x00000286                FTFA_DriverIRQHandler
                0x00000286                Reserved60_DriverIRQHandler
                0x00000286                DMA1_DriverIRQHandler
                0x00000286                XBARA_DriverIRQHandler
                0x00000286                Reserved44_DriverIRQHandler
                0x00000286                DMA13_DriverIRQHandler
                0x00000286                DMA15_DriverIRQHandler
                0x00000286                Reserved81_DriverIRQHandler
                0x00000286                SPI0_DriverIRQHandler
                0x00000286                Reserved88_DriverIRQHandler
                0x00000286                CMP0_DriverIRQHandler
                0x00000286                Reserved104_DriverIRQHandler
                0x00000286                CAN0_DriverIRQHandler
                0x00000286                Reserved98_DriverIRQHandler
                0x00000286                FTM3_DriverIRQHandler
                0x00000286                ENC0_WDOG_SAB_DriverIRQHandler
                0x00000286                Reserved106_DriverIRQHandler
                0x00000286                ENC0_COMPARE_DriverIRQHandler
                0x00000286                PMC_DriverIRQHandler
                0x00000286                Reserved107_DriverIRQHandler
                0x00000286                UART1_ERR_DriverIRQHandler
                0x00000286                DMA2_DriverIRQHandler
                0x00000286                Reserved43_DriverIRQHandler
                0x00000286                PORTD_DriverIRQHandler
                0x00000286                Reserved46_DriverIRQHandler
                0x00000286                PORTE_DriverIRQHandler
                0x00000286                I2C0_DriverIRQHandler
                0x00000286                CAN1_DriverIRQHandler
                0x00000286                DMA7_DriverIRQHandler
                0x00000400                . = 0x400
 *fill*         0x00000288      0x178 ff
                0x00000400                PROVIDE (__FLASH_CONFIG_START__ = .)
 *(SORT_BY_ALIGNMENT(.FlashConfig))
 .FlashConfig   0x00000400       0x10 ./startup/startup_mkv42f16.o
                0x00000400                Flash_Config
                0x00000410                PROVIDE (__FLASH_CONFIG_END__ = .)
                0x00000001                ASSERT (! ((__FLASH_CONFIG_START__ == __FLASH_CONFIG_END__)), Linker Flash Config Support Enabled, but no .FlashConfig section provided within application)
 *(SORT_BY_ALIGNMENT(.text*))
 .text.CLOCK_GetMcgExtClkFreq
                0x00000410       0x24 ./drivers/fsl_clock.o
 .text.CLOCK_GetFllExtRefClkFreq
                0x00000434       0x98 ./drivers/fsl_clock.o
 .text.CLOCK_GetInternalRefClkSelectFreq
                0x000004cc       0x4c ./drivers/fsl_clock.o
 .text.CLOCK_GetFllRefClkFreq
                0x00000518       0x34 ./drivers/fsl_clock.o
 .text.CLOCK_GetOsc0ErClkUndivFreq
                0x0000054c       0x44 ./drivers/fsl_clock.o
                0x0000054c                CLOCK_GetOsc0ErClkUndivFreq
 .text.CLOCK_GetOsc0ErClkDivFreq
                0x00000590       0x58 ./drivers/fsl_clock.o
                0x00000590                CLOCK_GetOsc0ErClkDivFreq
 .text.CLOCK_GetEr32kClkFreq
                0x000005e8       0x50 ./drivers/fsl_clock.o
                0x000005e8                CLOCK_GetEr32kClkFreq
 .text.CLOCK_GetFreq
                0x00000638      0x104 ./drivers/fsl_clock.o
                0x00000638                CLOCK_GetFreq
 .text.CLOCK_GetOutClkFreq
                0x0000073c       0x64 ./drivers/fsl_clock.o
                0x0000073c                CLOCK_GetOutClkFreq
 .text.CLOCK_GetFllFreq
                0x000007a0       0x84 ./drivers/fsl_clock.o
                0x000007a0                CLOCK_GetFllFreq
 .text.CLOCK_GetInternalRefClkFreq
                0x00000824       0x30 ./drivers/fsl_clock.o
                0x00000824                CLOCK_GetInternalRefClkFreq
 .text.CLOCK_GetPll0Freq
                0x00000854       0x7c ./drivers/fsl_clock.o
                0x00000854                CLOCK_GetPll0Freq
 .text.FTM_GetInstance
                0x000008d0       0x54 ./drivers/fsl_ftm.o
 .text.FTM_SetPwmSync
                0x00000924      0x128 ./drivers/fsl_ftm.o
 .text.FTM_SetReloadPoints
                0x00000a4c      0x128 ./drivers/fsl_ftm.o
 .text.FTM_Init
                0x00000b74       0xf4 ./drivers/fsl_ftm.o
                0x00000b74                FTM_Init
 .text.FTM_GetDefaultConfig
                0x00000c68       0x74 ./drivers/fsl_ftm.o
                0x00000c68                FTM_GetDefaultConfig
 .text.FTM_SetupPwm
                0x00000cdc      0x318 ./drivers/fsl_ftm.o
                0x00000cdc                FTM_SetupPwm
 .text.FTM_UpdatePwmDutycycle
                0x00000ff4      0x110 ./drivers/fsl_ftm.o
                0x00000ff4                FTM_UpdatePwmDutycycle
 .text.GPIO_PinInit
                0x00001104       0x68 ./drivers/fsl_gpio.o
                0x00001104                GPIO_PinInit
 .text.UART_GetInstance
                0x0000116c       0x54 ./drivers/fsl_uart.o
                0x0000116c                UART_GetInstance
 .text.UART_Init
                0x000011c0      0x2a0 ./drivers/fsl_uart.o
                0x000011c0                UART_Init
 .text.UART_GetDefaultConfig
                0x00001460       0x68 ./drivers/fsl_uart.o
                0x00001460                UART_GetDefaultConfig
 .text.UART_EnableInterrupts
                0x000014c8       0x70 ./drivers/fsl_uart.o
                0x000014c8                UART_EnableInterrupts
 .text.UART1_DriverIRQHandler
                0x00001538       0x28 ./drivers/fsl_uart.o
                0x00001538                UART1_DriverIRQHandler
 .text.SystemInit
                0x00001560       0x3c ./device/system_MKV42F16.o
                0x00001560                SystemInit
 .text.BOARD_InitPins
                0x0000159c      0x1cc ./board/pin_mux.o
                0x0000159c                BOARD_InitPins
 .text.__NVIC_EnableIRQ
                0x00001768       0x3c ./SixStepLib_Peripherals/NXP_config.o
 .text.PWM_Config
                0x000017a4      0x100 ./SixStepLib_Peripherals/NXP_config.o
                0x000017a4                PWM_Config
 .text.Timer_Delay_Config
                0x000018a4       0xc4 ./SixStepLib_Peripherals/NXP_config.o
                0x000018a4                Timer_Delay_Config
 .text.BOARD_InitUART
                0x00001968       0x4c ./SixStepLib_Peripherals/NXP_config.o
                0x00001968                BOARD_InitUART
 .text.FTM_Delay
                0x000019b4       0x2c ./SixStepLib_Peripherals/main.o
                0x000019b4                FTM_Delay
 .text.FTM1_IRQHandler
                0x000019e0       0xc8 ./SixStepLib_Peripherals/main.o
                0x000019e0                FTM1_IRQHandler
 .text.PID_Variables_Init
                0x00001aa8       0x70 ./SixStepLib_Peripherals/main.o
                0x00001aa8                PID_Variables_Init
 .text.PID_Output_Calculation
                0x00001b18      0x158 ./SixStepLib_Peripherals/main.o
                0x00001b18                PID_Output_Calculation
 .text.Hall_Sensor_GPIO_Read
                0x00001c70      0x350 ./SixStepLib_Peripherals/main.o
                0x00001c70                Hall_Sensor_GPIO_Read
 .text.UART_Transmit_Byte
                0x00001fc0       0x90 ./SixStepLib_Peripherals/main.o
                0x00001fc0                UART_Transmit_Byte
 .text.main     0x00002050       0x90 ./SixStepLib_Peripherals/main.o
                0x00002050                main
 .text.UART0_RX_TX_IRQHandler
                0x000020e0      0x144 ./SixStepLib_Peripherals/main.o
                0x000020e0                UART0_RX_TX_IRQHandler
 .text.ClosedLoop_Motor_Drive
                0x00002224      0x360 ./SixStepLib_Peripherals/main.o
 .text.Alignment_Fcn
                0x00002584       0xf0 ./SixStepLib_Peripherals/main.o
 .text.__assertion_failed
                0x00002674       0x4c c:/nxp/mcuxpressoide_11.6.0_8187/ide/plugins/com.nxp.mcuxpresso.tools.win32_11.6.0.202112161359/tools/bin/../lib/gcc/arm-none-eabi/10.3.1/../../../../arm-none-eabi/lib/thumb/v7e-m+fp/hard\libcr_semihost_nf.a(_cr_assert.o)
                0x00002674                __assertion_failed
 .text.__sys_appexit
                0x000026c0        0xc c:/nxp/mcuxpressoide_11.6.0_8187/ide/plugins/com.nxp.mcuxpresso.tools.win32_11.6.0.202112161359/tools/bin/../lib/gcc/arm-none-eabi/10.3.1/../../../../arm-none-eabi/lib/thumb/v7e-m+fp/hard\libcr_semihost_nf.a(__sys_appexit.o)
                0x000026c0                __sys_appexit
                0x000026c0                __exit
 .text._Cwritebuf
                0x000026cc       0x6c c:/nxp/mcuxpressoide_11.6.0_8187/ide/plugins/com.nxp.mcuxpresso.tools.win32_11.6.0.202112161359/tools/bin/../lib/gcc/arm-none-eabi/10.3.1/../../../../arm-none-eabi/lib/thumb/v7e-m+fp/hard\libcr_c.a(_writebuf.o)
                0x000026cc                _Cwritebuf
 .text.malloc   0x00002738       0xc8 c:/nxp/mcuxpressoide_11.6.0_8187/ide/plugins/com.nxp.mcuxpresso.tools.win32_11.6.0.202112161359/tools/bin/../lib/gcc/arm-none-eabi/10.3.1/../../../../arm-none-eabi/lib/thumb/v7e-m+fp/hard\libcr_c.a(alloc.o)
                0x00002738                malloc
 .text._Csys_alloc
                0x00002800       0x20 c:/nxp/mcuxpressoide_11.6.0_8187/ide/plugins/com.nxp.mcuxpresso.tools.win32_11.6.0.202112161359/tools/bin/../lib/gcc/arm-none-eabi/10.3.1/../../../../arm-none-eabi/lib/thumb/v7e-m+fp/hard\libcr_c.a(alloc.o)
                0x00002800                _Csys_alloc
 .text.fseek    0x00002820       0xfc c:/nxp/mcuxpressoide_11.6.0_8187/ide/plugins/com.nxp.mcuxpresso.tools.win32_11.6.0.202112161359/tools/bin/../lib/gcc/arm-none-eabi/10.3.1/../../../../arm-none-eabi/lib/thumb/v7e-m+fp/hard\libcr_c.a(fseek.o)
                0x00002820                fseek
 .text.ftell    0x0000291c       0x44 c:/nxp/mcuxpressoide_11.6.0_8187/ide/plugins/com.nxp.mcuxpresso.tools.win32_11.6.0.202112161359/tools/bin/../lib/gcc/arm-none-eabi/10.3.1/../../../../arm-none-eabi/lib/thumb/v7e-m+fp/hard\libcr_c.a(ftell.o)
                0x0000291c                ftell
 .text._initio  0x00002960       0x78 c:/nxp/mcuxpressoide_11.6.0_8187/ide/plugins/com.nxp.mcuxpresso.tools.win32_11.6.0.202112161359/tools/bin/../lib/gcc/arm-none-eabi/10.3.1/../../../../arm-none-eabi/lib/thumb/v7e-m+fp/hard\libcr_c.a(initio.o)
                0x00002960                _initio
 .text.__vfprintf
                0x000029d8      0xbf8 c:/nxp/mcuxpressoide_11.6.0_8187/ide/plugins/com.nxp.mcuxpresso.tools.win32_11.6.0.202112161359/tools/bin/../lib/gcc/arm-none-eabi/10.3.1/../../../../arm-none-eabi/lib/thumb/v7e-m+fp/hard\libcr_c.a(printf.o)
                0x000029d8                __vfprintf
 .text._sprintf
                0x000035d0       0x6c c:/nxp/mcuxpressoide_11.6.0_8187/ide/plugins/com.nxp.mcuxpresso.tools.win32_11.6.0.202112161359/tools/bin/../lib/gcc/arm-none-eabi/10.3.1/../../../../arm-none-eabi/lib/thumb/v7e-m+fp/hard\libcr_c.a(printf.o)
                0x000035d0                _sprintf
 .text._sbrk    0x0000363c       0x3c c:/nxp/mcuxpressoide_11.6.0_8187/ide/plugins/com.nxp.mcuxpresso.tools.win32_11.6.0.202112161359/tools/bin/../lib/gcc/arm-none-eabi/10.3.1/../../../../arm-none-eabi/lib/thumb/v7e-m+fp/hard\libcr_c.a(_cr_sbrk.o)
                0x0000363c                _sbrk
 .text.fflush   0x00003678       0x3c c:/nxp/mcuxpressoide_11.6.0_8187/ide/plugins/com.nxp.mcuxpresso.tools.win32_11.6.0.202112161359/tools/bin/../lib/gcc/arm-none-eabi/10.3.1/../../../../arm-none-eabi/lib/thumb/v7e-m+fp/hard\libcr_c.a(fflush.o)
                0x00003678                fflush
 .text.__check_heap_overflow
                0x000036b4       0x18 c:/nxp/mcuxpressoide_11.6.0_8187/ide/plugins/com.nxp.mcuxpresso.tools.win32_11.6.0.202112161359/tools/bin/../lib/gcc/arm-none-eabi/10.3.1/../../../../arm-none-eabi/lib/thumb/v7e-m+fp/hard\libcr_c.a(_cr_check_heap.o)
                0x000036b4                __check_heap_overflow
 .text.DMA0_IRQHandler
                0x000036cc        0x8 ./startup/startup_mkv42f16.o
                0x000036cc                DMA0_IRQHandler
 .text.DMA1_IRQHandler
                0x000036d4        0x8 ./startup/startup_mkv42f16.o
                0x000036d4                DMA1_IRQHandler
 .text.DMA2_IRQHandler
                0x000036dc        0x8 ./startup/startup_mkv42f16.o
                0x000036dc                DMA2_IRQHandler
 .text.DMA3_IRQHandler
                0x000036e4        0x8 ./startup/startup_mkv42f16.o
                0x000036e4                DMA3_IRQHandler
 .text.DMA4_IRQHandler
                0x000036ec        0x8 ./startup/startup_mkv42f16.o
                0x000036ec                DMA4_IRQHandler
 .text.DMA5_IRQHandler
                0x000036f4        0x8 ./startup/startup_mkv42f16.o
                0x000036f4                DMA5_IRQHandler
 .text.DMA6_IRQHandler
                0x000036fc        0x8 ./startup/startup_mkv42f16.o
                0x000036fc                DMA6_IRQHandler
 .text.DMA7_IRQHandler
                0x00003704        0x8 ./startup/startup_mkv42f16.o
                0x00003704                DMA7_IRQHandler
 .text.DMA8_IRQHandler
                0x0000370c        0x8 ./startup/startup_mkv42f16.o
                0x0000370c                DMA8_IRQHandler
 .text.DMA9_IRQHandler
                0x00003714        0x8 ./startup/startup_mkv42f16.o
                0x00003714                DMA9_IRQHandler
 .text.DMA10_IRQHandler
                0x0000371c        0x8 ./startup/startup_mkv42f16.o
                0x0000371c                DMA10_IRQHandler
 .text.DMA11_IRQHandler
                0x00003724        0x8 ./startup/startup_mkv42f16.o
                0x00003724                DMA11_IRQHandler
 .text.DMA12_IRQHandler
                0x0000372c        0x8 ./startup/startup_mkv42f16.o
                0x0000372c                DMA12_IRQHandler
 .text.DMA13_IRQHandler
                0x00003734        0x8 ./startup/startup_mkv42f16.o
                0x00003734                DMA13_IRQHandler
 .text.DMA14_IRQHandler
                0x0000373c        0x8 ./startup/startup_mkv42f16.o
                0x0000373c                DMA14_IRQHandler
 .text.DMA15_IRQHandler
                0x00003744        0x8 ./startup/startup_mkv42f16.o
                0x00003744                DMA15_IRQHandler
 .text.DMA_Error_IRQHandler
                0x0000374c        0x8 ./startup/startup_mkv42f16.o
                0x0000374c                DMA_Error_IRQHandler
 .text.MCM_IRQHandler
                0x00003754        0x8 ./startup/startup_mkv42f16.o
                0x00003754                MCM_IRQHandler
 .text.FTFA_IRQHandler
                0x0000375c        0x8 ./startup/startup_mkv42f16.o
                0x0000375c                FTFA_IRQHandler
 .text.FTFA_Collision_IRQHandler
                0x00003764        0x8 ./startup/startup_mkv42f16.o
                0x00003764                FTFA_Collision_IRQHandler
 .text.PMC_IRQHandler
                0x0000376c        0x8 ./startup/startup_mkv42f16.o
                0x0000376c                PMC_IRQHandler
 .text.LLWU_IRQHandler
                0x00003774        0x8 ./startup/startup_mkv42f16.o
                0x00003774                LLWU_IRQHandler
 .text.WDOG_EWM_IRQHandler
                0x0000377c        0x8 ./startup/startup_mkv42f16.o
                0x0000377c                WDOG_EWM_IRQHandler
 .text.Reserved39_IRQHandler
                0x00003784        0x8 ./startup/startup_mkv42f16.o
                0x00003784                Reserved39_IRQHandler
 .text.I2C0_IRQHandler
                0x0000378c        0x8 ./startup/startup_mkv42f16.o
                0x0000378c                I2C0_IRQHandler
 .text.Reserved41_IRQHandler
                0x00003794        0x8 ./startup/startup_mkv42f16.o
                0x00003794                Reserved41_IRQHandler
 .text.SPI0_IRQHandler
                0x0000379c        0x8 ./startup/startup_mkv42f16.o
                0x0000379c                SPI0_IRQHandler
 .text.Reserved43_IRQHandler
                0x000037a4        0x8 ./startup/startup_mkv42f16.o
                0x000037a4                Reserved43_IRQHandler
 .text.Reserved44_IRQHandler
                0x000037ac        0x8 ./startup/startup_mkv42f16.o
                0x000037ac                Reserved44_IRQHandler
 .text.Reserved45_IRQHandler
                0x000037b4        0x8 ./startup/startup_mkv42f16.o
                0x000037b4                Reserved45_IRQHandler
 .text.Reserved46_IRQHandler
                0x000037bc        0x8 ./startup/startup_mkv42f16.o
                0x000037bc                Reserved46_IRQHandler
 .text.UART0_ERR_IRQHandler
                0x000037c4        0x8 ./startup/startup_mkv42f16.o
                0x000037c4                UART0_ERR_IRQHandler
 .text.UART1_RX_TX_IRQHandler
                0x000037cc        0x8 ./startup/startup_mkv42f16.o
                0x000037cc                UART1_RX_TX_IRQHandler
 .text.UART1_ERR_IRQHandler
                0x000037d4        0x8 ./startup/startup_mkv42f16.o
                0x000037d4                UART1_ERR_IRQHandler
 .text.Reserved51_IRQHandler
                0x000037dc        0x8 ./startup/startup_mkv42f16.o
                0x000037dc                Reserved51_IRQHandler
 .text.Reserved52_IRQHandler
                0x000037e4        0x8 ./startup/startup_mkv42f16.o
                0x000037e4                Reserved52_IRQHandler
 .text.Reserved53_IRQHandler
                0x000037ec        0x8 ./startup/startup_mkv42f16.o
                0x000037ec                Reserved53_IRQHandler
 .text.ADC_ERR_IRQHandler
                0x000037f4        0x8 ./startup/startup_mkv42f16.o
                0x000037f4                ADC_ERR_IRQHandler
 .text.ADCA_IRQHandler
                0x000037fc        0x8 ./startup/startup_mkv42f16.o
                0x000037fc                ADCA_IRQHandler
 .text.CMP0_IRQHandler
                0x00003804        0x8 ./startup/startup_mkv42f16.o
                0x00003804                CMP0_IRQHandler
 .text.CMP1_IRQHandler
                0x0000380c        0x8 ./startup/startup_mkv42f16.o
                0x0000380c                CMP1_IRQHandler
 .text.FTM0_IRQHandler
                0x00003814        0x8 ./startup/startup_mkv42f16.o
                0x00003814                FTM0_IRQHandler
 .text.Reserved60_IRQHandler
                0x0000381c        0x8 ./startup/startup_mkv42f16.o
                0x0000381c                Reserved60_IRQHandler
 .text.Reserved61_IRQHandler
                0x00003824        0x8 ./startup/startup_mkv42f16.o
                0x00003824                Reserved61_IRQHandler
 .text.Reserved62_IRQHandler
                0x0000382c        0x8 ./startup/startup_mkv42f16.o
                0x0000382c                Reserved62_IRQHandler
 .text.Reserved63_IRQHandler
                0x00003834        0x8 ./startup/startup_mkv42f16.o
                0x00003834                Reserved63_IRQHandler
 .text.PIT0_IRQHandler
                0x0000383c        0x8 ./startup/startup_mkv42f16.o
                0x0000383c                PIT0_IRQHandler
 .text.PIT1_IRQHandler
                0x00003844        0x8 ./startup/startup_mkv42f16.o
                0x00003844                PIT1_IRQHandler
 .text.PIT2_IRQHandler
                0x0000384c        0x8 ./startup/startup_mkv42f16.o
                0x0000384c                PIT2_IRQHandler
 .text.PIT3_IRQHandler
                0x00003854        0x8 ./startup/startup_mkv42f16.o
                0x00003854                PIT3_IRQHandler
 .text.PDB0_IRQHandler
                0x0000385c        0x8 ./startup/startup_mkv42f16.o
                0x0000385c                PDB0_IRQHandler
 .text.Reserved69_IRQHandler
                0x00003864        0x8 ./startup/startup_mkv42f16.o
                0x00003864                Reserved69_IRQHandler
 .text.XBARA_IRQHandler
                0x0000386c        0x8 ./startup/startup_mkv42f16.o
                0x0000386c                XBARA_IRQHandler
 .text.PDB1_IRQHandler
                0x00003874        0x8 ./startup/startup_mkv42f16.o
                0x00003874                PDB1_IRQHandler
 .text.Reserved72_IRQHandler
                0x0000387c        0x8 ./startup/startup_mkv42f16.o
                0x0000387c                Reserved72_IRQHandler
 .text.MCG_IRQHandler
                0x00003884        0x8 ./startup/startup_mkv42f16.o
                0x00003884                MCG_IRQHandler
 .text.LPTMR0_IRQHandler
                0x0000388c        0x8 ./startup/startup_mkv42f16.o
                0x0000388c                LPTMR0_IRQHandler
 .text.PORTA_IRQHandler
                0x00003894        0x8 ./startup/startup_mkv42f16.o
                0x00003894                PORTA_IRQHandler
 .text.PORTB_IRQHandler
                0x0000389c        0x8 ./startup/startup_mkv42f16.o
                0x0000389c                PORTB_IRQHandler
 .text.PORTC_IRQHandler
                0x000038a4        0x8 ./startup/startup_mkv42f16.o
                0x000038a4                PORTC_IRQHandler
 .text.PORTD_IRQHandler
                0x000038ac        0x8 ./startup/startup_mkv42f16.o
                0x000038ac                PORTD_IRQHandler
 .text.PORTE_IRQHandler
                0x000038b4        0x8 ./startup/startup_mkv42f16.o
                0x000038b4                PORTE_IRQHandler
 .text.SWI_IRQHandler
                0x000038bc        0x8 ./startup/startup_mkv42f16.o
                0x000038bc                SWI_IRQHandler
 .text.Reserved81_IRQHandler
                0x000038c4        0x8 ./startup/startup_mkv42f16.o
                0x000038c4                Reserved81_IRQHandler
 .text.ENC0_COMPARE_IRQHandler
                0x000038cc        0x8 ./startup/startup_mkv42f16.o
                0x000038cc                ENC0_COMPARE_IRQHandler
 .text.ENC0_HOME_IRQHandler
                0x000038d4        0x8 ./startup/startup_mkv42f16.o
                0x000038d4                ENC0_HOME_IRQHandler
 .text.ENC0_WDOG_SAB_IRQHandler
                0x000038dc        0x8 ./startup/startup_mkv42f16.o
                0x000038dc                ENC0_WDOG_SAB_IRQHandler
 .text.ENC0_INDEX_IRQHandler
                0x000038e4        0x8 ./startup/startup_mkv42f16.o
                0x000038e4                ENC0_INDEX_IRQHandler
 .text.CMP2_IRQHandler
                0x000038ec        0x8 ./startup/startup_mkv42f16.o
                0x000038ec                CMP2_IRQHandler
 .text.FTM3_IRQHandler
                0x000038f4        0x8 ./startup/startup_mkv42f16.o
                0x000038f4                FTM3_IRQHandler
 .text.Reserved88_IRQHandler
                0x000038fc        0x8 ./startup/startup_mkv42f16.o
                0x000038fc                Reserved88_IRQHandler
 .text.ADCB_IRQHandler
                0x00003904        0x8 ./startup/startup_mkv42f16.o
                0x00003904                ADCB_IRQHandler
 .text.Reserved90_IRQHandler
                0x0000390c        0x8 ./startup/startup_mkv42f16.o
                0x0000390c                Reserved90_IRQHandler
 .text.CAN0_ORed_Message_buffer_IRQHandler
                0x00003914        0x8 ./startup/startup_mkv42f16.o
                0x00003914                CAN0_ORed_Message_buffer_IRQHandler
 .text.CAN0_Bus_Off_IRQHandler
                0x0000391c        0x8 ./startup/startup_mkv42f16.o
                0x0000391c                CAN0_Bus_Off_IRQHandler
 .text.CAN0_Error_IRQHandler
                0x00003924        0x8 ./startup/startup_mkv42f16.o
                0x00003924                CAN0_Error_IRQHandler
 .text.CAN0_Tx_Warning_IRQHandler
                0x0000392c        0x8 ./startup/startup_mkv42f16.o
                0x0000392c                CAN0_Tx_Warning_IRQHandler
 .text.CAN0_Rx_Warning_IRQHandler
                0x00003934        0x8 ./startup/startup_mkv42f16.o
                0x00003934                CAN0_Rx_Warning_IRQHandler
 .text.CAN0_Wake_Up_IRQHandler
                0x0000393c        0x8 ./startup/startup_mkv42f16.o
                0x0000393c                CAN0_Wake_Up_IRQHandler
 .text.Reserved97_IRQHandler
                0x00003944        0x8 ./startup/startup_mkv42f16.o
                0x00003944                Reserved97_IRQHandler
 .text.Reserved98_IRQHandler
                0x0000394c        0x8 ./startup/startup_mkv42f16.o
                0x0000394c                Reserved98_IRQHandler
 .text.Reserved99_IRQHandler
                0x00003954        0x8 ./startup/startup_mkv42f16.o
                0x00003954                Reserved99_IRQHandler
 .text.Reserved100_IRQHandler
                0x0000395c        0x8 ./startup/startup_mkv42f16.o
                0x0000395c                Reserved100_IRQHandler
 .text.Reserved101_IRQHandler
                0x00003964        0x8 ./startup/startup_mkv42f16.o
                0x00003964                Reserved101_IRQHandler
 .text.Reserved102_IRQHandler
                0x0000396c        0x8 ./startup/startup_mkv42f16.o
                0x0000396c                Reserved102_IRQHandler
 .text.Reserved103_IRQHandler
                0x00003974        0x8 ./startup/startup_mkv42f16.o
                0x00003974                Reserved103_IRQHandler
 .text.Reserved104_IRQHandler
                0x0000397c        0x8 ./startup/startup_mkv42f16.o
                0x0000397c                Reserved104_IRQHandler
 .text.Reserved105_IRQHandler
                0x00003984        0x8 ./startup/startup_mkv42f16.o
                0x00003984                Reserved105_IRQHandler
 .text.Reserved106_IRQHandler
                0x0000398c        0x8 ./startup/startup_mkv42f16.o
                0x0000398c                Reserved106_IRQHandler
 .text.Reserved107_IRQHandler
                0x00003994        0x8 ./startup/startup_mkv42f16.o
                0x00003994                Reserved107_IRQHandler
 .text.CMP3_IRQHandler
                0x0000399c        0x8 ./startup/startup_mkv42f16.o
                0x0000399c                CMP3_IRQHandler
 .text.Reserved109_IRQHandler
                0x000039a4        0x8 ./startup/startup_mkv42f16.o
                0x000039a4                Reserved109_IRQHandler
 .text.CAN1_ORed_Message_buffer_IRQHandler
                0x000039ac        0x8 ./startup/startup_mkv42f16.o
                0x000039ac                CAN1_ORed_Message_buffer_IRQHandler
 .text.CAN1_Bus_Off_IRQHandler
                0x000039b4        0x8 ./startup/startup_mkv42f16.o
                0x000039b4                CAN1_Bus_Off_IRQHandler
 .text.CAN1_Error_IRQHandler
                0x000039bc        0x8 ./startup/startup_mkv42f16.o
                0x000039bc                CAN1_Error_IRQHandler
 .text.CAN1_Tx_Warning_IRQHandler
                0x000039c4        0x8 ./startup/startup_mkv42f16.o
                0x000039c4                CAN1_Tx_Warning_IRQHandler
 .text.CAN1_Rx_Warning_IRQHandler
                0x000039cc        0x8 ./startup/startup_mkv42f16.o
                0x000039cc                CAN1_Rx_Warning_IRQHandler
 .text.CAN1_Wake_Up_IRQHandler
                0x000039d4        0x8 ./startup/startup_mkv42f16.o
                0x000039d4                CAN1_Wake_Up_IRQHandler
 .text.CLOCK_GetPll0RefFreq
                0x000039dc        0xe ./drivers/fsl_clock.o
 .text.CLOCK_GetFixedFreqClkFreq
                0x000039ea       0x34 ./drivers/fsl_clock.o
                0x000039ea                CLOCK_GetFixedFreqClkFreq
 .text.CLOCK_EnableClock
                0x00003a1e       0x34 ./drivers/fsl_ftm.o
 .text.FTM_SetDeadTimeEnable
                0x00003a52       0x52 ./drivers/fsl_ftm.o
 .text.FTM_SetComplementaryEnable
                0x00003aa4       0x52 ./drivers/fsl_ftm.o
 .text.FTM_EnableInterrupts
                0x00003af6       0x88 ./drivers/fsl_ftm.o
                0x00003af6                FTM_EnableInterrupts
 .text.FTM_GetStatusFlags
                0x00003b7e       0x62 ./drivers/fsl_ftm.o
                0x00003b7e                FTM_GetStatusFlags
 .text.FTM_ClearStatusFlags
                0x00003be0       0x68 ./drivers/fsl_ftm.o
                0x00003be0                FTM_ClearStatusFlags
 .text.GPIO_PinWrite
                0x00003c48       0x3a ./drivers/fsl_gpio.o
 .text.CLOCK_EnableClock
                0x00003c82       0x34 ./drivers/fsl_uart.o
 .text.UART_GetStatusFlags
                0x00003cb6       0x48 ./drivers/fsl_uart.o
                0x00003cb6                UART_GetStatusFlags
 .text.UART1_RX_TX_DriverIRQHandler
                0x00003cfe       0x12 ./drivers/fsl_uart.o
                0x00003cfe                UART1_RX_TX_DriverIRQHandler
 .text.SystemInitHook
                0x00003d10        0xe ./device/system_MKV42F16.o
                0x00003d10                SystemInitHook
 .text.BOARD_InitDebugConsole
                0x00003d1e        0xe ./board/board.o
                0x00003d1e                BOARD_InitDebugConsole
 .text.BOARD_InitBootClocks
                0x00003d2c        0xe ./board/clock_config.o
                0x00003d2c                BOARD_InitBootClocks
 .text.BOARD_InitBootPeripherals
                0x00003d3a        0xe ./board/peripherals.o
                0x00003d3a                BOARD_InitBootPeripherals
 .text.CLOCK_EnableClock
                0x00003d48       0x34 ./board/pin_mux.o
 .text.PORT_SetPinMux
                0x00003d7c       0x3a ./board/pin_mux.o
 .text.PORT_SetPinInterruptConfig
                0x00003db6       0x3a ./board/pin_mux.o
 .text.BOARD_InitBootPins
                0x00003df0        0xc ./board/pin_mux.o
                0x00003df0                BOARD_InitBootPins
 .text.EnableIRQ
                0x00003dfc       0x2c ./SixStepLib_Peripherals/NXP_config.o
 .text.FTM_SetTimerPeriod
                0x00003e28       0x1c ./SixStepLib_Peripherals/NXP_config.o
 .text.FTM_StartTimer
                0x00003e44       0x3a ./SixStepLib_Peripherals/NXP_config.o
 .text.GPIO_PinRead
                0x00003e7e       0x24 ./SixStepLib_Peripherals/main.o
 .text.FTM_SetSoftwareTrigger
                0x00003ea2       0x38 ./SixStepLib_Peripherals/main.o
 .text.UART_WriteByte
                0x00003eda       0x1e ./SixStepLib_Peripherals/main.o
 .text.UART_ReadByte
                0x00003ef8       0x1a ./SixStepLib_Peripherals/main.o
 .text.HardFault_Handler
                0x00003f12       0x2c ./SixStepLib_Peripherals/semihost_hardfault.o
                0x00003f12                HardFault_Handler
 .text.__main   0x00003f3e        0xe c:/nxp/mcuxpressoide_11.6.0_8187/ide/plugins/com.nxp.mcuxpresso.tools.win32_11.6.0.202112161359/tools/bin/../lib/gcc/arm-none-eabi/10.3.1/../../../../arm-none-eabi/lib/thumb/v7e-m+fp/hard\libcr_semihost_nf.a(_cr__main.o)
                0x00003f3e                __CR_SEMIHOST
                0x00003f3e                __main
 .text.memset   0x00003f4c        0x4 c:/nxp/mcuxpressoide_11.6.0_8187/ide/plugins/com.nxp.mcuxpresso.tools.win32_11.6.0.202112161359/tools/bin/../lib/gcc/arm-none-eabi/10.3.1/../../../../arm-none-eabi/lib/thumb/v7e-m+fp/hard\libcr_c.a(memset.o)
                0x00003f4c                memset
 .text._deferredlazyseek
                0x00003f50       0x40 c:/nxp/mcuxpressoide_11.6.0_8187/ide/plugins/com.nxp.mcuxpresso.tools.win32_11.6.0.202112161359/tools/bin/../lib/gcc/arm-none-eabi/10.3.1/../../../../arm-none-eabi/lib/thumb/v7e-m+fp/hard\libcr_c.a(_deferredlazyseek.o)
                0x00003f50                _deferredlazyseek
 .text.__flsbuf
                0x00003f90      0x140 c:/nxp/mcuxpressoide_11.6.0_8187/ide/plugins/com.nxp.mcuxpresso.tools.win32_11.6.0.202112161359/tools/bin/../lib/gcc/arm-none-eabi/10.3.1/../../../../arm-none-eabi/lib/thumb/v7e-m+fp/hard\libcr_c.a(_deferredlazyseek.o)
                0x00003f90                __flsbuf
 .text._fflush  0x000040d0       0x52 c:/nxp/mcuxpressoide_11.6.0_8187/ide/plugins/com.nxp.mcuxpresso.tools.win32_11.6.0.202112161359/tools/bin/../lib/gcc/arm-none-eabi/10.3.1/../../../../arm-none-eabi/lib/thumb/v7e-m+fp/hard\libcr_c.a(_fflush.o)
                0x000040d0                _fflush
 .text.free     0x00004122       0x30 c:/nxp/mcuxpressoide_11.6.0_8187/ide/plugins/com.nxp.mcuxpresso.tools.win32_11.6.0.202112161359/tools/bin/../lib/gcc/arm-none-eabi/10.3.1/../../../../arm-none-eabi/lib/thumb/v7e-m+fp/hard\libcr_c.a(alloc.o)
                0x00004122                free
 .text.fputs    0x00004152       0x2c c:/nxp/mcuxpressoide_11.6.0_8187/ide/plugins/com.nxp.mcuxpresso.tools.win32_11.6.0.202112161359/tools/bin/../lib/gcc/arm-none-eabi/10.3.1/../../../../arm-none-eabi/lib/thumb/v7e-m+fp/hard\libcr_c.a(fputs.o)
                0x00004152                fputs
 .text.no_fp_display
                0x0000417e        0x4 c:/nxp/mcuxpressoide_11.6.0_8187/ide/plugins/com.nxp.mcuxpresso.tools.win32_11.6.0.202112161359/tools/bin/../lib/gcc/arm-none-eabi/10.3.1/../../../../arm-none-eabi/lib/thumb/v7e-m+fp/hard\libcr_c.a(printf.o)
 .text.setvbuf  0x00004182       0x3e c:/nxp/mcuxpressoide_11.6.0_8187/ide/plugins/com.nxp.mcuxpresso.tools.win32_11.6.0.202112161359/tools/bin/../lib/gcc/arm-none-eabi/10.3.1/../../../../arm-none-eabi/lib/thumb/v7e-m+fp/hard\libcr_c.a(setvbuf.o)
                0x00004182                setvbuf
 .text.strlen   0x000041c0       0x48 c:/nxp/mcuxpressoide_11.6.0_8187/ide/plugins/com.nxp.mcuxpresso.tools.win32_11.6.0.202112161359/tools/bin/../lib/gcc/arm-none-eabi/10.3.1/../../../../arm-none-eabi/lib/thumb/v7e-m+fp/hard\libcr_c.a(strlen.o)
                0x000041c0                strlen
 .text._fdopen  0x00004208       0x68 c:/nxp/mcuxpressoide_11.6.0_8187/ide/plugins/com.nxp.mcuxpresso.tools.win32_11.6.0.202112161359/tools/bin/../lib/gcc/arm-none-eabi/10.3.1/../../../../arm-none-eabi/lib/thumb/v7e-m+fp/hard\libcr_c.a(_fdopen.o)
                0x00004208                _fdopen
 .text.fclose   0x00004270       0x58 c:/nxp/mcuxpressoide_11.6.0_8187/ide/plugins/com.nxp.mcuxpresso.tools.win32_11.6.0.202112161359/tools/bin/../lib/gcc/arm-none-eabi/10.3.1/../../../../arm-none-eabi/lib/thumb/v7e-m+fp/hard\libcr_c.a(fclose.o)
                0x00004270                fclose
 .text.remove   0x000042c8       0x14 c:/nxp/mcuxpressoide_11.6.0_8187/ide/plugins/com.nxp.mcuxpresso.tools.win32_11.6.0.202112161359/tools/bin/../lib/gcc/arm-none-eabi/10.3.1/../../../../arm-none-eabi/lib/thumb/v7e-m+fp/hard\libcr_c.a(remove.o)
                0x000042c8                remove
 .text._do_fflush
                0x000042dc       0x40 c:/nxp/mcuxpressoide_11.6.0_8187/ide/plugins/com.nxp.mcuxpresso.tools.win32_11.6.0.202112161359/tools/bin/../lib/gcc/arm-none-eabi/10.3.1/../../../../arm-none-eabi/lib/thumb/v7e-m+fp/hard\libcr_c.a(_do_fflush.o)
                0x000042dc                _do_fflush
 .text.__aeabi_division_uldivmod
                0x0000431c      0x174 c:/nxp/mcuxpressoide_11.6.0_8187/ide/plugins/com.nxp.mcuxpresso.tools.win32_11.6.0.202112161359/tools/bin/../lib/gcc/arm-none-eabi/10.3.1/thumb/v7e-m+fp/hard\libcr_eabihelpers.a(division_64.o)
                0x0000431c                __aeabi_uldivmod
                0x00004320                __bhs_ldivmod1
 .text.__aeabi_division_idiv0
                0x00004490        0x2 c:/nxp/mcuxpressoide_11.6.0_8187/ide/plugins/com.nxp.mcuxpresso.tools.win32_11.6.0.202112161359/tools/bin/../lib/gcc/arm-none-eabi/10.3.1/thumb/v7e-m+fp/hard\libcr_eabihelpers.a(division_idiv0.o)
                0x00004490                __aeabi_idiv0
 .text.__aeabi_memset_lowlevel
                0x00004492       0x32 c:/nxp/mcuxpressoide_11.6.0_8187/ide/plugins/com.nxp.mcuxpresso.tools.win32_11.6.0.202112161359/tools/bin/../lib/gcc/arm-none-eabi/10.3.1/thumb/v7e-m+fp/hard\libcr_eabihelpers.a(memcpy.o)
                0x00004492                __aeabi_lowlevel_memset
 .text.__sys_close
                0x000044c4        0xc c:/nxp/mcuxpressoide_11.6.0_8187/ide/plugins/com.nxp.mcuxpresso.tools.win32_11.6.0.202112161359/tools/bin/../lib/gcc/arm-none-eabi/10.3.1/../../../../arm-none-eabi/lib/thumb/v7e-m+fp/hard\libcr_semihost_nf.a(__sys_close.o)
                0x000044c4                __sys_close
 .text.__sys_flen
                0x000044d0        0xc c:/nxp/mcuxpressoide_11.6.0_8187/ide/plugins/com.nxp.mcuxpresso.tools.win32_11.6.0.202112161359/tools/bin/../lib/gcc/arm-none-eabi/10.3.1/../../../../arm-none-eabi/lib/thumb/v7e-m+fp/hard\libcr_semihost_nf.a(__sys_flen.o)
                0x000044d0                __sys_flen
 .text.__sys_istty
                0x000044dc        0xc c:/nxp/mcuxpressoide_11.6.0_8187/ide/plugins/com.nxp.mcuxpresso.tools.win32_11.6.0.202112161359/tools/bin/../lib/gcc/arm-none-eabi/10.3.1/../../../../arm-none-eabi/lib/thumb/v7e-m+fp/hard\libcr_semihost_nf.a(__sys_istty.o)
                0x000044dc                __sys_istty
 .text.__sys_remove
                0x000044e8        0xc c:/nxp/mcuxpressoide_11.6.0_8187/ide/plugins/com.nxp.mcuxpresso.tools.win32_11.6.0.202112161359/tools/bin/../lib/gcc/arm-none-eabi/10.3.1/../../../../arm-none-eabi/lib/thumb/v7e-m+fp/hard\libcr_semihost_nf.a(__sys_remove.o)
                0x000044e8                __sys_remove
 .text.__sys_seek
                0x000044f4        0xc c:/nxp/mcuxpressoide_11.6.0_8187/ide/plugins/com.nxp.mcuxpresso.tools.win32_11.6.0.202112161359/tools/bin/../lib/gcc/arm-none-eabi/10.3.1/../../../../arm-none-eabi/lib/thumb/v7e-m+fp/hard\libcr_semihost_nf.a(__sys_seek.o)
                0x000044f4                __sys_seek
 .text.__sys_tmpnam
                0x00004500        0xc c:/nxp/mcuxpressoide_11.6.0_8187/ide/plugins/com.nxp.mcuxpresso.tools.win32_11.6.0.202112161359/tools/bin/../lib/gcc/arm-none-eabi/10.3.1/../../../../arm-none-eabi/lib/thumb/v7e-m+fp/hard\libcr_semihost_nf.a(__sys_tmpnam.o)
                0x00004500                __sys_tmpnam
 .text.__sys_write
                0x0000450c        0xc c:/nxp/mcuxpressoide_11.6.0_8187/ide/plugins/com.nxp.mcuxpresso.tools.win32_11.6.0.202112161359/tools/bin/../lib/gcc/arm-none-eabi/10.3.1/../../../../arm-none-eabi/lib/thumb/v7e-m+fp/hard\libcr_semihost_nf.a(__sys_write.o)
                0x0000450c                __sys_write
 *(SORT_BY_ALIGNMENT(.rodata) SORT_BY_ALIGNMENT(.rodata.*) SORT_BY_ALIGNMENT(.constdata) SORT_BY_ALIGNMENT(.constdata.*))
 .rodata.CLOCK_GetMcgExtClkFreq.str1.4
                0x00004518       0x24 ./drivers/fsl_clock.o
 .rodata.CLOCK_GetOsc0ErClkUndivFreq.str1.4
                0x0000453c       0x1e ./drivers/fsl_clock.o
 *fill*         0x0000455a        0x2 ff
 .rodata.CLOCK_GetOsc0ErClkDivFreq.str1.4
                0x0000455c       0x1e ./drivers/fsl_clock.o
 *fill*         0x0000457a        0x2 ff
 .rodata.CLOCK_GetPll0Freq.str1.4
                0x0000457c       0x1d ./drivers/fsl_clock.o
 *fill*         0x00004599        0x3 ff
 .rodata.fllFactorTable.1
                0x0000459c       0x10 ./drivers/fsl_clock.o
 .rodata.s_ftmBases
                0x000045ac       0x10 ./drivers/fsl_ftm.o
 .rodata.s_ftmClocks
                0x000045bc       0x10 ./drivers/fsl_ftm.o
 .rodata.FTM_GetInstance.str1.4
                0x000045cc       0x28 ./drivers/fsl_ftm.o
 .rodata.FTM_SetPwmSync.str1.4
                0x000045f4       0x3a ./drivers/fsl_ftm.o
 *fill*         0x0000462e        0x2 ff
 .rodata.FTM_SetReloadPoints.str1.4
                0x00004630       0x20 ./drivers/fsl_ftm.o
 .rodata.FTM_Init.str1.4
                0x00004650       0x17 ./drivers/fsl_ftm.o
 *fill*         0x00004667        0x1 ff
 .rodata.FTM_GetDefaultConfig.str1.4
                0x00004668       0x1f ./drivers/fsl_ftm.o
 *fill*         0x00004687        0x1 ff
 .rodata.FTM_SetupPwm.str1.4
                0x00004688       0xcb ./drivers/fsl_ftm.o
 *fill*         0x00004753        0x1 ff
 .rodata.FTM_UpdatePwmDutycycle.str1.4
                0x00004754       0x3b ./drivers/fsl_ftm.o
 *fill*         0x0000478f        0x1 ff
 .rodata.GPIO_PinInit.str1.4
                0x00004790       0x20 ./drivers/fsl_gpio.o
 .rodata.s_uartBases
                0x000047b0        0x8 ./drivers/fsl_uart.o
 .rodata.s_uartClock
                0x000047b8        0x8 ./drivers/fsl_uart.o
 .rodata.UART_GetInstance.str1.4
                0x000047c0       0x2b ./drivers/fsl_uart.o
 *fill*         0x000047eb        0x1 ff
 .rodata.UART_Init.str1.4
                0x000047ec       0xef ./drivers/fsl_uart.o
 *fill*         0x000048db        0x1 ff
 .rodata.UART_GetDefaultConfig.str1.4
                0x000048dc       0x18 ./drivers/fsl_uart.o
 .rodata        0x000048f4        0x2 ./board/pin_mux.o
 *fill*         0x000048f6        0x2 ff
 .rodata.UART_Transmit_Byte.str1.4
                0x000048f8        0x4 ./SixStepLib_Peripherals/main.o
 .rodata.__num_Ciob_streams
                0x000048fc        0x4 c:/nxp/mcuxpressoide_11.6.0_8187/ide/plugins/com.nxp.mcuxpresso.tools.win32_11.6.0.202112161359/tools/bin/../lib/gcc/arm-none-eabi/10.3.1/../../../../arm-none-eabi/lib/thumb/v7e-m+fp/hard\libcr_semihost_nf.a(__ciob.o)
                0x000048fc                __num_Ciob_streams
 .rodata.__assertion_failed.str1.1
                0x00004900       0x15 c:/nxp/mcuxpressoide_11.6.0_8187/ide/plugins/com.nxp.mcuxpresso.tools.win32_11.6.0.202112161359/tools/bin/../lib/gcc/arm-none-eabi/10.3.1/../../../../arm-none-eabi/lib/thumb/v7e-m+fp/hard\libcr_semihost_nf.a(_cr_assert.o)
 .rodata._Csys_alloc.str1.1
                0x00004915       0x18 c:/nxp/mcuxpressoide_11.6.0_8187/ide/plugins/com.nxp.mcuxpresso.tools.win32_11.6.0.202112161359/tools/bin/../lib/gcc/arm-none-eabi/10.3.1/../../../../arm-none-eabi/lib/thumb/v7e-m+fp/hard\libcr_c.a(alloc.o)
 .rodata._initio.str1.1
                0x0000492d        0x4 c:/nxp/mcuxpressoide_11.6.0_8187/ide/plugins/com.nxp.mcuxpresso.tools.win32_11.6.0.202112161359/tools/bin/../lib/gcc/arm-none-eabi/10.3.1/../../../../arm-none-eabi/lib/thumb/v7e-m+fp/hard\libcr_c.a(initio.o)
 .rodata.__vfprintf.str1.1
                0x00004931       0x35 c:/nxp/mcuxpressoide_11.6.0_8187/ide/plugins/com.nxp.mcuxpresso.tools.win32_11.6.0.202112161359/tools/bin/../lib/gcc/arm-none-eabi/10.3.1/../../../../arm-none-eabi/lib/thumb/v7e-m+fp/hard\libcr_c.a(printf.o)
                                 0x38 (size before relaxing)
                0x00004968                . = ALIGN (0x4)
 *fill*         0x00004966        0x2 ff
                0x00004968                _etext = .

.glue_7         0x00004968        0x0
 .glue_7        0x00004968        0x0 linker stubs

.glue_7t        0x00004968        0x0
 .glue_7t       0x00004968        0x0 linker stubs

.vfp11_veneer   0x00004968        0x0
 .vfp11_veneer  0x00004968        0x0 linker stubs

.v4_bx          0x00004968        0x0
 .v4_bx         0x00004968        0x0 linker stubs

.iplt           0x00004968        0x0
 .iplt          0x00004968        0x0 ./startup/startup_mkv42f16.o

.rel.dyn        0x00004968        0x0
 .rel.iplt      0x00004968        0x0 ./startup/startup_mkv42f16.o

.data_RAM2      0x1fffe000        0x0 load address 0x00004968
 FILL mask 0xff
                [!provide]                PROVIDE (__start_data_RAM2 = .)
                [!provide]                PROVIDE (__start_data_SRAM_LOWER = .)
 *(SORT_BY_ALIGNMENT(.ramfunc.$RAM2))
 *(SORT_BY_ALIGNMENT(.ramfunc.$SRAM_LOWER))
 *(SORT_BY_ALIGNMENT(.data.$RAM2))
 *(SORT_BY_ALIGNMENT(.data.$SRAM_LOWER))
 *(SORT_BY_ALIGNMENT(.data.$RAM2.*))
 *(SORT_BY_ALIGNMENT(.data.$SRAM_LOWER.*))
                0x1fffe000                . = ALIGN (0x4)
                [!provide]                PROVIDE (__end_data_RAM2 = .)
                [!provide]                PROVIDE (__end_data_SRAM_LOWER = .)

.uninit_RESERVED
                0x20000000        0x0
                0x20000000                _start_uninit_RESERVED = .
 *(SORT_BY_ALIGNMENT(.bss.$RESERVED*))
                0x20000000                . = ALIGN (0x4)
                0x20000000                _end_uninit_RESERVED = .

.data           0x20000000       0x14 load address 0x00004968
 FILL mask 0xff
                0x20000000                _data = .
                [!provide]                PROVIDE (__start_data_RAM = .)
                [!provide]                PROVIDE (__start_data_SRAM_UPPER = .)
 *(SORT_BY_ALIGNMENT(vtable))
 *(SORT_BY_ALIGNMENT(.ramfunc*))
 *(SORT_BY_ALIGNMENT(CodeQuickAccess))
 *(SORT_BY_ALIGNMENT(DataQuickAccess))
 *(SORT_BY_ALIGNMENT(RamFunction))
 *(SORT_BY_ALIGNMENT(.data*))
 .data.s_slowIrcFreq
                0x20000000        0x4 ./drivers/fsl_clock.o
 .data.s_fastIrcFreq
                0x20000004        0x4 ./drivers/fsl_clock.o
 .data.second   0x20000008        0x4 ./SixStepLib_Peripherals/main.o
                0x20000008                second
 .data.Hall_Sector
                0x2000000c        0x4 ./SixStepLib_Peripherals/main.o
                0x2000000c                Hall_Sector
 .data.Current_Task
                0x20000010        0x1 ./SixStepLib_Peripherals/main.o
                0x20000010                Current_Task
                0x20000014                . = ALIGN (0x4)
 *fill*         0x20000011        0x3 ff
                0x20000014                _edata = .
                [!provide]                PROVIDE (__end_data_RAM = .)
                [!provide]                PROVIDE (__end_data_SRAM_UPPER = .)

.igot.plt       0x20000014        0x0 load address 0x0000497c
 .igot.plt      0x20000014        0x0 ./startup/startup_mkv42f16.o

.bss_RAM2       0x1fffe000        0x0
                [!provide]                PROVIDE (__start_bss_RAM2 = .)
                [!provide]                PROVIDE (__start_bss_SRAM_LOWER = .)
 *(SORT_BY_ALIGNMENT(.bss.$RAM2))
 *(SORT_BY_ALIGNMENT(.bss.$SRAM_LOWER))
 *(SORT_BY_ALIGNMENT(.bss.$RAM2.*))
 *(SORT_BY_ALIGNMENT(.bss.$SRAM_LOWER.*))
                0x1fffe000                . = ALIGN ((. != 0x0)?0x4:0x1)
                [!provide]                PROVIDE (__end_bss_RAM2 = .)
                [!provide]                PROVIDE (__end_bss_SRAM_LOWER = .)

.bss            0x20000014      0x19c
                0x20000014                _bss = .
                [!provide]                PROVIDE (__start_bss_RAM = .)
                [!provide]                PROVIDE (__start_bss_SRAM_UPPER = .)
 *(SORT_BY_ALIGNMENT(.bss*))
 .bss.g_xtal0Freq
                0x20000014        0x4 ./drivers/fsl_clock.o
                0x20000014                g_xtal0Freq
 .bss.s_uartHandle
                0x20000018        0x8 ./drivers/fsl_uart.o
 .bss.s_uartIsr
                0x20000020        0x4 ./drivers/fsl_uart.o
 .bss.txbuff    0x20000024        0x3 ./SixStepLib_Peripherals/main.o
                0x20000024                txbuff
 *fill*         0x20000027        0x1 
 .bss.rxbuff    0x20000028        0x6 ./SixStepLib_Peripherals/main.o
                0x20000028                rxbuff
 *fill*         0x2000002e        0x2 
 .bss.rxbuff_old
                0x20000030       0x14 ./SixStepLib_Peripherals/main.o
                0x20000030                rxbuff_old
 .bss.ref_hiz   0x20000044        0x4 ./SixStepLib_Peripherals/main.o
                0x20000044                ref_hiz
 .bss.updatedDutycycle
                0x20000048        0x4 ./SixStepLib_Peripherals/main.o
                0x20000048                updatedDutycycle
 .bss.milisecondCounts
                0x2000004c        0x4 ./SixStepLib_Peripherals/main.o
                0x2000004c                milisecondCounts
 .bss.ms_div_5_count
                0x20000050        0x4 ./SixStepLib_Peripherals/main.o
                0x20000050                ms_div_5_count
 .bss.second_cnt
                0x20000054        0x4 ./SixStepLib_Peripherals/main.o
                0x20000054                second_cnt
 .bss.delayCounter
                0x20000058        0x4 ./SixStepLib_Peripherals/main.o
                0x20000058                delayCounter
 .bss.uart_count
                0x2000005c        0x4 ./SixStepLib_Peripherals/main.o
                0x2000005c                uart_count
 .bss.HallA_Status_fl
                0x20000060        0x4 ./SixStepLib_Peripherals/main.o
                0x20000060                HallA_Status_fl
 .bss.HallA_Status_fl_old
                0x20000064        0x4 ./SixStepLib_Peripherals/main.o
                0x20000064                HallA_Status_fl_old
 .bss.HallB_Status_fl
                0x20000068        0x4 ./SixStepLib_Peripherals/main.o
                0x20000068                HallB_Status_fl
 .bss.HallB_Status_fl_old
                0x2000006c        0x4 ./SixStepLib_Peripherals/main.o
                0x2000006c                HallB_Status_fl_old
 .bss.HallC_Status_fl
                0x20000070        0x4 ./SixStepLib_Peripherals/main.o
                0x20000070                HallC_Status_fl
 .bss.HallC_Status_fl_old
                0x20000074        0x4 ./SixStepLib_Peripherals/main.o
                0x20000074                HallC_Status_fl_old
 .bss.Hall_Sector_old
                0x20000078        0x4 ./SixStepLib_Peripherals/main.o
                0x20000078                Hall_Sector_old
 .bss.SectorError_fl
                0x2000007c        0x4 ./SixStepLib_Peripherals/main.o
                0x2000007c                SectorError_fl
 .bss.HallA_low_cnt
                0x20000080        0x4 ./SixStepLib_Peripherals/main.o
                0x20000080                HallA_low_cnt
 .bss.HallA_high_cnt
                0x20000084        0x4 ./SixStepLib_Peripherals/main.o
                0x20000084                HallA_high_cnt
 .bss.HallAFreq
                0x20000088        0x4 ./SixStepLib_Peripherals/main.o
                0x20000088                HallAFreq
 .bss.HallA_rpm
                0x2000008c        0x4 ./SixStepLib_Peripherals/main.o
                0x2000008c                HallA_rpm
 .bss.HallA_mech_rpm
                0x20000090        0x4 ./SixStepLib_Peripherals/main.o
                0x20000090                HallA_mech_rpm
 .bss.filter_buffer
                0x20000094       0x18 ./SixStepLib_Peripherals/main.o
                0x20000094                filter_buffer
 .bss.filter_sum
                0x200000ac        0x4 ./SixStepLib_Peripherals/main.o
                0x200000ac                filter_sum
 .bss.filter_output
                0x200000b0        0x4 ./SixStepLib_Peripherals/main.o
                0x200000b0                filter_output
 .bss.index     0x200000b4        0x4 ./SixStepLib_Peripherals/main.o
                0x200000b4                index
 .bss.pid_calculator_count
                0x200000b8        0x4 ./SixStepLib_Peripherals/main.o
                0x200000b8                pid_calculator_count
 .bss.PID_struct
                0x200000bc       0x2c ./SixStepLib_Peripherals/main.o
                0x200000bc                PID_struct
 .bss.__Ciob    0x200000e8       0xb4 c:/nxp/mcuxpressoide_11.6.0_8187/ide/plugins/com.nxp.mcuxpresso.tools.win32_11.6.0.202112161359/tools/bin/../lib/gcc/arm-none-eabi/10.3.1/../../../../arm-none-eabi/lib/thumb/v7e-m+fp/hard\libcr_semihost_nf.a(__ciob.o)
                0x200000e8                __Ciob
 .bss.__end_of_heap
                0x2000019c        0x4 c:/nxp/mcuxpressoide_11.6.0_8187/ide/plugins/com.nxp.mcuxpresso.tools.win32_11.6.0.202112161359/tools/bin/../lib/gcc/arm-none-eabi/10.3.1/../../../../arm-none-eabi/lib/thumb/v7e-m+fp/hard\libcr_c.a(__init_alloc.o)
                0x2000019c                __end_of_heap
 .bss.__heaps   0x200001a0        0x4 c:/nxp/mcuxpressoide_11.6.0_8187/ide/plugins/com.nxp.mcuxpresso.tools.win32_11.6.0.202112161359/tools/bin/../lib/gcc/arm-none-eabi/10.3.1/../../../../arm-none-eabi/lib/thumb/v7e-m+fp/hard\libcr_c.a(__init_alloc.o)
                0x200001a0                __heaps
 .bss.errno     0x200001a4        0x4 c:/nxp/mcuxpressoide_11.6.0_8187/ide/plugins/com.nxp.mcuxpresso.tools.win32_11.6.0.202112161359/tools/bin/../lib/gcc/arm-none-eabi/10.3.1/../../../../arm-none-eabi/lib/thumb/v7e-m+fp/hard\libcr_c.a(errno.o)
                0x200001a4                errno
 .bss.send_tx   0x200001a8        0x2 ./SixStepLib_Peripherals/main.o
                0x200001a8                send_tx
 .bss.rxIndex   0x200001aa        0x1 ./SixStepLib_Peripherals/main.o
                0x200001aa                rxIndex
 .bss.txIndex   0x200001ab        0x1 ./SixStepLib_Peripherals/main.o
                0x200001ab                txIndex
 .bss.Align_fl  0x200001ac        0x1 ./SixStepLib_Peripherals/main.o
                0x200001ac                Align_fl
 *(SORT_BY_ALIGNMENT(COMMON))
                0x200001b0                . = ALIGN (0x4)
 *fill*         0x200001ad        0x3 
                0x200001b0                _ebss = .
                [!provide]                PROVIDE (__end_bss_RAM = .)
                [!provide]                PROVIDE (__end_bss_SRAM_UPPER = .)
                [!provide]                PROVIDE (end = .)

.noinit_RAM2    0x1fffe000        0x0
                [!provide]                PROVIDE (__start_noinit_RAM2 = .)
                [!provide]                PROVIDE (__start_noinit_SRAM_LOWER = .)
 *(SORT_BY_ALIGNMENT(.noinit.$RAM2))
 *(SORT_BY_ALIGNMENT(.noinit.$SRAM_LOWER))
 *(SORT_BY_ALIGNMENT(.noinit.$RAM2.*))
 *(SORT_BY_ALIGNMENT(.noinit.$SRAM_LOWER.*))
                0x1fffe000                . = ALIGN (0x4)
                [!provide]                PROVIDE (__end_noinit_RAM2 = .)
                [!provide]                PROVIDE (__end_noinit_SRAM_LOWER = .)

.noinit         0x200001b0        0x0
                0x200001b0                _noinit = .
                [!provide]                PROVIDE (__start_noinit_RAM = .)
                [!provide]                PROVIDE (__start_noinit_SRAM_UPPER = .)
 *(SORT_BY_ALIGNMENT(.noinit*))
                0x200001b0                . = ALIGN (0x4)
                0x200001b0                _end_noinit = .
                [!provide]                PROVIDE (__end_noinit_RAM = .)
                [!provide]                PROVIDE (__end_noinit_SRAM_UPPER = .)

.ARM.extab
 *(SORT_BY_ALIGNMENT(.ARM.extab*) SORT_BY_ALIGNMENT(.gnu.linkonce.armextab.*))

.ARM.exidx      0x0000497c        0x0
                0x0000497c                __exidx_start = .
 *(SORT_BY_ALIGNMENT(.ARM.exidx*) SORT_BY_ALIGNMENT(.gnu.linkonce.armexidx.*))
                0x0000497c                __exidx_end = .
                0x00000200                _HeapSize = 0x200

.heap           0x200001b0      0x200
                0x200001b0                _pvHeapStart = .
                0x200003b0                . = (. + _HeapSize)
 *fill*         0x200001b0      0x200 
                0x200003b0                . = ALIGN (0x4)
                0x200003b0                _pvHeapLimit = .
                0x00000200                _StackSize = 0x200

.heap2stackfill
                0x200003b0      0x200
                0x200005b0                . = (. + _StackSize)
 *fill*         0x200003b0      0x200 

.stack          0x20001e00        0x0
                0x20001e00                _vStackBase = .
                0x20001e00                . = ALIGN (0x4)
                0x20002000                _vStackTop = (. + _StackSize)
                0x00000000                _image_start = LOADADDR (.text)
                0x0000497c                _image_end = (LOADADDR (.data) + SIZEOF (.data))
                0x0000497c                _image_size = (_image_end - _image_start)
OUTPUT(MKV42F16_Project_deneme_14_october.axf elf32-littlearm)
LOAD linker stubs

.debug_info     0x00000000     0x9bc2
 .debug_info    0x00000000      0xa44 ./startup/startup_mkv42f16.o
 .debug_info    0x00000a44     0x1a51 ./drivers/fsl_clock.o
 .debug_info    0x00002495     0x1584 ./drivers/fsl_ftm.o
 .debug_info    0x00003a19      0x67e ./drivers/fsl_gpio.o
 .debug_info    0x00004097     0x1a4e ./drivers/fsl_uart.o
 .debug_info    0x00005ae5      0x6a6 ./device/system_MKV42F16.o
 .debug_info    0x0000618b       0x82 ./board/board.o
 .debug_info    0x0000620d      0xb60 ./board/clock_config.o
 .debug_info    0x00006d6d       0x3c ./board/peripherals.o
 .debug_info    0x00006da9      0x7d7 ./board/pin_mux.o
 .debug_info    0x00007580     0x143f ./SixStepLib_Peripherals/NXP_config.o
 .debug_info    0x000089bf     0x11c7 ./SixStepLib_Peripherals/main.o
 .debug_info    0x00009b86       0x3c ./SixStepLib_Peripherals/semihost_hardfault.o

.debug_abbrev   0x00000000     0x1776
 .debug_abbrev  0x00000000      0x185 ./startup/startup_mkv42f16.o
 .debug_abbrev  0x00000185      0x36a ./drivers/fsl_clock.o
 .debug_abbrev  0x000004ef      0x290 ./drivers/fsl_ftm.o
 .debug_abbrev  0x0000077f      0x186 ./drivers/fsl_gpio.o
 .debug_abbrev  0x00000905      0x2ff ./drivers/fsl_uart.o
 .debug_abbrev  0x00000c04      0x148 ./device/system_MKV42F16.o
 .debug_abbrev  0x00000d4c       0x47 ./board/board.o
 .debug_abbrev  0x00000d93      0x21d ./board/clock_config.o
 .debug_abbrev  0x00000fb0       0x31 ./board/peripherals.o
 .debug_abbrev  0x00000fe1      0x1d8 ./board/pin_mux.o
 .debug_abbrev  0x000011b9      0x221 ./SixStepLib_Peripherals/NXP_config.o
 .debug_abbrev  0x000013da      0x36b ./SixStepLib_Peripherals/main.o
 .debug_abbrev  0x00001745       0x31 ./SixStepLib_Peripherals/semihost_hardfault.o

.debug_aranges  0x00000000      0x9f0
 .debug_aranges
                0x00000000      0x3a0 ./startup/startup_mkv42f16.o
 .debug_aranges
                0x000003a0      0x1d0 ./drivers/fsl_clock.o
 .debug_aranges
                0x00000570       0xd8 ./drivers/fsl_ftm.o
 .debug_aranges
                0x00000648       0x40 ./drivers/fsl_gpio.o
 .debug_aranges
                0x00000688      0x140 ./drivers/fsl_uart.o
 .debug_aranges
                0x000007c8       0x30 ./device/system_MKV42F16.o
 .debug_aranges
                0x000007f8       0x20 ./board/board.o
 .debug_aranges
                0x00000818       0x50 ./board/clock_config.o
 .debug_aranges
                0x00000868       0x20 ./board/peripherals.o
 .debug_aranges
                0x00000888       0x40 ./board/pin_mux.o
 .debug_aranges
                0x000008c8       0x68 ./SixStepLib_Peripherals/NXP_config.o
 .debug_aranges
                0x00000930       0xa0 ./SixStepLib_Peripherals/main.o
 .debug_aranges
                0x000009d0       0x20 ./SixStepLib_Peripherals/semihost_hardfault.o

.debug_ranges   0x00000000      0x920
 .debug_ranges  0x00000000      0x390 ./startup/startup_mkv42f16.o
 .debug_ranges  0x00000390      0x1c0 ./drivers/fsl_clock.o
 .debug_ranges  0x00000550       0xc8 ./drivers/fsl_ftm.o
 .debug_ranges  0x00000618       0x30 ./drivers/fsl_gpio.o
 .debug_ranges  0x00000648      0x130 ./drivers/fsl_uart.o
 .debug_ranges  0x00000778       0x20 ./device/system_MKV42F16.o
 .debug_ranges  0x00000798       0x10 ./board/board.o
 .debug_ranges  0x000007a8       0x40 ./board/clock_config.o
 .debug_ranges  0x000007e8       0x10 ./board/peripherals.o
 .debug_ranges  0x000007f8       0x30 ./board/pin_mux.o
 .debug_ranges  0x00000828       0x58 ./SixStepLib_Peripherals/NXP_config.o
 .debug_ranges  0x00000880       0x90 ./SixStepLib_Peripherals/main.o
 .debug_ranges  0x00000910       0x10 ./SixStepLib_Peripherals/semihost_hardfault.o

.debug_macro    0x00000000      0xe3a
 .debug_macro   0x00000000       0x29 ./startup/startup_mkv42f16.o
 .debug_macro   0x00000029      0x1c0 ./drivers/fsl_clock.o
 .debug_macro   0x000001e9      0x104 ./drivers/fsl_ftm.o
 .debug_macro   0x000002ed      0x103 ./drivers/fsl_gpio.o
 .debug_macro   0x000003f0       0x10 ./drivers/fsl_gpio.o
 .debug_macro   0x00000400      0x109 ./drivers/fsl_uart.o
 .debug_macro   0x00000509       0x10 ./drivers/fsl_uart.o
 .debug_macro   0x00000519       0x98 ./device/system_MKV42F16.o
 .debug_macro   0x000005b1       0x45 ./board/board.o
 .debug_macro   0x000005f6       0x10 ./board/board.o
 .debug_macro   0x00000606      0x129 ./board/clock_config.o
 .debug_macro   0x0000072f       0x10 ./board/clock_config.o
 .debug_macro   0x0000073f       0x1b ./board/peripherals.o
 .debug_macro   0x0000075a      0x109 ./board/pin_mux.o
 .debug_macro   0x00000863       0x16 ./board/pin_mux.o
 .debug_macro   0x00000879       0x16 ./board/pin_mux.o
 .debug_macro   0x0000088f       0x40 ./board/pin_mux.o
 .debug_macro   0x000008cf      0x1ae ./SixStepLib_Peripherals/NXP_config.o
 .debug_macro   0x00000a7d       0xd8 ./SixStepLib_Peripherals/NXP_config.o
 .debug_macro   0x00000b55       0x2e ./SixStepLib_Peripherals/NXP_config.o
 .debug_macro   0x00000b83       0x16 ./SixStepLib_Peripherals/NXP_config.o
 .debug_macro   0x00000b99       0x10 ./SixStepLib_Peripherals/NXP_config.o
 .debug_macro   0x00000ba9       0x1c ./SixStepLib_Peripherals/NXP_config.o
 .debug_macro   0x00000bc5       0x10 ./SixStepLib_Peripherals/NXP_config.o
 .debug_macro   0x00000bd5       0x88 ./SixStepLib_Peripherals/NXP_config.o
 .debug_macro   0x00000c5d      0x1cc ./SixStepLib_Peripherals/main.o
 .debug_macro   0x00000e29       0x11 ./SixStepLib_Peripherals/semihost_hardfault.o

.debug_line     0x00000000     0x6430
 .debug_line    0x00000000      0xa62 ./startup/startup_mkv42f16.o
 .debug_line    0x00000a62     0x12ce ./drivers/fsl_clock.o
 .debug_line    0x00001d30      0xea7 ./drivers/fsl_ftm.o
 .debug_line    0x00002bd7      0x3f3 ./drivers/fsl_gpio.o
 .debug_line    0x00002fca     0x11a6 ./drivers/fsl_uart.o
 .debug_line    0x00004170      0x39e ./device/system_MKV42F16.o
 .debug_line    0x0000450e      0x180 ./board/board.o
 .debug_line    0x0000468e      0x440 ./board/clock_config.o
 .debug_line    0x00004ace       0x5c ./board/peripherals.o
 .debug_line    0x00004b2a      0x46f ./board/pin_mux.o
 .debug_line    0x00004f99      0x7a5 ./SixStepLib_Peripherals/NXP_config.o
 .debug_line    0x0000573e      0xc89 ./SixStepLib_Peripherals/main.o
 .debug_line    0x000063c7       0x69 ./SixStepLib_Peripherals/semihost_hardfault.o

.debug_str      0x00000000    0x71f34
 .debug_str     0x00000000     0x3706 ./startup/startup_mkv42f16.o
                               0x37e8 (size before relaxing)
 .debug_str     0x00003706    0x69c98 ./drivers/fsl_clock.o
                              0x6cb65 (size before relaxing)
 .debug_str     0x0006d39e     0x11a7 ./drivers/fsl_ftm.o
                              0x6c4bc (size before relaxing)
 .debug_str     0x0006e545      0x204 ./drivers/fsl_gpio.o
                              0x6b475 (size before relaxing)
 .debug_str     0x0006e749     0x1345 ./drivers/fsl_uart.o
                              0x6c978 (size before relaxing)
 .debug_str     0x0006fa8e      0x122 ./device/system_MKV42F16.o
                              0x69d3d (size before relaxing)
 .debug_str     0x0006fbb0       0x46 ./board/board.o
                               0x44d3 (size before relaxing)
 .debug_str     0x0006fbf6      0x347 ./board/clock_config.o
                              0x6ba09 (size before relaxing)
 .debug_str     0x0006ff3d       0x42 ./board/peripherals.o
                               0x2e0d (size before relaxing)
 .debug_str     0x0006ff7f      0x426 ./board/pin_mux.o
                              0x6b2b8 (size before relaxing)
 .debug_str     0x000703a5     0x160a ./SixStepLib_Peripherals/NXP_config.o
                              0x6d5df (size before relaxing)
 .debug_str     0x000719af      0x556 ./SixStepLib_Peripherals/main.o
                              0x6ce91 (size before relaxing)
 .debug_str     0x00071f05       0x2f ./SixStepLib_Peripherals/semihost_hardfault.o
                               0x2e0c (size before relaxing)

.comment        0x00000000       0x49
 .comment       0x00000000       0x49 ./startup/startup_mkv42f16.o
                                 0x4a (size before relaxing)
 .comment       0x00000049       0x4a ./drivers/fsl_clock.o
 .comment       0x00000049       0x4a ./drivers/fsl_ftm.o
 .comment       0x00000049       0x4a ./drivers/fsl_gpio.o
 .comment       0x00000049       0x4a ./drivers/fsl_uart.o
 .comment       0x00000049       0x4a ./device/system_MKV42F16.o
 .comment       0x00000049       0x4a ./board/board.o
 .comment       0x00000049       0x4a ./board/clock_config.o
 .comment       0x00000049       0x4a ./board/peripherals.o
 .comment       0x00000049       0x4a ./board/pin_mux.o
 .comment       0x00000049       0x4a ./SixStepLib_Peripherals/NXP_config.o
 .comment       0x00000049       0x4a ./SixStepLib_Peripherals/main.o
 .comment       0x00000049       0x4a ./SixStepLib_Peripherals/semihost_hardfault.o
 .comment       0x00000049       0x4a c:/nxp/mcuxpressoide_11.6.0_8187/ide/plugins/com.nxp.mcuxpresso.tools.win32_11.6.0.202112161359/tools/bin/../lib/gcc/arm-none-eabi/10.3.1/../../../../arm-none-eabi/lib/thumb/v7e-m+fp/hard\libcr_semihost_nf.a(_cr__main.o)
 .comment       0x00000049       0x4a c:/nxp/mcuxpressoide_11.6.0_8187/ide/plugins/com.nxp.mcuxpresso.tools.win32_11.6.0.202112161359/tools/bin/../lib/gcc/arm-none-eabi/10.3.1/../../../../arm-none-eabi/lib/thumb/v7e-m+fp/hard\libcr_semihost_nf.a(_cr_assert.o)
 .comment       0x00000049       0x4a c:/nxp/mcuxpressoide_11.6.0_8187/ide/plugins/com.nxp.mcuxpresso.tools.win32_11.6.0.202112161359/tools/bin/../lib/gcc/arm-none-eabi/10.3.1/../../../../arm-none-eabi/lib/thumb/v7e-m+fp/hard\libcr_semihost_nf.a(__ciob.o)
 .comment       0x00000049       0x4a c:/nxp/mcuxpressoide_11.6.0_8187/ide/plugins/com.nxp.mcuxpresso.tools.win32_11.6.0.202112161359/tools/bin/../lib/gcc/arm-none-eabi/10.3.1/../../../../arm-none-eabi/lib/thumb/v7e-m+fp/hard\libcr_c.a(memset.o)
 .comment       0x00000049       0x4a c:/nxp/mcuxpressoide_11.6.0_8187/ide/plugins/com.nxp.mcuxpresso.tools.win32_11.6.0.202112161359/tools/bin/../lib/gcc/arm-none-eabi/10.3.1/../../../../arm-none-eabi/lib/thumb/v7e-m+fp/hard\libcr_c.a(_deferredlazyseek.o)
 .comment       0x00000049       0x4a c:/nxp/mcuxpressoide_11.6.0_8187/ide/plugins/com.nxp.mcuxpresso.tools.win32_11.6.0.202112161359/tools/bin/../lib/gcc/arm-none-eabi/10.3.1/../../../../arm-none-eabi/lib/thumb/v7e-m+fp/hard\libcr_c.a(_fflush.o)
 .comment       0x00000049       0x4a c:/nxp/mcuxpressoide_11.6.0_8187/ide/plugins/com.nxp.mcuxpresso.tools.win32_11.6.0.202112161359/tools/bin/../lib/gcc/arm-none-eabi/10.3.1/../../../../arm-none-eabi/lib/thumb/v7e-m+fp/hard\libcr_c.a(_writebuf.o)
 .comment       0x00000049       0x4a c:/nxp/mcuxpressoide_11.6.0_8187/ide/plugins/com.nxp.mcuxpresso.tools.win32_11.6.0.202112161359/tools/bin/../lib/gcc/arm-none-eabi/10.3.1/../../../../arm-none-eabi/lib/thumb/v7e-m+fp/hard\libcr_c.a(alloc.o)
 .comment       0x00000049       0x4a c:/nxp/mcuxpressoide_11.6.0_8187/ide/plugins/com.nxp.mcuxpresso.tools.win32_11.6.0.202112161359/tools/bin/../lib/gcc/arm-none-eabi/10.3.1/../../../../arm-none-eabi/lib/thumb/v7e-m+fp/hard\libcr_c.a(fputs.o)
 .comment       0x00000049       0x4a c:/nxp/mcuxpressoide_11.6.0_8187/ide/plugins/com.nxp.mcuxpresso.tools.win32_11.6.0.202112161359/tools/bin/../lib/gcc/arm-none-eabi/10.3.1/../../../../arm-none-eabi/lib/thumb/v7e-m+fp/hard\libcr_c.a(fseek.o)
 .comment       0x00000049       0x4a c:/nxp/mcuxpressoide_11.6.0_8187/ide/plugins/com.nxp.mcuxpresso.tools.win32_11.6.0.202112161359/tools/bin/../lib/gcc/arm-none-eabi/10.3.1/../../../../arm-none-eabi/lib/thumb/v7e-m+fp/hard\libcr_c.a(ftell.o)
 .comment       0x00000049       0x4a c:/nxp/mcuxpressoide_11.6.0_8187/ide/plugins/com.nxp.mcuxpresso.tools.win32_11.6.0.202112161359/tools/bin/../lib/gcc/arm-none-eabi/10.3.1/../../../../arm-none-eabi/lib/thumb/v7e-m+fp/hard\libcr_c.a(initio.o)
 .comment       0x00000049       0x4a c:/nxp/mcuxpressoide_11.6.0_8187/ide/plugins/com.nxp.mcuxpresso.tools.win32_11.6.0.202112161359/tools/bin/../lib/gcc/arm-none-eabi/10.3.1/../../../../arm-none-eabi/lib/thumb/v7e-m+fp/hard\libcr_c.a(printf.o)
 .comment       0x00000049       0x4a c:/nxp/mcuxpressoide_11.6.0_8187/ide/plugins/com.nxp.mcuxpresso.tools.win32_11.6.0.202112161359/tools/bin/../lib/gcc/arm-none-eabi/10.3.1/../../../../arm-none-eabi/lib/thumb/v7e-m+fp/hard\libcr_c.a(setvbuf.o)
 .comment       0x00000049       0x4a c:/nxp/mcuxpressoide_11.6.0_8187/ide/plugins/com.nxp.mcuxpresso.tools.win32_11.6.0.202112161359/tools/bin/../lib/gcc/arm-none-eabi/10.3.1/../../../../arm-none-eabi/lib/thumb/v7e-m+fp/hard\libcr_c.a(strlen.o)
 .comment       0x00000049       0x4a c:/nxp/mcuxpressoide_11.6.0_8187/ide/plugins/com.nxp.mcuxpresso.tools.win32_11.6.0.202112161359/tools/bin/../lib/gcc/arm-none-eabi/10.3.1/../../../../arm-none-eabi/lib/thumb/v7e-m+fp/hard\libcr_c.a(__init_alloc.o)
 .comment       0x00000049       0x4a c:/nxp/mcuxpressoide_11.6.0_8187/ide/plugins/com.nxp.mcuxpresso.tools.win32_11.6.0.202112161359/tools/bin/../lib/gcc/arm-none-eabi/10.3.1/../../../../arm-none-eabi/lib/thumb/v7e-m+fp/hard\libcr_c.a(_cr_sbrk.o)
 .comment       0x00000049       0x4a c:/nxp/mcuxpressoide_11.6.0_8187/ide/plugins/com.nxp.mcuxpresso.tools.win32_11.6.0.202112161359/tools/bin/../lib/gcc/arm-none-eabi/10.3.1/../../../../arm-none-eabi/lib/thumb/v7e-m+fp/hard\libcr_c.a(_fdopen.o)
 .comment       0x00000049       0x4a c:/nxp/mcuxpressoide_11.6.0_8187/ide/plugins/com.nxp.mcuxpresso.tools.win32_11.6.0.202112161359/tools/bin/../lib/gcc/arm-none-eabi/10.3.1/../../../../arm-none-eabi/lib/thumb/v7e-m+fp/hard\libcr_c.a(errno.o)
 .comment       0x00000049       0x4a c:/nxp/mcuxpressoide_11.6.0_8187/ide/plugins/com.nxp.mcuxpresso.tools.win32_11.6.0.202112161359/tools/bin/../lib/gcc/arm-none-eabi/10.3.1/../../../../arm-none-eabi/lib/thumb/v7e-m+fp/hard\libcr_c.a(fclose.o)
 .comment       0x00000049       0x4a c:/nxp/mcuxpressoide_11.6.0_8187/ide/plugins/com.nxp.mcuxpresso.tools.win32_11.6.0.202112161359/tools/bin/../lib/gcc/arm-none-eabi/10.3.1/../../../../arm-none-eabi/lib/thumb/v7e-m+fp/hard\libcr_c.a(fflush.o)
 .comment       0x00000049       0x4a c:/nxp/mcuxpressoide_11.6.0_8187/ide/plugins/com.nxp.mcuxpresso.tools.win32_11.6.0.202112161359/tools/bin/../lib/gcc/arm-none-eabi/10.3.1/../../../../arm-none-eabi/lib/thumb/v7e-m+fp/hard\libcr_c.a(remove.o)
 .comment       0x00000049       0x4a c:/nxp/mcuxpressoide_11.6.0_8187/ide/plugins/com.nxp.mcuxpresso.tools.win32_11.6.0.202112161359/tools/bin/../lib/gcc/arm-none-eabi/10.3.1/../../../../arm-none-eabi/lib/thumb/v7e-m+fp/hard\libcr_c.a(_cr_check_heap.o)
 .comment       0x00000049       0x4a c:/nxp/mcuxpressoide_11.6.0_8187/ide/plugins/com.nxp.mcuxpresso.tools.win32_11.6.0.202112161359/tools/bin/../lib/gcc/arm-none-eabi/10.3.1/../../../../arm-none-eabi/lib/thumb/v7e-m+fp/hard\libcr_c.a(_do_fflush.o)

.ARM.attributes
                0x00000000       0x32
 .ARM.attributes
                0x00000000       0x34 ./startup/startup_mkv42f16.o
 .ARM.attributes
                0x00000034       0x34 ./drivers/fsl_clock.o
 .ARM.attributes
                0x00000068       0x34 ./drivers/fsl_ftm.o
 .ARM.attributes
                0x0000009c       0x34 ./drivers/fsl_gpio.o
 .ARM.attributes
                0x000000d0       0x34 ./drivers/fsl_uart.o
 .ARM.attributes
                0x00000104       0x34 ./device/system_MKV42F16.o
 .ARM.attributes
                0x00000138       0x34 ./board/board.o
 .ARM.attributes
                0x0000016c       0x34 ./board/clock_config.o
 .ARM.attributes
                0x000001a0       0x34 ./board/peripherals.o
 .ARM.attributes
                0x000001d4       0x34 ./board/pin_mux.o
 .ARM.attributes
                0x00000208       0x34 ./SixStepLib_Peripherals/NXP_config.o
 .ARM.attributes
                0x0000023c       0x34 ./SixStepLib_Peripherals/main.o
 .ARM.attributes
                0x00000270       0x34 ./SixStepLib_Peripherals/semihost_hardfault.o
 .ARM.attributes
                0x000002a4       0x34 c:/nxp/mcuxpressoide_11.6.0_8187/ide/plugins/com.nxp.mcuxpresso.tools.win32_11.6.0.202112161359/tools/bin/../lib/gcc/arm-none-eabi/10.3.1/../../../../arm-none-eabi/lib/thumb/v7e-m+fp/hard\libcr_semihost_nf.a(_cr__main.o)
 .ARM.attributes
                0x000002d8       0x34 c:/nxp/mcuxpressoide_11.6.0_8187/ide/plugins/com.nxp.mcuxpresso.tools.win32_11.6.0.202112161359/tools/bin/../lib/gcc/arm-none-eabi/10.3.1/../../../../arm-none-eabi/lib/thumb/v7e-m+fp/hard\libcr_semihost_nf.a(_cr_assert.o)
 .ARM.attributes
                0x0000030c       0x34 c:/nxp/mcuxpressoide_11.6.0_8187/ide/plugins/com.nxp.mcuxpresso.tools.win32_11.6.0.202112161359/tools/bin/../lib/gcc/arm-none-eabi/10.3.1/../../../../arm-none-eabi/lib/thumb/v7e-m+fp/hard\libcr_semihost_nf.a(__ciob.o)
 .ARM.attributes
                0x00000340       0x20 c:/nxp/mcuxpressoide_11.6.0_8187/ide/plugins/com.nxp.mcuxpresso.tools.win32_11.6.0.202112161359/tools/bin/../lib/gcc/arm-none-eabi/10.3.1/../../../../arm-none-eabi/lib/thumb/v7e-m+fp/hard\libcr_semihost_nf.a(__sys_appexit.o)
 .ARM.attributes
                0x00000360       0x34 c:/nxp/mcuxpressoide_11.6.0_8187/ide/plugins/com.nxp.mcuxpresso.tools.win32_11.6.0.202112161359/tools/bin/../lib/gcc/arm-none-eabi/10.3.1/../../../../arm-none-eabi/lib/thumb/v7e-m+fp/hard\libcr_c.a(memset.o)
 .ARM.attributes
                0x00000394       0x34 c:/nxp/mcuxpressoide_11.6.0_8187/ide/plugins/com.nxp.mcuxpresso.tools.win32_11.6.0.202112161359/tools/bin/../lib/gcc/arm-none-eabi/10.3.1/../../../../arm-none-eabi/lib/thumb/v7e-m+fp/hard\libcr_c.a(_deferredlazyseek.o)
 .ARM.attributes
                0x000003c8       0x34 c:/nxp/mcuxpressoide_11.6.0_8187/ide/plugins/com.nxp.mcuxpresso.tools.win32_11.6.0.202112161359/tools/bin/../lib/gcc/arm-none-eabi/10.3.1/../../../../arm-none-eabi/lib/thumb/v7e-m+fp/hard\libcr_c.a(_fflush.o)
 .ARM.attributes
                0x000003fc       0x34 c:/nxp/mcuxpressoide_11.6.0_8187/ide/plugins/com.nxp.mcuxpresso.tools.win32_11.6.0.202112161359/tools/bin/../lib/gcc/arm-none-eabi/10.3.1/../../../../arm-none-eabi/lib/thumb/v7e-m+fp/hard\libcr_c.a(_writebuf.o)
 .ARM.attributes
                0x00000430       0x34 c:/nxp/mcuxpressoide_11.6.0_8187/ide/plugins/com.nxp.mcuxpresso.tools.win32_11.6.0.202112161359/tools/bin/../lib/gcc/arm-none-eabi/10.3.1/../../../../arm-none-eabi/lib/thumb/v7e-m+fp/hard\libcr_c.a(alloc.o)
 .ARM.attributes
                0x00000464       0x34 c:/nxp/mcuxpressoide_11.6.0_8187/ide/plugins/com.nxp.mcuxpresso.tools.win32_11.6.0.202112161359/tools/bin/../lib/gcc/arm-none-eabi/10.3.1/../../../../arm-none-eabi/lib/thumb/v7e-m+fp/hard\libcr_c.a(fputs.o)
 .ARM.attributes
                0x00000498       0x34 c:/nxp/mcuxpressoide_11.6.0_8187/ide/plugins/com.nxp.mcuxpresso.tools.win32_11.6.0.202112161359/tools/bin/../lib/gcc/arm-none-eabi/10.3.1/../../../../arm-none-eabi/lib/thumb/v7e-m+fp/hard\libcr_c.a(fseek.o)
 .ARM.attributes
                0x000004cc       0x34 c:/nxp/mcuxpressoide_11.6.0_8187/ide/plugins/com.nxp.mcuxpresso.tools.win32_11.6.0.202112161359/tools/bin/../lib/gcc/arm-none-eabi/10.3.1/../../../../arm-none-eabi/lib/thumb/v7e-m+fp/hard\libcr_c.a(ftell.o)
 .ARM.attributes
                0x00000500       0x34 c:/nxp/mcuxpressoide_11.6.0_8187/ide/plugins/com.nxp.mcuxpresso.tools.win32_11.6.0.202112161359/tools/bin/../lib/gcc/arm-none-eabi/10.3.1/../../../../arm-none-eabi/lib/thumb/v7e-m+fp/hard\libcr_c.a(initio.o)
 .ARM.attributes
                0x00000534       0x34 c:/nxp/mcuxpressoide_11.6.0_8187/ide/plugins/com.nxp.mcuxpresso.tools.win32_11.6.0.202112161359/tools/bin/../lib/gcc/arm-none-eabi/10.3.1/../../../../arm-none-eabi/lib/thumb/v7e-m+fp/hard\libcr_c.a(printf.o)
 .ARM.attributes
                0x00000568       0x34 c:/nxp/mcuxpressoide_11.6.0_8187/ide/plugins/com.nxp.mcuxpresso.tools.win32_11.6.0.202112161359/tools/bin/../lib/gcc/arm-none-eabi/10.3.1/../../../../arm-none-eabi/lib/thumb/v7e-m+fp/hard\libcr_c.a(setvbuf.o)
 .ARM.attributes
                0x0000059c       0x34 c:/nxp/mcuxpressoide_11.6.0_8187/ide/plugins/com.nxp.mcuxpresso.tools.win32_11.6.0.202112161359/tools/bin/../lib/gcc/arm-none-eabi/10.3.1/../../../../arm-none-eabi/lib/thumb/v7e-m+fp/hard\libcr_c.a(strlen.o)
 .ARM.attributes
                0x000005d0       0x34 c:/nxp/mcuxpressoide_11.6.0_8187/ide/plugins/com.nxp.mcuxpresso.tools.win32_11.6.0.202112161359/tools/bin/../lib/gcc/arm-none-eabi/10.3.1/../../../../arm-none-eabi/lib/thumb/v7e-m+fp/hard\libcr_c.a(__init_alloc.o)
 .ARM.attributes
                0x00000604       0x34 c:/nxp/mcuxpressoide_11.6.0_8187/ide/plugins/com.nxp.mcuxpresso.tools.win32_11.6.0.202112161359/tools/bin/../lib/gcc/arm-none-eabi/10.3.1/../../../../arm-none-eabi/lib/thumb/v7e-m+fp/hard\libcr_c.a(_cr_sbrk.o)
 .ARM.attributes
                0x00000638       0x34 c:/nxp/mcuxpressoide_11.6.0_8187/ide/plugins/com.nxp.mcuxpresso.tools.win32_11.6.0.202112161359/tools/bin/../lib/gcc/arm-none-eabi/10.3.1/../../../../arm-none-eabi/lib/thumb/v7e-m+fp/hard\libcr_c.a(_fdopen.o)
 .ARM.attributes
                0x0000066c       0x34 c:/nxp/mcuxpressoide_11.6.0_8187/ide/plugins/com.nxp.mcuxpresso.tools.win32_11.6.0.202112161359/tools/bin/../lib/gcc/arm-none-eabi/10.3.1/../../../../arm-none-eabi/lib/thumb/v7e-m+fp/hard\libcr_c.a(errno.o)
 .ARM.attributes
                0x000006a0       0x34 c:/nxp/mcuxpressoide_11.6.0_8187/ide/plugins/com.nxp.mcuxpresso.tools.win32_11.6.0.202112161359/tools/bin/../lib/gcc/arm-none-eabi/10.3.1/../../../../arm-none-eabi/lib/thumb/v7e-m+fp/hard\libcr_c.a(fclose.o)
 .ARM.attributes
                0x000006d4       0x34 c:/nxp/mcuxpressoide_11.6.0_8187/ide/plugins/com.nxp.mcuxpresso.tools.win32_11.6.0.202112161359/tools/bin/../lib/gcc/arm-none-eabi/10.3.1/../../../../arm-none-eabi/lib/thumb/v7e-m+fp/hard\libcr_c.a(fflush.o)
 .ARM.attributes
                0x00000708       0x34 c:/nxp/mcuxpressoide_11.6.0_8187/ide/plugins/com.nxp.mcuxpresso.tools.win32_11.6.0.202112161359/tools/bin/../lib/gcc/arm-none-eabi/10.3.1/../../../../arm-none-eabi/lib/thumb/v7e-m+fp/hard\libcr_c.a(remove.o)
 .ARM.attributes
                0x0000073c       0x34 c:/nxp/mcuxpressoide_11.6.0_8187/ide/plugins/com.nxp.mcuxpresso.tools.win32_11.6.0.202112161359/tools/bin/../lib/gcc/arm-none-eabi/10.3.1/../../../../arm-none-eabi/lib/thumb/v7e-m+fp/hard\libcr_c.a(_cr_check_heap.o)
 .ARM.attributes
                0x00000770       0x34 c:/nxp/mcuxpressoide_11.6.0_8187/ide/plugins/com.nxp.mcuxpresso.tools.win32_11.6.0.202112161359/tools/bin/../lib/gcc/arm-none-eabi/10.3.1/../../../../arm-none-eabi/lib/thumb/v7e-m+fp/hard\libcr_c.a(_do_fflush.o)
 .ARM.attributes
                0x000007a4       0x20 c:/nxp/mcuxpressoide_11.6.0_8187/ide/plugins/com.nxp.mcuxpresso.tools.win32_11.6.0.202112161359/tools/bin/../lib/gcc/arm-none-eabi/10.3.1/thumb/v7e-m+fp/hard\libcr_eabihelpers.a(division_64.o)
 .ARM.attributes
                0x000007c4       0x20 c:/nxp/mcuxpressoide_11.6.0_8187/ide/plugins/com.nxp.mcuxpresso.tools.win32_11.6.0.202112161359/tools/bin/../lib/gcc/arm-none-eabi/10.3.1/thumb/v7e-m+fp/hard\libcr_eabihelpers.a(division_idiv0.o)
 .ARM.attributes
                0x000007e4       0x20 c:/nxp/mcuxpressoide_11.6.0_8187/ide/plugins/com.nxp.mcuxpresso.tools.win32_11.6.0.202112161359/tools/bin/../lib/gcc/arm-none-eabi/10.3.1/thumb/v7e-m+fp/hard\libcr_eabihelpers.a(memcpy.o)
 .ARM.attributes
                0x00000804       0x20 c:/nxp/mcuxpressoide_11.6.0_8187/ide/plugins/com.nxp.mcuxpresso.tools.win32_11.6.0.202112161359/tools/bin/../lib/gcc/arm-none-eabi/10.3.1/../../../../arm-none-eabi/lib/thumb/v7e-m+fp/hard\libcr_semihost_nf.a(__sys_close.o)
 .ARM.attributes
                0x00000824       0x20 c:/nxp/mcuxpressoide_11.6.0_8187/ide/plugins/com.nxp.mcuxpresso.tools.win32_11.6.0.202112161359/tools/bin/../lib/gcc/arm-none-eabi/10.3.1/../../../../arm-none-eabi/lib/thumb/v7e-m+fp/hard\libcr_semihost_nf.a(__sys_flen.o)
 .ARM.attributes
                0x00000844       0x20 c:/nxp/mcuxpressoide_11.6.0_8187/ide/plugins/com.nxp.mcuxpresso.tools.win32_11.6.0.202112161359/tools/bin/../lib/gcc/arm-none-eabi/10.3.1/../../../../arm-none-eabi/lib/thumb/v7e-m+fp/hard\libcr_semihost_nf.a(__sys_istty.o)
 .ARM.attributes
                0x00000864       0x20 c:/nxp/mcuxpressoide_11.6.0_8187/ide/plugins/com.nxp.mcuxpresso.tools.win32_11.6.0.202112161359/tools/bin/../lib/gcc/arm-none-eabi/10.3.1/../../../../arm-none-eabi/lib/thumb/v7e-m+fp/hard\libcr_semihost_nf.a(__sys_remove.o)
 .ARM.attributes
                0x00000884       0x20 c:/nxp/mcuxpressoide_11.6.0_8187/ide/plugins/com.nxp.mcuxpresso.tools.win32_11.6.0.202112161359/tools/bin/../lib/gcc/arm-none-eabi/10.3.1/../../../../arm-none-eabi/lib/thumb/v7e-m+fp/hard\libcr_semihost_nf.a(__sys_seek.o)
 .ARM.attributes
                0x000008a4       0x20 c:/nxp/mcuxpressoide_11.6.0_8187/ide/plugins/com.nxp.mcuxpresso.tools.win32_11.6.0.202112161359/tools/bin/../lib/gcc/arm-none-eabi/10.3.1/../../../../arm-none-eabi/lib/thumb/v7e-m+fp/hard\libcr_semihost_nf.a(__sys_tmpnam.o)
 .ARM.attributes
                0x000008c4       0x20 c:/nxp/mcuxpressoide_11.6.0_8187/ide/plugins/com.nxp.mcuxpresso.tools.win32_11.6.0.202112161359/tools/bin/../lib/gcc/arm-none-eabi/10.3.1/../../../../arm-none-eabi/lib/thumb/v7e-m+fp/hard\libcr_semihost_nf.a(__sys_write.o)

.debug_frame    0x00000000     0x228c
 .debug_frame   0x00000000      0xa54 ./startup/startup_mkv42f16.o
 .debug_frame   0x00000a54      0x7c4 ./drivers/fsl_clock.o
 .debug_frame   0x00001218      0x3a0 ./drivers/fsl_ftm.o
 .debug_frame   0x000015b8       0xc8 ./drivers/fsl_gpio.o
 .debug_frame   0x00001680      0x55c ./drivers/fsl_uart.o
 .debug_frame   0x00001bdc       0x74 ./device/system_MKV42F16.o
 .debug_frame   0x00001c50       0x30 ./board/board.o
 .debug_frame   0x00001c80      0x10c ./board/clock_config.o
 .debug_frame   0x00001d8c       0x30 ./board/peripherals.o
 .debug_frame   0x00001dbc       0xc8 ./board/pin_mux.o
 .debug_frame   0x00001e84      0x198 ./SixStepLib_Peripherals/NXP_config.o
 .debug_frame   0x0000201c      0x250 ./SixStepLib_Peripherals/main.o
 .debug_frame   0x0000226c       0x20 ./SixStepLib_Peripherals/semihost_hardfault.o

Cross Reference Table

Symbol                                            File
ADCA_DriverIRQHandler                             ./startup/startup_mkv42f16.o
ADCA_IRQHandler                                   ./startup/startup_mkv42f16.o
ADCB_DriverIRQHandler                             ./startup/startup_mkv42f16.o
ADCB_IRQHandler                                   ./startup/startup_mkv42f16.o
ADC_ERR_DriverIRQHandler                          ./startup/startup_mkv42f16.o
ADC_ERR_IRQHandler                                ./startup/startup_mkv42f16.o
Align_fl                                          ./SixStepLib_Peripherals/main.o
BOARD_BootClockRUN                                ./board/clock_config.o
BOARD_InitBootClocks                              ./board/clock_config.o
                                                  ./SixStepLib_Peripherals/main.o
BOARD_InitBootPeripherals                         ./board/peripherals.o
                                                  ./SixStepLib_Peripherals/main.o
BOARD_InitBootPins                                ./board/pin_mux.o
                                                  ./SixStepLib_Peripherals/main.o
BOARD_InitDebugConsole                            ./board/board.o
                                                  ./SixStepLib_Peripherals/main.o
BOARD_InitPins                                    ./board/pin_mux.o
BOARD_InitUART                                    ./SixStepLib_Peripherals/NXP_config.o
                                                  ./SixStepLib_Peripherals/main.o
BusFault_Handler                                  ./startup/startup_mkv42f16.o
CADC_ClearStatusFlags                             ./drivers/fsl_cadc.o
                                                  ./SixStepLib_Peripherals/main.o
CADC_Config                                       ./SixStepLib_Peripherals/NXP_config.o
CADC_Deinit                                       ./drivers/fsl_cadc.o
CADC_DisableInterrupts                            ./drivers/fsl_cadc.o
                                                  ./SixStepLib_Peripherals/NXP_config.o
CADC_DoSoftwareTriggerConverter                   ./drivers/fsl_cadc.o
                                                  ./SixStepLib_Peripherals/main.o
CADC_EnableConverter                              ./drivers/fsl_cadc.o
                                                  ./SixStepLib_Peripherals/NXP_config.o
CADC_EnableConverterDMA                           ./drivers/fsl_cadc.o
                                                  ./SixStepLib_Peripherals/NXP_config.o
CADC_EnableConverterPower                         ./drivers/fsl_cadc.o
                                                  ./SixStepLib_Peripherals/NXP_config.o
CADC_EnableConverterSyncInput                     ./drivers/fsl_cadc.o
                                                  ./SixStepLib_Peripherals/NXP_config.o
CADC_EnableInterrupts                             ./drivers/fsl_cadc.o
CADC_GetDefaultConfig                             ./drivers/fsl_cadc.o
                                                  ./SixStepLib_Peripherals/NXP_config.o
CADC_GetDefaultConverterConfig                    ./drivers/fsl_cadc.o
                                                  ./SixStepLib_Peripherals/NXP_config.o
CADC_GetStatusFlags                               ./drivers/fsl_cadc.o
                                                  ./SixStepLib_Peripherals/main.o
CADC_Init                                         ./drivers/fsl_cadc.o
                                                  ./SixStepLib_Peripherals/NXP_config.o
CADC_SetConverterConfig                           ./drivers/fsl_cadc.o