../source/startup/startup_mkv42f16.c:441:6:data_init	4	static
../source/startup/startup_mkv42f16.c:450:6:bss_init	0	static
../source/startup/startup_mkv42f16.c:475:6:ResetISR	8	static
../source/startup/startup_mkv42f16.c:582:14:NMI_Handler	0	static
../source/startup/startup_mkv42f16.c:586:14:HardFault_Handler	0	static
../source/startup/startup_mkv42f16.c:590:14:MemManage_Handler	0	static
../source/startup/startup_mkv42f16.c:594:14:BusFault_Handler	0	static
../source/startup/startup_mkv42f16.c:598:14:UsageFault_Handler	0	static
../source/startup/startup_mkv42f16.c:602:14:SVC_Handler	0	static
../source/startup/startup_mkv42f16.c:606:14:DebugMon_Handler	0	static
../source/startup/startup_mkv42f16.c:610:14:PendSV_Handler	0	static
../source/startup/startup_mkv42f16.c:614:14:SysTick_Handler	0	static
../source/startup/startup_mkv42f16.c:622:14:IntDefaultHandler	0	static
../source/startup/startup_mkv42f16.c:632:11:DMA0_IRQHandler	8	static
../source/startup/startup_mkv42f16.c:636:11:DMA1_IRQHandler	8	static
../source/startup/startup_mkv42f16.c:640:11:DMA2_IRQHandler	8	static
../source/startup/startup_mkv42f16.c:644:11:DMA3_IRQHandler	8	static
../source/startup/startup_mkv42f16.c:648:11:DMA4_IRQHandler	8	static
../source/startup/startup_mkv42f16.c:652:11:DMA5_IRQHandler	8	static
../source/startup/startup_mkv42f16.c:656:11:DMA6_IRQHandler	8	static
../source/startup/startup_mkv42f16.c:660:11:DMA7_IRQHandler	8	static
../source/startup/startup_mkv42f16.c:664:11:DMA8_IRQHandler	8	static
../source/startup/startup_mkv42f16.c:668:11:DMA9_IRQHandler	8	static
../source/startup/startup_mkv42f16.c:672:11:DMA10_IRQHandler	8	static
../source/startup/startup_mkv42f16.c:676:11:DMA11_IRQHandler	8	static
../source/startup/startup_mkv42f16.c:680:11:DMA12_IRQHandler	8	static
../source/startup/startup_mkv42f16.c:684:11:DMA13_IRQHandler	8	static
../source/startup/startup_mkv42f16.c:688:11:DMA14_IRQHandler	8	static
../source/startup/startup_mkv42f16.c:692:11:DMA15_IRQHandler	8	static
../source/startup/startup_mkv42f16.c:696:11:DMA_Error_IRQHandler	8	static
../source/startup/startup_mkv42f16.c:700:11:MCM_IRQHandler	8	static
../source/startup/startup_mkv42f16.c:704:11:FTFA_IRQHandler	8	static
../source/startup/startup_mkv42f16.c:708:11:FTFA_Collision_IRQHandler	8	static
../source/startup/startup_mkv42f16.c:712:11:PMC_IRQHandler	8	static
../source/startup/startup_mkv42f16.c:716:11:LLWU_IRQHandler	8	static
../source/startup/startup_mkv42f16.c:720:11:WDOG_EWM_IRQHandler	8	static
../source/startup/startup_mkv42f16.c:724:11:Reserved39_IRQHandler	8	static
../source/startup/startup_mkv42f16.c:728:11:I2C0_IRQHandler	8	static
../source/startup/startup_mkv42f16.c:732:11:Reserved41_IRQHandler	8	static
../source/startup/startup_mkv42f16.c:736:11:SPI0_IRQHandler	8	static
../source/startup/startup_mkv42f16.c:740:11:Reserved43_IRQHandler	8	static
../source/startup/startup_mkv42f16.c:744:11:Reserved44_IRQHandler	8	static
../source/startup/startup_mkv42f16.c:748:11:Reserved45_IRQHandler	8	static
../source/startup/startup_mkv42f16.c:752:11:Reserved46_IRQHandler	8	static
../source/startup/startup_mkv42f16.c:756:11:UART0_RX_TX_IRQHandler	8	static
../source/startup/startup_mkv42f16.c:760:11:UART0_ERR_IRQHandler	8	static
../source/startup/startup_mkv42f16.c:764:11:UART1_RX_TX_IRQHandler	8	static
../source/startup/startup_mkv42f16.c:768:11:UART1_ERR_IRQHandler	8	static
../source/startup/startup_mkv42f16.c:772:11:Reserved51_IRQHandler	8	static
../source/startup/startup_mkv42f16.c:776:11:Reserved52_IRQHandler	8	static
../source/startup/startup_mkv42f16.c:780:11:Reserved53_IRQHandler	8	static
../source/startup/startup_mkv42f16.c:784:11:ADC_ERR_IRQHandler	8	static
../source/startup/startup_mkv42f16.c:788:11:ADCA_IRQHandler	8	static
../source/startup/startup_mkv42f16.c:792:11:CMP0_IRQHandler	8	static
../source/startup/startup_mkv42f16.c:796:11:CMP1_IRQHandler	8	static
../source/startup/startup_mkv42f16.c:800:11:FTM0_IRQHandler	8	static
../source/startup/startup_mkv42f16.c:804:11:FTM1_IRQHandler	8	static
../source/startup/startup_mkv42f16.c:808:11:Reserved60_IRQHandler	8	static
../source/startup/startup_mkv42f16.c:812:11:Reserved61_IRQHandler	8	static
../source/startup/startup_mkv42f16.c:816:11:Reserved62_IRQHandler	8	static
../source/startup/startup_mkv42f16.c:820:11:Reserved63_IRQHandler	8	static
../source/startup/startup_mkv42f16.c:824:11:PIT0_IRQHandler	8	static
../source/startup/startup_mkv42f16.c:828:11:PIT1_IRQHandler	8	static
../source/startup/startup_mkv42f16.c:832:11:PIT2_IRQHandler	8	static
../source/startup/startup_mkv42f16.c:836:11:PIT3_IRQHandler	8	static
../source/startup/startup_mkv42f16.c:840:11:PDB0_IRQHandler	8	static
../source/startup/startup_mkv42f16.c:844:11:Reserved69_IRQHandler	8	static
../source/startup/startup_mkv42f16.c:848:11:XBARA_IRQHandler	8	static
../source/startup/startup_mkv42f16.c:852:11:PDB1_IRQHandler	8	static
../source/startup/startup_mkv42f16.c:856:11:Reserved72_IRQHandler	8	static
../source/startup/startup_mkv42f16.c:860:11:MCG_IRQHandler	8	static
../source/startup/startup_mkv42f16.c:864:11:LPTMR0_IRQHandler	8	static
../source/startup/startup_mkv42f16.c:868:11:PORTA_IRQHandler	8	static
../source/startup/startup_mkv42f16.c:872:11:PORTB_IRQHandler	8	static
../source/startup/startup_mkv42f16.c:876:11:PORTC_IRQHandler	8	static
../source/startup/startup_mkv42f16.c:880:11:PORTD_IRQHandler	8	static
../source/startup/startup_mkv42f16.c:884:11:PORTE_IRQHandler	8	static
../source/startup/startup_mkv42f16.c:888:11:SWI_IRQHandler	8	static
../source/startup/startup_mkv42f16.c:892:11:Reserved81_IRQHandler	8	static
../source/startup/startup_mkv42f16.c:896:11:ENC0_COMPARE_IRQHandler	8	static
../source/startup/startup_mkv42f16.c:900:11:ENC0_HOME_IRQHandler	8	static
../source/startup/startup_mkv42f16.c:904:11:ENC0_WDOG_SAB_IRQHandler	8	static
../source/startup/startup_mkv42f16.c:908:11:ENC0_INDEX_IRQHandler	8	static
../source/startup/startup_mkv42f16.c:912:11:CMP2_IRQHandler	8	static
../source/startup/startup_mkv42f16.c:916:11:FTM3_IRQHandler	8	static
../source/startup/startup_mkv42f16.c:920:11:Reserved88_IRQHandler	8	static
../source/startup/startup_mkv42f16.c:924:11:ADCB_IRQHandler	8	static
../source/startup/startup_mkv42f16.c:928:11:Reserved90_IRQHandler	8	static
../source/startup/startup_mkv42f16.c:932:11:CAN0_ORed_Message_buffer_IRQHandler	8	static
../source/startup/startup_mkv42f16.c:936:11:CAN0_Bus_Off_IRQHandler	8	static
../source/startup/startup_mkv42f16.c:940:11:CAN0_Error_IRQHandler	8	static
../source/startup/startup_mkv42f16.c:944:11:CAN0_Tx_Warning_IRQHandler	8	static
../source/startup/startup_mkv42f16.c:948:11:CAN0_Rx_Warning_IRQHandler	8	static
../source/startup/startup_mkv42f16.c:952:11:CAN0_Wake_Up_IRQHandler	8	static
../source/startup/startup_mkv42f16.c:956:11:Reserved97_IRQHandler	8	static
../source/startup/startup_mkv42f16.c:960:11:Reserved98_IRQHandler	8	static
../source/startup/startup_mkv42f16.c:964:11:Reserved99_IRQHandler	8	static
../source/startup/startup_mkv42f16.c:968:11:Reserved100_IRQHandler	8	static
../source/startup/startup_mkv42f16.c:972:11:Reserved101_IRQHandler	8	static
../source/startup/startup_mkv42f16.c:976:11:Reserved102_IRQHandler	8	static
../source/startup/startup_mkv42f16.c:980:11:Reserved103_IRQHandler	8	static
../source/startup/startup_mkv42f16.c:984:11:Reserved104_IRQHandler	8	static
../source/startup/startup_mkv42f16.c:988:11:Reserved105_IRQHandler	8	static
../source/startup/startup_mkv42f16.c:992:11:Reserved106_IRQHandler	8	static
../source/startup/startup_mkv42f16.c:996:11:Reserved107_IRQHandler	8	static
../source/startup/startup_mkv42f16.c:1000:11:CMP3_IRQHandler	8	static
../source/startup/startup_mkv42f16.c:1004:11:Reserved109_IRQHandler	8	static
../source/startup/startup_mkv42f16.c:1008:11:CAN1_ORed_Message_buffer_IRQHandler	8	static
../source/startup/startup_mkv42f16.c:1012:11:CAN1_Bus_Off_IRQHandler	8	static
../source/startup/startup_mkv42f16.c:1016:11:CAN1_Error_IRQHandler	8	static
../source/startup/startup_mkv42f16.c:1020:11:CAN1_Tx_Warning_IRQHandler	8	static
../source/startup/startup_mkv42f16.c:1024:11:CAN1_Rx_Warning_IRQHandler	8	static
../source/startup/startup_mkv42f16.c:1028:11:CAN1_Wake_Up_IRQHandler	8	static
