../drivers/fsl_clock.h:605:20:CLOCK_EnableClock	24	static
../drivers/fsl_clock.h:616:20:CLOCK_DisableClock	24	static
../drivers/fsl_cadc.c:79:17:CADC_GetInstance	24	static
../drivers/fsl_cadc.c:108:6:CADC_Init	24	static
../drivers/fsl_cadc.c:177:6:CADC_GetDefaultConfig	16	static
../drivers/fsl_cadc.c:202:6:CADC_Deinit	16	static
../drivers/fsl_cadc.c:214:13:CADC_SetConverterAConfig	24	static
../drivers/fsl_cadc.c:248:13:CADC_SetConverterBConfig	24	static
../drivers/fsl_cadc.c:284:6:CADC_SetConverterConfig	24	static
../drivers/fsl_cadc.c:314:6:CADC_GetDefaultConverterConfig	16	static
../drivers/fsl_cadc.c:340:6:CADC_EnableConverter	16	static
../drivers/fsl_cadc.c:380:6:CADC_EnableConverterSyncInput	16	static
../drivers/fsl_cadc.c:419:6:CADC_EnableConverterPower	16	static
../drivers/fsl_cadc.c:456:6:CADC_DoSoftwareTriggerConverter	16	static
../drivers/fsl_cadc.c:477:6:CADC_EnableConverterDMA	16	static
../drivers/fsl_cadc.c:511:6:CADC_EnableInterrupts	24	static
../drivers/fsl_cadc.c:548:6:CADC_DisableInterrupts	24	static
../drivers/fsl_cadc.c:587:10:CADC_GetStatusFlags	24	static
../drivers/fsl_cadc.c:639:6:CADC_ClearStatusFlags	24	static
../drivers/fsl_cadc.c:676:6:CADC_SetSampleConfig	32	static
