../drivers/fsl_clock.h:627:20:CLOCK_SetEr32kClock	16	static
../drivers/fsl_clock.h:1021:20:OSC_SetExtRefClkConfig	24	static
../drivers/fsl_clock.h:1049:20:OSC_SetCapLoad	24	static
../drivers/fsl_clock.c:188:13:CLOCK_FllStableDelay	16	static
../drivers/fsl_clock.c:208:17:CLOCK_GetMcgExtClkFreq	8	static
../drivers/fsl_clock.c:215:17:CLOCK_GetFllExtRefClkFreq	16	static
../drivers/fsl_clock.c:262:17:CLOCK_GetInternalRefClkSelectFreq	16	static
../drivers/fsl_clock.c:280:17:CLOCK_GetFllRefClkFreq	16	static
../drivers/fsl_clock.c:298:17:CLOCK_GetPll0RefFreq	8	static
../drivers/fsl_clock.c:304:16:CLOCK_GetOscRangeFromFreq	24	static
../drivers/fsl_clock.c:329:10:CLOCK_GetOsc0ErClkUndivFreq	16	static
../drivers/fsl_clock.c:351:10:CLOCK_GetOsc0ErClkDivFreq	16	static
../drivers/fsl_clock.c:374:10:CLOCK_GetEr32kClkFreq	16	static
../drivers/fsl_clock.c:398:10:CLOCK_GetOsc0ErClkFreq	8	static
../drivers/fsl_clock.c:408:10:CLOCK_GetFastPeriphClkFreq	8	static
../drivers/fsl_clock.c:418:10:CLOCK_GetFlashClkFreq	8	static
../drivers/fsl_clock.c:428:10:CLOCK_GetBusClkFreq	8	static
../drivers/fsl_clock.c:438:10:CLOCK_GetCoreSysClkFreq	8	static
../drivers/fsl_clock.c:453:10:CLOCK_GetFreq	24	static
../drivers/fsl_clock.c:508:6:CLOCK_SetSimConfig	16	static
../drivers/fsl_clock.c:522:10:CLOCK_GetOutClkFreq	16	static
../drivers/fsl_clock.c:558:10:CLOCK_GetFllFreq	24	static
../drivers/fsl_clock.c:598:10:CLOCK_GetInternalRefClkFreq	16	static
../drivers/fsl_clock.c:623:10:CLOCK_GetFixedFreqClkFreq	16	static
../drivers/fsl_clock.c:649:10:CLOCK_GetPll0Freq	24	static
../drivers/fsl_clock.c:695:10:CLOCK_SetExternalRefClkConfig	16	static
../drivers/fsl_clock.c:719:10:CLOCK_SetInternalRefClkConfig	24	static
../drivers/fsl_clock.c:784:10:CLOCK_CalcPllDiv	48	static
../drivers/fsl_clock.c:897:6:CLOCK_EnablePll0	24	static
../drivers/fsl_clock.c:924:6:CLOCK_SetOsc0MonitorMode	16	static
../drivers/fsl_clock.c:954:6:CLOCK_SetPll0MonitorMode	24	static
../drivers/fsl_clock.c:1008:10:CLOCK_GetStatusFlags	16	static
../drivers/fsl_clock.c:1048:6:CLOCK_ClearStatusFlags	16	static
../drivers/fsl_clock.c:1067:6:CLOCK_InitOsc0	24	static
../drivers/fsl_clock.c:1090:6:CLOCK_DeinitOsc0	4	static
../drivers/fsl_clock.c:1101:6:CLOCK_SetSlowIrcFreq	16	static
../drivers/fsl_clock.c:1111:6:CLOCK_SetFastIrcFreq	16	static
../drivers/fsl_clock.c:1134:10:CLOCK_TrimInternalRefClk	40	static
../drivers/fsl_clock.c:1220:12:CLOCK_GetMode	32	static
../drivers/fsl_clock.c:1338:10:CLOCK_SetFeiMode	24	static
../drivers/fsl_clock.c:1414:10:CLOCK_SetFeeMode	24	static
../drivers/fsl_clock.c:1508:10:CLOCK_SetFbiMode	24	static
../drivers/fsl_clock.c:1588:10:CLOCK_SetFbeMode	24	static
../drivers/fsl_clock.c:1680:10:CLOCK_SetBlpiMode	4	static
../drivers/fsl_clock.c:1704:10:CLOCK_SetBlpeMode	4	static
../drivers/fsl_clock.c:1738:10:CLOCK_SetPbeMode	16	static
../drivers/fsl_clock.c:1791:10:CLOCK_SetPeeMode	4	static
../drivers/fsl_clock.c:1828:10:CLOCK_ExternalModeToFbeModeQuick	4	static
../drivers/fsl_clock.c:1870:10:CLOCK_InternalModeToFbiModeQuick	4	static
../drivers/fsl_clock.c:1905:10:CLOCK_BootToFeiMode	16	static
../drivers/fsl_clock.c:1925:10:CLOCK_BootToFeeMode	24	static
../drivers/fsl_clock.c:1946:10:CLOCK_BootToBlpiMode	16	static
../drivers/fsl_clock.c:1974:10:CLOCK_BootToBlpeMode	16	static
../drivers/fsl_clock.c:2018:10:CLOCK_BootToPeeMode	16	static
../drivers/fsl_clock.c:2078:10:CLOCK_SetMcgConfig	32	static
