C:\Users\NAIL\Documents\MCUXpressoIDE_11.6.0_8187\workspace\MKV42F16_Project_deneme_14_october\CMSIS/core_cm4.h:1679:22:__NVIC_EnableIRQ	16	static
C:\Users\NAIL\Documents\MCUXpressoIDE_11.6.0_8187\workspace\MKV42F16_Project_deneme_14_october\drivers/fsl_common.h:484:28:EnableIRQ	16	static
C:\Users\NAIL\Documents\MCUXpressoIDE_11.6.0_8187\workspace\MKV42F16_Project_deneme_14_october\drivers/fsl_cadc.h:388:20:CADC_EnableSample	16	static
C:\Users\NAIL\Documents\MCUXpressoIDE_11.6.0_8187\workspace\MKV42F16_Project_deneme_14_october\drivers/fsl_cadc.h:511:24:CADC_GetSampleResultValue	16	static
C:\Users\NAIL\Documents\MCUXpressoIDE_11.6.0_8187\workspace\MKV42F16_Project_deneme_14_october\drivers/fsl_ftm.h:671:20:FTM_StartTimer	24	static
C:\Users\NAIL\Documents\MCUXpressoIDE_11.6.0_8187\workspace\MKV42F16_Project_deneme_14_october\drivers/fsl_ftm.h:963:20:FTM_SetSoftwareTrigger	16	static
../source/MKV42F16_Project_deneme_14_october.c:119:6:FTM0_IRQHandler	8	static
../source/MKV42F16_Project_deneme_14_october.c:234:6:PID_Variables_Init	4	static
../source/MKV42F16_Project_deneme_14_october.c:254:6:PID_Output_Calculation	4	static
../source/MKV42F16_Project_deneme_14_october.c:281:6:delay	16	static
../source/MKV42F16_Project_deneme_14_october.c:300:5:main	8	static
../source/MKV42F16_Project_deneme_14_october.c:335:13:Motor_Drive	8	static
../source/MKV42F16_Project_deneme_14_october.c:407:13:OpenLoop_Motor_Drive	16	static
../source/MKV42F16_Project_deneme_14_october.c:482:13:PWM_Config	80	static
../source/MKV42F16_Project_deneme_14_october.c:543:13:CADC_Config	40	static
../source/MKV42F16_Project_deneme_14_october.c:647:13:CADC_Value_Read	8	static
../source/MKV42F16_Project_deneme_14_october.c:694:13:Hall_Config	40	static
../source/MKV42F16_Project_deneme_14_october.c:722:13:Rotor_Alignment	16	static
